Command line invocation:
    /Applications/Xcode.app/Contents/Developer/usr/bin/xcodebuild -scheme Stet -destination platform=macOS build

Resolve Package Graph


Resolved source packages:
  swift-huggingface: https://github.com/huggingface/swift-huggingface.git @ 0.9.0
  KeyboardShortcuts: https://github.com/sindresorhus/KeyboardShortcuts @ 2.4.0
  swift-collections: https://github.com/apple/swift-collections.git @ 1.4.1
  swift-crypto: https://github.com/apple/swift-crypto.git @ 4.3.0
  swift-clocks: https://github.com/pointfreeco/swift-clocks @ 1.0.6
  yyjson: https://github.com/ibireme/yyjson.git @ 0.12.0
  swift-http-types: https://github.com/apple/swift-http-types @ 1.5.1
  FluidAudio: https://github.com/FluidInference/FluidAudio.git @ main (0346057)
  Sparkle: https://github.com/sparkle-project/Sparkle.git @ 2.9.0
  swift-openapi-runtime: https://github.com/apple/swift-openapi-runtime @ 1.11.0
  Supabase: https://github.com/supabase-community/supabase-swift.git @ 2.41.1
  swift-concurrency-extras: https://github.com/pointfreeco/swift-concurrency-extras @ 1.3.2
  swift-asn1: https://github.com/apple/swift-asn1.git @ 1.6.0
  swift-system: https://github.com/apple/swift-system.git @ 1.6.4
  xctest-dynamic-overlay: https://github.com/pointfreeco/xctest-dynamic-overlay @ 1.9.0
  swift-transformers: https://github.com/huggingface/swift-transformers @ 1.2.0
  EventSource: https://github.com/mattt/EventSource.git @ 1.4.1
  swift-nio: https://github.com/apple/swift-nio.git @ 2.96.0
  swift-atomics: https://github.com/apple/swift-atomics.git @ 1.3.0
  Jinja: https://github.com/huggingface/swift-jinja.git @ 2.3.2
  OpenAI: https://github.com/MacPaw/OpenAI.git @ 0.4.7

--- xcodebuild: WARNING: Using the first of multiple matching destinations:
{ platform:macOS, arch:arm64, id:00006040-000251CA0220801C, name:My Mac }
{ platform:macOS, arch:x86_64, id:00006040-000251CA0220801C, name:My Mac }
ComputePackagePrebuildTargetDependencyGraph

Prepare packages

CreateBuildRequest

SendProjectDescription

CreateBuildOperation

ComputeTargetDependencyGraph
note: Building targets in dependency order
note: Target dependency graph (68 targets)
    Target 'Stet' in project 'Stet'
        ➜ Explicit dependency on target 'StetVisuals' in project 'Stet'
        ➜ Explicit dependency on target 'Supabase' in project 'Supabase'
        ➜ Explicit dependency on target 'FluidAudio' in project 'FluidAudio'
        ➜ Explicit dependency on target 'OpenAI' in project 'OpenAI'
        ➜ Explicit dependency on target 'Sparkle' in project 'Sparkle'
        ➜ Explicit dependency on target 'KeyboardShortcuts' in project 'KeyboardShortcuts'
    Target 'KeyboardShortcuts' in project 'KeyboardShortcuts'
        ➜ Explicit dependency on target 'KeyboardShortcuts' in project 'KeyboardShortcuts'
        ➜ Explicit dependency on target 'KeyboardShortcuts_KeyboardShortcuts' in project 'KeyboardShortcuts'
    Target 'KeyboardShortcuts' in project 'KeyboardShortcuts'
        ➜ Explicit dependency on target 'KeyboardShortcuts_KeyboardShortcuts' in project 'KeyboardShortcuts'
    Target 'KeyboardShortcuts_KeyboardShortcuts' in project 'KeyboardShortcuts' (no dependencies)
    Target 'Sparkle' in project 'Sparkle' (no dependencies)
    Target 'OpenAI' in project 'OpenAI'
        ➜ Explicit dependency on target 'OpenAI' in project 'OpenAI'
        ➜ Explicit dependency on target 'OpenAPIRuntime' in project 'swift-openapi-runtime'
    Target 'OpenAI' in project 'OpenAI'
        ➜ Explicit dependency on target 'OpenAPIRuntime' in project 'swift-openapi-runtime'
    Target 'OpenAPIRuntime' in project 'swift-openapi-runtime'
        ➜ Explicit dependency on target 'OpenAPIRuntime' in project 'swift-openapi-runtime'
        ➜ Explicit dependency on target 'HTTPTypes' in project 'swift-http-types'
    Target 'OpenAPIRuntime' in project 'swift-openapi-runtime'
        ➜ Explicit dependency on target 'HTTPTypes' in project 'swift-http-types'
    Target 'FluidAudio' in project 'FluidAudio'
        ➜ Explicit dependency on target 'FluidAudio' in project 'FluidAudio'
        ➜ Explicit dependency on target 'FastClusterWrapper' in project 'FluidAudio'
        ➜ Explicit dependency on target 'MachTaskSelfWrapper' in project 'FluidAudio'
        ➜ Explicit dependency on target 'Tokenizers' in project 'swift-transformers'
    Target 'FluidAudio' in project 'FluidAudio'
        ➜ Explicit dependency on target 'FastClusterWrapper' in project 'FluidAudio'
        ➜ Explicit dependency on target 'MachTaskSelfWrapper' in project 'FluidAudio'
        ➜ Explicit dependency on target 'Tokenizers' in project 'swift-transformers'
    Target 'Tokenizers' in project 'swift-transformers'
        ➜ Explicit dependency on target 'Tokenizers' in project 'swift-transformers'
        ➜ Explicit dependency on target 'Hub' in project 'swift-transformers'
        ➜ Explicit dependency on target 'Jinja' in project 'Jinja'
        ➜ Explicit dependency on target 'HuggingFace' in project 'swift-huggingface'
        ➜ Explicit dependency on target 'OrderedCollections' in project 'swift-collections'
        ➜ Explicit dependency on target 'Crypto' in project 'swift-crypto'
        ➜ Explicit dependency on target 'yyjson' in project 'yyjson'
    Target 'Tokenizers' in project 'swift-transformers'
        ➜ Explicit dependency on target 'Hub' in project 'swift-transformers'
        ➜ Explicit dependency on target 'Jinja' in project 'Jinja'
        ➜ Explicit dependency on target 'HuggingFace' in project 'swift-huggingface'
        ➜ Explicit dependency on target 'OrderedCollections' in project 'swift-collections'
        ➜ Explicit dependency on target 'Crypto' in project 'swift-crypto'
        ➜ Explicit dependency on target 'yyjson' in project 'yyjson'
    Target 'Hub' in project 'swift-transformers'
        ➜ Explicit dependency on target 'swift-transformers_Hub' in project 'swift-transformers'
        ➜ Explicit dependency on target 'Jinja' in project 'Jinja'
        ➜ Explicit dependency on target 'HuggingFace' in project 'swift-huggingface'
        ➜ Explicit dependency on target 'OrderedCollections' in project 'swift-collections'
        ➜ Explicit dependency on target 'Crypto' in project 'swift-crypto'
        ➜ Explicit dependency on target 'yyjson' in project 'yyjson'
    Target 'yyjson' in project 'yyjson'
        ➜ Explicit dependency on target 'yyjson' in project 'yyjson'
    Target 'yyjson' in project 'yyjson' (no dependencies)
    Target 'HuggingFace' in project 'swift-huggingface'
        ➜ Explicit dependency on target 'HuggingFace' in project 'swift-huggingface'
        ➜ Explicit dependency on target 'EventSource' in project 'EventSource'
        ➜ Explicit dependency on target 'Crypto' in project 'swift-crypto'
    Target 'HuggingFace' in project 'swift-huggingface'
        ➜ Explicit dependency on target 'EventSource' in project 'EventSource'
        ➜ Explicit dependency on target 'Crypto' in project 'swift-crypto'
    Target 'EventSource' in project 'EventSource'
        ➜ Explicit dependency on target 'EventSource' in project 'EventSource'
        ➜ Explicit dependency on target 'NIOCore' in project 'swift-nio'
    Target 'EventSource' in project 'EventSource'
        ➜ Explicit dependency on target 'NIOCore' in project 'swift-nio'
    Target 'NIOCore' in project 'swift-nio'
        ➜ Explicit dependency on target 'NIOCore' in project 'swift-nio'
        ➜ Explicit dependency on target 'CNIOAtomics' in project 'swift-nio'
        ➜ Explicit dependency on target 'NIOConcurrencyHelpers' in project 'swift-nio'
        ➜ Explicit dependency on target '_NIOBase64' in project 'swift-nio'
        ➜ Explicit dependency on target 'CNIOOpenBSD' in project 'swift-nio'
        ➜ Explicit dependency on target 'CNIODarwin' in project 'swift-nio'
        ➜ Explicit dependency on target 'CNIOLinux' in project 'swift-nio'
        ➜ Explicit dependency on target 'CNIOWindows' in project 'swift-nio'
        ➜ Explicit dependency on target 'CNIOWASI' in project 'swift-nio'
        ➜ Explicit dependency on target '_NIODataStructures' in project 'swift-nio'
        ➜ Explicit dependency on target 'DequeModule' in project 'swift-collections'
        ➜ Explicit dependency on target 'Atomics' in project 'swift-atomics'
    Target 'NIOCore' in project 'swift-nio'
        ➜ Explicit dependency on target 'CNIOAtomics' in project 'swift-nio'
        ➜ Explicit dependency on target 'NIOConcurrencyHelpers' in project 'swift-nio'
        ➜ Explicit dependency on target '_NIOBase64' in project 'swift-nio'
        ➜ Explicit dependency on target 'CNIOOpenBSD' in project 'swift-nio'
        ➜ Explicit dependency on target 'CNIODarwin' in project 'swift-nio'
        ➜ Explicit dependency on target 'CNIOLinux' in project 'swift-nio'
        ➜ Explicit dependency on target 'CNIOWindows' in project 'swift-nio'
        ➜ Explicit dependency on target 'CNIOWASI' in project 'swift-nio'
        ➜ Explicit dependency on target '_NIODataStructures' in project 'swift-nio'
        ➜ Explicit dependency on target 'DequeModule' in project 'swift-collections'
        ➜ Explicit dependency on target 'Atomics' in project 'swift-atomics'
    Target 'Atomics' in project 'swift-atomics'
        ➜ Explicit dependency on target 'Atomics' in project 'swift-atomics'
        ➜ Explicit dependency on target '_AtomicsShims' in project 'swift-atomics'
    Target 'Atomics' in project 'swift-atomics'
        ➜ Explicit dependency on target '_AtomicsShims' in project 'swift-atomics'
    Target '_AtomicsShims' in project 'swift-atomics' (no dependencies)
    Target 'DequeModule' in project 'swift-collections'
        ➜ Explicit dependency on target 'DequeModule' in project 'swift-collections'
        ➜ Explicit dependency on target 'InternalCollectionsUtilities' in project 'swift-collections'
        ➜ Explicit dependency on target 'ContainersPreview' in project 'swift-collections'
    Target 'DequeModule' in project 'swift-collections'
        ➜ Explicit dependency on target 'InternalCollectionsUtilities' in project 'swift-collections'
        ➜ Explicit dependency on target 'ContainersPreview' in project 'swift-collections'
    Target 'ContainersPreview' in project 'swift-collections'
        ➜ Explicit dependency on target 'InternalCollectionsUtilities' in project 'swift-collections'
    Target '_NIODataStructures' in project 'swift-nio' (no dependencies)
    Target 'CNIOWASI' in project 'swift-nio' (no dependencies)
    Target 'CNIOWindows' in project 'swift-nio' (no dependencies)
    Target 'CNIOLinux' in project 'swift-nio' (no dependencies)
    Target 'CNIODarwin' in project 'swift-nio' (no dependencies)
    Target 'CNIOOpenBSD' in project 'swift-nio' (no dependencies)
    Target '_NIOBase64' in project 'swift-nio' (no dependencies)
    Target 'NIOConcurrencyHelpers' in project 'swift-nio'
        ➜ Explicit dependency on target 'CNIOAtomics' in project 'swift-nio'
    Target 'CNIOAtomics' in project 'swift-nio' (no dependencies)
    Target 'Jinja' in project 'Jinja'
        ➜ Explicit dependency on target 'Jinja' in project 'Jinja'
        ➜ Explicit dependency on target 'OrderedCollections' in project 'swift-collections'
    Target 'Jinja' in project 'Jinja'
        ➜ Explicit dependency on target 'OrderedCollections' in project 'swift-collections'
    Target 'OrderedCollections' in project 'swift-collections'
        ➜ Explicit dependency on target 'OrderedCollections' in project 'swift-collections'
        ➜ Explicit dependency on target 'InternalCollectionsUtilities' in project 'swift-collections'
    Target 'OrderedCollections' in project 'swift-collections'
        ➜ Explicit dependency on target 'InternalCollectionsUtilities' in project 'swift-collections'
    Target 'InternalCollectionsUtilities' in project 'swift-collections' (no dependencies)
    Target 'swift-transformers_Hub' in project 'swift-transformers' (no dependencies)
    Target 'MachTaskSelfWrapper' in project 'FluidAudio' (no dependencies)
    Target 'FastClusterWrapper' in project 'FluidAudio' (no dependencies)
    Target 'Supabase' in project 'Supabase'
        ➜ Explicit dependency on target 'Supabase' in project 'Supabase'
        ➜ Explicit dependency on target 'Functions' in project 'Supabase'
        ➜ Explicit dependency on target 'PostgREST' in project 'Supabase'
        ➜ Explicit dependency on target 'Auth' in project 'Supabase'
        ➜ Explicit dependency on target 'Realtime' in project 'Supabase'
        ➜ Explicit dependency on target 'Storage' in project 'Supabase'
        ➜ Explicit dependency on target 'Helpers' in project 'Supabase'
        ➜ Explicit dependency on target 'ConcurrencyExtras' in project 'swift-concurrency-extras'
        ➜ Explicit dependency on target 'HTTPTypes' in project 'swift-http-types'
        ➜ Explicit dependency on target 'Clocks' in project 'swift-clocks'
        ➜ Explicit dependency on target 'XCTestDynamicOverlay' in project 'xctest-dynamic-overlay'
        ➜ Explicit dependency on target 'Crypto' in project 'swift-crypto'
        ➜ Explicit dependency on target 'IssueReporting' in project 'xctest-dynamic-overlay'
    Target 'Supabase' in project 'Supabase'
        ➜ Explicit dependency on target 'Helpers' in project 'Supabase'
        ➜ Explicit dependency on target 'Auth' in project 'Supabase'
        ➜ Explicit dependency on target 'Functions' in project 'Supabase'
        ➜ Explicit dependency on target 'PostgREST' in project 'Supabase'
        ➜ Explicit dependency on target 'Realtime' in project 'Supabase'
        ➜ Explicit dependency on target 'Storage' in project 'Supabase'
        ➜ Explicit dependency on target 'ConcurrencyExtras' in project 'swift-concurrency-extras'
        ➜ Explicit dependency on target 'HTTPTypes' in project 'swift-http-types'
        ➜ Explicit dependency on target 'Clocks' in project 'swift-clocks'
        ➜ Explicit dependency on target 'XCTestDynamicOverlay' in project 'xctest-dynamic-overlay'
        ➜ Explicit dependency on target 'Crypto' in project 'swift-crypto'
        ➜ Explicit dependency on target 'IssueReporting' in project 'xctest-dynamic-overlay'
    Target 'Storage' in project 'Supabase'
        ➜ Explicit dependency on target 'Helpers' in project 'Supabase'
        ➜ Explicit dependency on target 'ConcurrencyExtras' in project 'swift-concurrency-extras'
        ➜ Explicit dependency on target 'HTTPTypes' in project 'swift-http-types'
        ➜ Explicit dependency on target 'Clocks' in project 'swift-clocks'
        ➜ Explicit dependency on target 'XCTestDynamicOverlay' in project 'xctest-dynamic-overlay'
    Target 'Realtime' in project 'Supabase'
        ➜ Explicit dependency on target 'Helpers' in project 'Supabase'
        ➜ Explicit dependency on target 'ConcurrencyExtras' in project 'swift-concurrency-extras'
        ➜ Explicit dependency on target 'HTTPTypes' in project 'swift-http-types'
        ➜ Explicit dependency on target 'Clocks' in project 'swift-clocks'
        ➜ Explicit dependency on target 'XCTestDynamicOverlay' in project 'xctest-dynamic-overlay'
        ➜ Explicit dependency on target 'IssueReporting' in project 'xctest-dynamic-overlay'
    Target 'PostgREST' in project 'Supabase'
        ➜ Explicit dependency on target 'Helpers' in project 'Supabase'
        ➜ Explicit dependency on target 'ConcurrencyExtras' in project 'swift-concurrency-extras'
        ➜ Explicit dependency on target 'HTTPTypes' in project 'swift-http-types'
        ➜ Explicit dependency on target 'Clocks' in project 'swift-clocks'
        ➜ Explicit dependency on target 'XCTestDynamicOverlay' in project 'xctest-dynamic-overlay'
    Target 'Functions' in project 'Supabase'
        ➜ Explicit dependency on target 'Helpers' in project 'Supabase'
        ➜ Explicit dependency on target 'ConcurrencyExtras' in project 'swift-concurrency-extras'
        ➜ Explicit dependency on target 'HTTPTypes' in project 'swift-http-types'
        ➜ Explicit dependency on target 'Clocks' in project 'swift-clocks'
        ➜ Explicit dependency on target 'XCTestDynamicOverlay' in project 'xctest-dynamic-overlay'
    Target 'Auth' in project 'Supabase'
        ➜ Explicit dependency on target 'Helpers' in project 'Supabase'
        ➜ Explicit dependency on target 'ConcurrencyExtras' in project 'swift-concurrency-extras'
        ➜ Explicit dependency on target 'HTTPTypes' in project 'swift-http-types'
        ➜ Explicit dependency on target 'Clocks' in project 'swift-clocks'
        ➜ Explicit dependency on target 'XCTestDynamicOverlay' in project 'xctest-dynamic-overlay'
        ➜ Explicit dependency on target 'Crypto' in project 'swift-crypto'
    Target 'Crypto' in project 'swift-crypto'
        ➜ Explicit dependency on target 'Crypto' in project 'swift-crypto'
        ➜ Explicit dependency on target 'swift-crypto_Crypto' in project 'swift-crypto'
    Target 'Crypto' in project 'swift-crypto'
        ➜ Explicit dependency on target 'swift-crypto_Crypto' in project 'swift-crypto'
    Target 'swift-crypto_Crypto' in project 'swift-crypto' (no dependencies)
    Target 'Helpers' in project 'Supabase'
        ➜ Explicit dependency on target 'ConcurrencyExtras' in project 'swift-concurrency-extras'
        ➜ Explicit dependency on target 'HTTPTypes' in project 'swift-http-types'
        ➜ Explicit dependency on target 'Clocks' in project 'swift-clocks'
        ➜ Explicit dependency on target 'XCTestDynamicOverlay' in project 'xctest-dynamic-overlay'
    Target 'XCTestDynamicOverlay' in project 'xctest-dynamic-overlay'
        ➜ Explicit dependency on target 'XCTestDynamicOverlay' in project 'xctest-dynamic-overlay'
        ➜ Explicit dependency on target 'IssueReportingPackageSupport' in project 'xctest-dynamic-overlay'
        ➜ Explicit dependency on target 'IssueReporting' in project 'xctest-dynamic-overlay'
    Target 'XCTestDynamicOverlay' in project 'xctest-dynamic-overlay'
        ➜ Explicit dependency on target 'IssueReportingPackageSupport' in project 'xctest-dynamic-overlay'
        ➜ Explicit dependency on target 'IssueReporting' in project 'xctest-dynamic-overlay'
    Target 'Clocks' in project 'swift-clocks'
        ➜ Explicit dependency on target 'Clocks' in project 'swift-clocks'
        ➜ Explicit dependency on target 'ConcurrencyExtras' in project 'swift-concurrency-extras'
        ➜ Explicit dependency on target 'IssueReporting' in project 'xctest-dynamic-overlay'
    Target 'Clocks' in project 'swift-clocks'
        ➜ Explicit dependency on target 'ConcurrencyExtras' in project 'swift-concurrency-extras'
        ➜ Explicit dependency on target 'IssueReporting' in project 'xctest-dynamic-overlay'
    Target 'IssueReporting' in project 'xctest-dynamic-overlay'
        ➜ Explicit dependency on target 'IssueReporting' in project 'xctest-dynamic-overlay'
        ➜ Explicit dependency on target 'IssueReportingPackageSupport' in project 'xctest-dynamic-overlay'
    Target 'IssueReporting' in project 'xctest-dynamic-overlay'
        ➜ Explicit dependency on target 'IssueReportingPackageSupport' in project 'xctest-dynamic-overlay'
    Target 'IssueReportingPackageSupport' in project 'xctest-dynamic-overlay' (no dependencies)
    Target 'HTTPTypes' in project 'swift-http-types'
        ➜ Explicit dependency on target 'HTTPTypes' in project 'swift-http-types'
    Target 'HTTPTypes' in project 'swift-http-types' (no dependencies)
    Target 'ConcurrencyExtras' in project 'swift-concurrency-extras'
        ➜ Explicit dependency on target 'ConcurrencyExtras' in project 'swift-concurrency-extras'
    Target 'ConcurrencyExtras' in project 'swift-concurrency-extras' (no dependencies)
    Target 'StetVisuals' in project 'Stet' (no dependencies)

GatherProvisioningInputs

CreateBuildDescription

ExecuteExternalTool /Applications/Xcode.app/Contents/Developer/Toolchains/XcodeDefault.xctoolchain/usr/bin/swiftc --version

ExecuteExternalTool /Applications/Xcode.app/Contents/Developer/Toolchains/XcodeDefault.xctoolchain/usr/bin/clang -v -E -dM -arch arm64 -isysroot /Applications/Xcode.app/Contents/Developer/Platforms/MacOSX.platform/Developer/SDKs/MacOSX26.4.sdk -x c++ -c /dev/null

ExecuteExternalTool /Applications/Xcode.app/Contents/Developer/Toolchains/XcodeDefault.xctoolchain/usr/bin/clang -v -E -dM -arch arm64 -isysroot /Applications/Xcode.app/Contents/Developer/Platforms/MacOSX.platform/Developer/SDKs/MacOSX26.4.sdk -x c -c /dev/null

ExecuteExternalTool /Applications/Xcode.app/Contents/Developer/Toolchains/XcodeDefault.xctoolchain/usr/bin/clang -v -E -dM -isysroot /Applications/Xcode.app/Contents/Developer/Platforms/MacOSX.platform/Developer/SDKs/MacOSX26.4.sdk -x c -c /dev/null

ExecuteExternalTool /Applications/Xcode.app/Contents/Developer/usr/bin/actool --version --output-format xml1

ExecuteExternalTool /Applications/Xcode.app/Contents/Developer/Toolchains/XcodeDefault.xctoolchain/usr/bin/ld -version_details

ReadFileContents /Applications/Xcode.app/Contents/Developer/Toolchains/XcodeDefault.xctoolchain/usr/share/docc/features.json

Build description signature: 011840f09942b63925f5c6fd5c7b17f9
Build description path: /Users/nd/Library/Developer/Xcode/DerivedData/Stet-fbqwqmzpvnstjwernsgqykzlzypg/Build/Intermediates.noindex/XCBuildData/011840f09942b63925f5c6fd5c7b17f9.xcbuilddata
ClangStatCache /Applications/Xcode.app/Contents/Developer/Toolchains/XcodeDefault.xctoolchain/usr/bin/clang-stat-cache /Applications/Xcode.app/Contents/Developer/Platforms/MacOSX.platform/Developer/SDKs/MacOSX26.4.sdk /Users/nd/Library/Developer/Xcode/DerivedData/SDKStatCaches.noindex/macosx26.4-25E251-688ef53f1462e2c8f657fdc38a81448f30f9ca8789b706f8bd3fc906a70d770f.sdkstatcache
    cd /Users/nd/Developer/stet-project/Stet/Stet.xcodeproj
    /Applications/Xcode.app/Contents/Developer/Toolchains/XcodeDefault.xctoolchain/usr/bin/clang-stat-cache /Applications/Xcode.app/Contents/Developer/Platforms/MacOSX.platform/Developer/SDKs/MacOSX26.4.sdk -o /Users/nd/Library/Developer/Xcode/DerivedData/SDKStatCaches.noindex/macosx26.4-25E251-688ef53f1462e2c8f657fdc38a81448f30f9ca8789b706f8bd3fc906a70d770f.sdkstatcache

ProcessInfoPlistFile /Users/nd/Library/Developer/Xcode/DerivedData/Stet-fbqwqmzpvnstjwernsgqykzlzypg/Build/Products/Debug/swift-transformers_Hub.bundle/Contents/Info.plist /Users/nd/Library/Developer/Xcode/DerivedData/Stet-fbqwqmzpvnstjwernsgqykzlzypg/Build/Intermediates.noindex/swift-transformers.build/Debug/swift-transformers_Hub.build/empty-swift-transformers_Hub.plist (in target 'swift-transformers_Hub' from project 'swift-transformers')
    cd /Users/nd/Library/Developer/Xcode/DerivedData/Stet-fbqwqmzpvnstjwernsgqykzlzypg/SourcePackages/checkouts/swift-transformers
    builtin-infoPlistUtility /Users/nd/Library/Developer/Xcode/DerivedData/Stet-fbqwqmzpvnstjwernsgqykzlzypg/Build/Intermediates.noindex/swift-transformers.build/Debug/swift-transformers_Hub.build/empty-swift-transformers_Hub.plist -producttype com.apple.product-type.bundle -expandbuildsettings -platform macosx -o /Users/nd/Library/Developer/Xcode/DerivedData/Stet-fbqwqmzpvnstjwernsgqykzlzypg/Build/Products/Debug/swift-transformers_Hub.bundle/Contents/Info.plist

ProcessInfoPlistFile /Users/nd/Library/Developer/Xcode/DerivedData/Stet-fbqwqmzpvnstjwernsgqykzlzypg/Build/Products/Debug/StetVisuals.framework/Versions/A/Resources/Info.plist /Users/nd/Library/Developer/Xcode/DerivedData/Stet-fbqwqmzpvnstjwernsgqykzlzypg/Build/Intermediates.noindex/Stet.build/Debug/StetVisuals.build/empty-StetVisuals.plist (in target 'StetVisuals' from project 'Stet')
    cd /Users/nd/Developer/stet-project/Stet
    builtin-infoPlistUtility /Users/nd/Library/Developer/Xcode/DerivedData/Stet-fbqwqmzpvnstjwernsgqykzlzypg/Build/Intermediates.noindex/Stet.build/Debug/StetVisuals.build/empty-StetVisuals.plist -producttype com.apple.product-type.framework -expandbuildsettings -platform macosx -o /Users/nd/Library/Developer/Xcode/DerivedData/Stet-fbqwqmzpvnstjwernsgqykzlzypg/Build/Products/Debug/StetVisuals.framework/Versions/A/Resources/Info.plist

Ld /Users/nd/Library/Developer/Xcode/DerivedData/Stet-fbqwqmzpvnstjwernsgqykzlzypg/Build/Products/Debug/IssueReportingPackageSupport.o normal (in target 'IssueReportingPackageSupport' from project 'xctest-dynamic-overlay')
    cd /Users/nd/Library/Developer/Xcode/DerivedData/Stet-fbqwqmzpvnstjwernsgqykzlzypg/SourcePackages/checkouts/xctest-dynamic-overlay
    /Applications/Xcode.app/Contents/Developer/Toolchains/XcodeDefault.xctoolchain/usr/bin/clang -Xlinker -reproducible -target arm64-apple-macos10.15 -r -isysroot /Applications/Xcode.app/Contents/Developer/Platforms/MacOSX.platform/Developer/SDKs/MacOSX26.4.sdk -O0 -w -F/Users/nd/Library/Developer/Xcode/DerivedData/Stet-fbqwqmzpvnstjwernsgqykzlzypg/Build/Intermediates.noindex/EagerLinkingTBDs/Debug -F/Users/nd/Library/Developer/Xcode/DerivedData/Stet-fbqwqmzpvnstjwernsgqykzlzypg/Build/Products/Debug -iframework /Applications/Xcode.app/Contents/Developer/Platforms/MacOSX.platform/Developer/Library/Frameworks -filelist /Users/nd/Library/Developer/Xcode/DerivedData/Stet-fbqwqmzpvnstjwernsgqykzlzypg/Build/Intermediates.noindex/xctest-dynamic-overlay.build/Debug/IssueReportingPackageSupport.build/Objects-normal/arm64/IssueReportingPackageSupport.LinkFileList -nostdlib -Xlinker -object_path_lto -Xlinker /Users/nd/Library/Developer/Xcode/DerivedData/Stet-fbqwqmzpvnstjwernsgqykzlzypg/Build/Intermediates.noindex/xctest-dynamic-overlay.build/Debug/IssueReportingPackageSupport.build/Objects-normal/arm64/IssueReportingPackageSupport_lto.o -Xlinker -no_deduplicate -Xlinker -debug_variant -Xlinker -dependency_info -Xlinker /Users/nd/Library/Developer/Xcode/DerivedData/Stet-fbqwqmzpvnstjwernsgqykzlzypg/Build/Intermediates.noindex/xctest-dynamic-overlay.build/Debug/IssueReportingPackageSupport.build/Objects-normal/arm64/IssueReportingPackageSupport_dependency_info.dat -fobjc-link-runtime -L/Applications/Xcode.app/Contents/Developer/Toolchains/XcodeDefault.xctoolchain/usr/lib/swift/macosx -L/usr/lib/swift -Xlinker -add_ast_path -Xlinker /Users/nd/Library/Developer/Xcode/DerivedData/Stet-fbqwqmzpvnstjwernsgqykzlzypg/Build/Intermediates.noindex/xctest-dynamic-overlay.build/Debug/IssueReportingPackageSupport.build/Objects-normal/arm64/IssueReportingPackageSupport.swiftmodule @/Users/nd/Library/Developer/Xcode/DerivedData/Stet-fbqwqmzpvnstjwernsgqykzlzypg/Build/Intermediates.noindex/xctest-dynamic-overlay.build/Debug/IssueReportingPackageSupport.build/Objects-normal/arm64/IssueReportingPackageSupport-linker-args.resp -o /Users/nd/Library/Developer/Xcode/DerivedData/Stet-fbqwqmzpvnstjwernsgqykzlzypg/Build/Products/Debug/IssueReportingPackageSupport.o

ProcessInfoPlistFile /Users/nd/Library/Developer/Xcode/DerivedData/Stet-fbqwqmzpvnstjwernsgqykzlzypg/Build/Products/Debug/swift-crypto_Crypto.bundle/Contents/Info.plist /Users/nd/Library/Developer/Xcode/DerivedData/Stet-fbqwqmzpvnstjwernsgqykzlzypg/Build/Intermediates.noindex/swift-crypto.build/Debug/swift-crypto_Crypto.build/empty-swift-crypto_Crypto.plist (in target 'swift-crypto_Crypto' from project 'swift-crypto')
    cd /Users/nd/Library/Developer/Xcode/DerivedData/Stet-fbqwqmzpvnstjwernsgqykzlzypg/SourcePackages/checkouts/swift-crypto
    builtin-infoPlistUtility /Users/nd/Library/Developer/Xcode/DerivedData/Stet-fbqwqmzpvnstjwernsgqykzlzypg/Build/Intermediates.noindex/swift-crypto.build/Debug/swift-crypto_Crypto.build/empty-swift-crypto_Crypto.plist -producttype com.apple.product-type.bundle -expandbuildsettings -platform macosx -o /Users/nd/Library/Developer/Xcode/DerivedData/Stet-fbqwqmzpvnstjwernsgqykzlzypg/Build/Products/Debug/swift-crypto_Crypto.bundle/Contents/Info.plist

ProcessInfoPlistFile /Users/nd/Library/Developer/Xcode/DerivedData/Stet-fbqwqmzpvnstjwernsgqykzlzypg/Build/Products/Debug/KeyboardShortcuts_KeyboardShortcuts.bundle/Contents/Info.plist /Users/nd/Library/Developer/Xcode/DerivedData/Stet-fbqwqmzpvnstjwernsgqykzlzypg/Build/Intermediates.noindex/KeyboardShortcuts.build/Debug/KeyboardShortcuts_KeyboardShortcuts.build/empty-KeyboardShortcuts_KeyboardShortcuts.plist (in target 'KeyboardShortcuts_KeyboardShortcuts' from project 'KeyboardShortcuts')
    cd /Users/nd/Library/Developer/Xcode/DerivedData/Stet-fbqwqmzpvnstjwernsgqykzlzypg/SourcePackages/checkouts/KeyboardShortcuts
    builtin-infoPlistUtility /Users/nd/Library/Developer/Xcode/DerivedData/Stet-fbqwqmzpvnstjwernsgqykzlzypg/Build/Intermediates.noindex/KeyboardShortcuts.build/Debug/KeyboardShortcuts_KeyboardShortcuts.build/empty-KeyboardShortcuts_KeyboardShortcuts.plist -producttype com.apple.product-type.bundle -expandbuildsettings -platform macosx -o /Users/nd/Library/Developer/Xcode/DerivedData/Stet-fbqwqmzpvnstjwernsgqykzlzypg/Build/Products/Debug/KeyboardShortcuts_KeyboardShortcuts.bundle/Contents/Info.plist

Ld /Users/nd/Library/Developer/Xcode/DerivedData/Stet-fbqwqmzpvnstjwernsgqykzlzypg/Build/Products/Debug/InternalCollectionsUtilities.o normal (in target 'InternalCollectionsUtilities' from project 'swift-collections')
    cd /Users/nd/Library/Developer/Xcode/DerivedData/Stet-fbqwqmzpvnstjwernsgqykzlzypg/SourcePackages/checkouts/swift-collections
    /Applications/Xcode.app/Contents/Developer/Toolchains/XcodeDefault.xctoolchain/usr/bin/clang -Xlinker -reproducible -target arm64-apple-macos10.13 -r -isysroot /Applications/Xcode.app/Contents/Developer/Platforms/MacOSX.platform/Developer/SDKs/MacOSX26.4.sdk -O0 -w -F/Users/nd/Library/Developer/Xcode/DerivedData/Stet-fbqwqmzpvnstjwernsgqykzlzypg/Build/Intermediates.noindex/EagerLinkingTBDs/Debug -F/Users/nd/Library/Developer/Xcode/DerivedData/Stet-fbqwqmzpvnstjwernsgqykzlzypg/Build/Products/Debug -iframework /Applications/Xcode.app/Contents/Developer/Platforms/MacOSX.platform/Developer/Library/Frameworks -filelist /Users/nd/Library/Developer/Xcode/DerivedData/Stet-fbqwqmzpvnstjwernsgqykzlzypg/Build/Intermediates.noindex/swift-collections.build/Debug/InternalCollectionsUtilities.build/Objects-normal/arm64/InternalCollectionsUtilities.LinkFileList -nostdlib -Xlinker -object_path_lto -Xlinker /Users/nd/Library/Developer/Xcode/DerivedData/Stet-fbqwqmzpvnstjwernsgqykzlzypg/Build/Intermediates.noindex/swift-collections.build/Debug/InternalCollectionsUtilities.build/Objects-normal/arm64/InternalCollectionsUtilities_lto.o -Xlinker -no_deduplicate -Xlinker -debug_variant -Xlinker -dependency_info -Xlinker /Users/nd/Library/Developer/Xcode/DerivedData/Stet-fbqwqmzpvnstjwernsgqykzlzypg/Build/Intermediates.noindex/swift-collections.build/Debug/InternalCollectionsUtilities.build/Objects-normal/arm64/InternalCollectionsUtilities_dependency_info.dat -fobjc-link-runtime -L/Applications/Xcode.app/Contents/Developer/Toolchains/XcodeDefault.xctoolchain/usr/lib/swift/macosx -L/usr/lib/swift -Xlinker -add_ast_path -Xlinker /Users/nd/Library/Developer/Xcode/DerivedData/Stet-fbqwqmzpvnstjwernsgqykzlzypg/Build/Intermediates.noindex/swift-collections.build/Debug/InternalCollectionsUtilities.build/Objects-normal/arm64/InternalCollectionsUtilities.swiftmodule @/Users/nd/Library/Developer/Xcode/DerivedData/Stet-fbqwqmzpvnstjwernsgqykzlzypg/Build/Intermediates.noindex/swift-collections.build/Debug/InternalCollectionsUtilities.build/Objects-normal/arm64/InternalCollectionsUtilities-linker-args.resp -o /Users/nd/Library/Developer/Xcode/DerivedData/Stet-fbqwqmzpvnstjwernsgqykzlzypg/Build/Products/Debug/InternalCollectionsUtilities.o

Ld /Users/nd/Library/Developer/Xcode/DerivedData/Stet-fbqwqmzpvnstjwernsgqykzlzypg/Build/Products/Debug/StetVisuals.framework/Versions/A/StetVisuals normal (in target 'StetVisuals' from project 'Stet')
    cd /Users/nd/Developer/stet-project/Stet
    /Applications/Xcode.app/Contents/Developer/Toolchains/XcodeDefault.xctoolchain/usr/bin/clang -Xlinker -reproducible -target arm64-apple-macos26.0 -dynamiclib -isysroot /Applications/Xcode.app/Contents/Developer/Platforms/MacOSX.platform/Developer/SDKs/MacOSX26.4.sdk -O0 -L/Users/nd/Library/Developer/Xcode/DerivedData/Stet-fbqwqmzpvnstjwernsgqykzlzypg/Build/Intermediates.noindex/EagerLinkingTBDs/Debug -L/Users/nd/Library/Developer/Xcode/DerivedData/Stet-fbqwqmzpvnstjwernsgqykzlzypg/Build/Products/Debug -F/Users/nd/Library/Developer/Xcode/DerivedData/Stet-fbqwqmzpvnstjwernsgqykzlzypg/Build/Intermediates.noindex/EagerLinkingTBDs/Debug -F/Users/nd/Library/Developer/Xcode/DerivedData/Stet-fbqwqmzpvnstjwernsgqykzlzypg/Build/Products/Debug -filelist /Users/nd/Library/Developer/Xcode/DerivedData/Stet-fbqwqmzpvnstjwernsgqykzlzypg/Build/Intermediates.noindex/Stet.build/Debug/StetVisuals.build/Objects-normal/arm64/StetVisuals.LinkFileList -install_name @rpath/StetVisuals.framework/Versions/A/StetVisuals -Xlinker -rpath -Xlinker @executable_path/../Frameworks -Xlinker -rpath -Xlinker @loader_path/../Frameworks -Xlinker -dead_strip -Xlinker -object_path_lto -Xlinker /Users/nd/Library/Developer/Xcode/DerivedData/Stet-fbqwqmzpvnstjwernsgqykzlzypg/Build/Intermediates.noindex/Stet.build/Debug/StetVisuals.build/Objects-normal/arm64/StetVisuals_lto.o -rdynamic -Xlinker -no_deduplicate -Xlinker -debug_variant -Xlinker -dependency_info -Xlinker /Users/nd/Library/Developer/Xcode/DerivedData/Stet-fbqwqmzpvnstjwernsgqykzlzypg/Build/Intermediates.noindex/Stet.build/Debug/StetVisuals.build/Objects-normal/arm64/StetVisuals_dependency_info.dat -fobjc-link-runtime -fprofile-instr-generate -L/Applications/Xcode.app/Contents/Developer/Toolchains/XcodeDefault.xctoolchain/usr/lib/swift/macosx -L/usr/lib/swift -Xlinker -add_ast_path -Xlinker /Users/nd/Library/Developer/Xcode/DerivedData/Stet-fbqwqmzpvnstjwernsgqykzlzypg/Build/Intermediates.noindex/Stet.build/Debug/StetVisuals.build/Objects-normal/arm64/StetVisuals.swiftmodule @/Users/nd/Library/Developer/Xcode/DerivedData/Stet-fbqwqmzpvnstjwernsgqykzlzypg/Build/Intermediates.noindex/Stet.build/Debug/StetVisuals.build/Objects-normal/arm64/StetVisuals-linker-args.resp -compatibility_version 1 -current_version 1 -o /Users/nd/Library/Developer/Xcode/DerivedData/Stet-fbqwqmzpvnstjwernsgqykzlzypg/Build/Products/Debug/StetVisuals.framework/Versions/A/StetVisuals

Ld /Users/nd/Library/Developer/Xcode/DerivedData/Stet-fbqwqmzpvnstjwernsgqykzlzypg/Build/Products/Debug/HTTPTypes.o normal (in target 'HTTPTypes' from project 'swift-http-types')
    cd /Users/nd/Library/Developer/Xcode/DerivedData/Stet-fbqwqmzpvnstjwernsgqykzlzypg/SourcePackages/checkouts/swift-http-types
    /Applications/Xcode.app/Contents/Developer/Toolchains/XcodeDefault.xctoolchain/usr/bin/clang -Xlinker -reproducible -target arm64-apple-macos10.13 -r -isysroot /Applications/Xcode.app/Contents/Developer/Platforms/MacOSX.platform/Developer/SDKs/MacOSX26.4.sdk -O0 -w -F/Users/nd/Library/Developer/Xcode/DerivedData/Stet-fbqwqmzpvnstjwernsgqykzlzypg/Build/Intermediates.noindex/EagerLinkingTBDs/Debug -F/Users/nd/Library/Developer/Xcode/DerivedData/Stet-fbqwqmzpvnstjwernsgqykzlzypg/Build/Products/Debug -iframework /Applications/Xcode.app/Contents/Developer/Platforms/MacOSX.platform/Developer/Library/Frameworks -filelist /Users/nd/Library/Developer/Xcode/DerivedData/Stet-fbqwqmzpvnstjwernsgqykzlzypg/Build/Intermediates.noindex/swift-http-types.build/Debug/HTTPTypes.build/Objects-normal/arm64/HTTPTypes.LinkFileList -nostdlib -Xlinker -object_path_lto -Xlinker /Users/nd/Library/Developer/Xcode/DerivedData/Stet-fbqwqmzpvnstjwernsgqykzlzypg/Build/Intermediates.noindex/swift-http-types.build/Debug/HTTPTypes.build/Objects-normal/arm64/HTTPTypes_lto.o -Xlinker -no_deduplicate -Xlinker -debug_variant -Xlinker -dependency_info -Xlinker /Users/nd/Library/Developer/Xcode/DerivedData/Stet-fbqwqmzpvnstjwernsgqykzlzypg/Build/Intermediates.noindex/swift-http-types.build/Debug/HTTPTypes.build/Objects-normal/arm64/HTTPTypes_dependency_info.dat -fobjc-link-runtime -L/Applications/Xcode.app/Contents/Developer/Toolchains/XcodeDefault.xctoolchain/usr/lib/swift/macosx -L/usr/lib/swift -Xlinker -add_ast_path -Xlinker /Users/nd/Library/Developer/Xcode/DerivedData/Stet-fbqwqmzpvnstjwernsgqykzlzypg/Build/Intermediates.noindex/swift-http-types.build/Debug/HTTPTypes.build/Objects-normal/arm64/HTTPTypes.swiftmodule @/Users/nd/Library/Developer/Xcode/DerivedData/Stet-fbqwqmzpvnstjwernsgqykzlzypg/Build/Intermediates.noindex/swift-http-types.build/Debug/HTTPTypes.build/Objects-normal/arm64/HTTPTypes-linker-args.resp -o /Users/nd/Library/Developer/Xcode/DerivedData/Stet-fbqwqmzpvnstjwernsgqykzlzypg/Build/Products/Debug/HTTPTypes.o

Ld /Users/nd/Library/Developer/Xcode/DerivedData/Stet-fbqwqmzpvnstjwernsgqykzlzypg/Build/Products/Debug/ConcurrencyExtras.o normal (in target 'ConcurrencyExtras' from project 'swift-concurrency-extras')
    cd /Users/nd/Library/Developer/Xcode/DerivedData/Stet-fbqwqmzpvnstjwernsgqykzlzypg/SourcePackages/checkouts/swift-concurrency-extras
    /Applications/Xcode.app/Contents/Developer/Toolchains/XcodeDefault.xctoolchain/usr/bin/clang -Xlinker -reproducible -target arm64-apple-macos10.15 -r -isysroot /Applications/Xcode.app/Contents/Developer/Platforms/MacOSX.platform/Developer/SDKs/MacOSX26.4.sdk -O0 -w -F/Users/nd/Library/Developer/Xcode/DerivedData/Stet-fbqwqmzpvnstjwernsgqykzlzypg/Build/Intermediates.noindex/EagerLinkingTBDs/Debug -F/Users/nd/Library/Developer/Xcode/DerivedData/Stet-fbqwqmzpvnstjwernsgqykzlzypg/Build/Products/Debug -iframework /Applications/Xcode.app/Contents/Developer/Platforms/MacOSX.platform/Developer/Library/Frameworks -filelist /Users/nd/Library/Developer/Xcode/DerivedData/Stet-fbqwqmzpvnstjwernsgqykzlzypg/Build/Intermediates.noindex/swift-concurrency-extras.build/Debug/ConcurrencyExtras.build/Objects-normal/arm64/ConcurrencyExtras.LinkFileList -nostdlib -Xlinker -object_path_lto -Xlinker /Users/nd/Library/Developer/Xcode/DerivedData/Stet-fbqwqmzpvnstjwernsgqykzlzypg/Build/Intermediates.noindex/swift-concurrency-extras.build/Debug/ConcurrencyExtras.build/Objects-normal/arm64/ConcurrencyExtras_lto.o -Xlinker -no_deduplicate -Xlinker -debug_variant -Xlinker -dependency_info -Xlinker /Users/nd/Library/Developer/Xcode/DerivedData/Stet-fbqwqmzpvnstjwernsgqykzlzypg/Build/Intermediates.noindex/swift-concurrency-extras.build/Debug/ConcurrencyExtras.build/Objects-normal/arm64/ConcurrencyExtras_dependency_info.dat -fobjc-link-runtime -L/Applications/Xcode.app/Contents/Developer/Toolchains/XcodeDefault.xctoolchain/usr/lib/swift/macosx -L/usr/lib/swift -Xlinker -add_ast_path -Xlinker /Users/nd/Library/Developer/Xcode/DerivedData/Stet-fbqwqmzpvnstjwernsgqykzlzypg/Build/Intermediates.noindex/swift-concurrency-extras.build/Debug/ConcurrencyExtras.build/Objects-normal/arm64/ConcurrencyExtras.swiftmodule @/Users/nd/Library/Developer/Xcode/DerivedData/Stet-fbqwqmzpvnstjwernsgqykzlzypg/Build/Intermediates.noindex/swift-concurrency-extras.build/Debug/ConcurrencyExtras.build/Objects-normal/arm64/ConcurrencyExtras-linker-args.resp -o /Users/nd/Library/Developer/Xcode/DerivedData/Stet-fbqwqmzpvnstjwernsgqykzlzypg/Build/Products/Debug/ConcurrencyExtras.o

Ld /Users/nd/Library/Developer/Xcode/DerivedData/Stet-fbqwqmzpvnstjwernsgqykzlzypg/Build/Products/Debug/FastClusterWrapper.o normal (in target 'FastClusterWrapper' from project 'FluidAudio')
    cd /Users/nd/Library/Developer/Xcode/DerivedData/Stet-fbqwqmzpvnstjwernsgqykzlzypg/SourcePackages/checkouts/FluidAudio
    /Applications/Xcode.app/Contents/Developer/Toolchains/XcodeDefault.xctoolchain/usr/bin/clang++ -Xlinker -reproducible -target arm64-apple-macos14.0 -r -isysroot /Applications/Xcode.app/Contents/Developer/Platforms/MacOSX.platform/Developer/SDKs/MacOSX26.4.sdk -O0 -w -F/Users/nd/Library/Developer/Xcode/DerivedData/Stet-fbqwqmzpvnstjwernsgqykzlzypg/Build/Intermediates.noindex/EagerLinkingTBDs/Debug -F/Users/nd/Library/Developer/Xcode/DerivedData/Stet-fbqwqmzpvnstjwernsgqykzlzypg/Build/Products/Debug -iframework /Applications/Xcode.app/Contents/Developer/Platforms/MacOSX.platform/Developer/Library/Frameworks -filelist /Users/nd/Library/Developer/Xcode/DerivedData/Stet-fbqwqmzpvnstjwernsgqykzlzypg/Build/Intermediates.noindex/FluidAudio.build/Debug/FastClusterWrapper.build/Objects-normal/arm64/FastClusterWrapper.LinkFileList -nostdlib -Xlinker -object_path_lto -Xlinker /Users/nd/Library/Developer/Xcode/DerivedData/Stet-fbqwqmzpvnstjwernsgqykzlzypg/Build/Intermediates.noindex/FluidAudio.build/Debug/FastClusterWrapper.build/Objects-normal/arm64/FastClusterWrapper_lto.o -Xlinker -no_deduplicate -Xlinker -debug_variant -Xlinker -dependency_info -Xlinker /Users/nd/Library/Developer/Xcode/DerivedData/Stet-fbqwqmzpvnstjwernsgqykzlzypg/Build/Intermediates.noindex/FluidAudio.build/Debug/FastClusterWrapper.build/Objects-normal/arm64/FastClusterWrapper_dependency_info.dat -o /Users/nd/Library/Developer/Xcode/DerivedData/Stet-fbqwqmzpvnstjwernsgqykzlzypg/Build/Products/Debug/FastClusterWrapper.o

Ld /Users/nd/Library/Developer/Xcode/DerivedData/Stet-fbqwqmzpvnstjwernsgqykzlzypg/Build/Products/Debug/_NIODataStructures.o normal (in target '_NIODataStructures' from project 'swift-nio')
    cd /Users/nd/Library/Developer/Xcode/DerivedData/Stet-fbqwqmzpvnstjwernsgqykzlzypg/SourcePackages/checkouts/swift-nio
    /Applications/Xcode.app/Contents/Developer/Toolchains/XcodeDefault.xctoolchain/usr/bin/clang -Xlinker -reproducible -target arm64-apple-macos10.13 -r -isysroot /Applications/Xcode.app/Contents/Developer/Platforms/MacOSX.platform/Developer/SDKs/MacOSX26.4.sdk -O0 -w -F/Users/nd/Library/Developer/Xcode/DerivedData/Stet-fbqwqmzpvnstjwernsgqykzlzypg/Build/Intermediates.noindex/EagerLinkingTBDs/Debug -F/Users/nd/Library/Developer/Xcode/DerivedData/Stet-fbqwqmzpvnstjwernsgqykzlzypg/Build/Products/Debug -iframework /Applications/Xcode.app/Contents/Developer/Platforms/MacOSX.platform/Developer/Library/Frameworks -filelist /Users/nd/Library/Developer/Xcode/DerivedData/Stet-fbqwqmzpvnstjwernsgqykzlzypg/Build/Intermediates.noindex/swift-nio.build/Debug/_NIODataStructures.build/Objects-normal/arm64/_NIODataStructures.LinkFileList -nostdlib -Xlinker -object_path_lto -Xlinker /Users/nd/Library/Developer/Xcode/DerivedData/Stet-fbqwqmzpvnstjwernsgqykzlzypg/Build/Intermediates.noindex/swift-nio.build/Debug/_NIODataStructures.build/Objects-normal/arm64/_NIODataStructures_lto.o -Xlinker -no_deduplicate -Xlinker -debug_variant -Xlinker -dependency_info -Xlinker /Users/nd/Library/Developer/Xcode/DerivedData/Stet-fbqwqmzpvnstjwernsgqykzlzypg/Build/Intermediates.noindex/swift-nio.build/Debug/_NIODataStructures.build/Objects-normal/arm64/_NIODataStructures_dependency_info.dat -fobjc-link-runtime -L/Applications/Xcode.app/Contents/Developer/Toolchains/XcodeDefault.xctoolchain/usr/lib/swift/macosx -L/usr/lib/swift -Xlinker -add_ast_path -Xlinker /Users/nd/Library/Developer/Xcode/DerivedData/Stet-fbqwqmzpvnstjwernsgqykzlzypg/Build/Intermediates.noindex/swift-nio.build/Debug/_NIODataStructures.build/Objects-normal/arm64/_NIODataStructures.swiftmodule @/Users/nd/Library/Developer/Xcode/DerivedData/Stet-fbqwqmzpvnstjwernsgqykzlzypg/Build/Intermediates.noindex/swift-nio.build/Debug/_NIODataStructures.build/Objects-normal/arm64/_NIODataStructures-linker-args.resp -o /Users/nd/Library/Developer/Xcode/DerivedData/Stet-fbqwqmzpvnstjwernsgqykzlzypg/Build/Products/Debug/_NIODataStructures.o

Ld /Users/nd/Library/Developer/Xcode/DerivedData/Stet-fbqwqmzpvnstjwernsgqykzlzypg/Build/Products/Debug/yyjson.o normal (in target 'yyjson' from project 'yyjson')
    cd /Users/nd/Library/Developer/Xcode/DerivedData/Stet-fbqwqmzpvnstjwernsgqykzlzypg/SourcePackages/checkouts/yyjson
    /Applications/Xcode.app/Contents/Developer/Toolchains/XcodeDefault.xctoolchain/usr/bin/clang -Xlinker -reproducible -target arm64-apple-macos10.13 -r -isysroot /Applications/Xcode.app/Contents/Developer/Platforms/MacOSX.platform/Developer/SDKs/MacOSX26.4.sdk -O0 -w -F/Users/nd/Library/Developer/Xcode/DerivedData/Stet-fbqwqmzpvnstjwernsgqykzlzypg/Build/Intermediates.noindex/EagerLinkingTBDs/Debug -F/Users/nd/Library/Developer/Xcode/DerivedData/Stet-fbqwqmzpvnstjwernsgqykzlzypg/Build/Products/Debug -iframework /Applications/Xcode.app/Contents/Developer/Platforms/MacOSX.platform/Developer/Library/Frameworks -filelist /Users/nd/Library/Developer/Xcode/DerivedData/Stet-fbqwqmzpvnstjwernsgqykzlzypg/Build/Intermediates.noindex/yyjson.build/Debug/yyjson.build/Objects-normal/arm64/yyjson.LinkFileList -nostdlib -Xlinker -object_path_lto -Xlinker /Users/nd/Library/Developer/Xcode/DerivedData/Stet-fbqwqmzpvnstjwernsgqykzlzypg/Build/Intermediates.noindex/yyjson.build/Debug/yyjson.build/Objects-normal/arm64/yyjson_lto.o -Xlinker -no_deduplicate -Xlinker -debug_variant -Xlinker -dependency_info -Xlinker /Users/nd/Library/Developer/Xcode/DerivedData/Stet-fbqwqmzpvnstjwernsgqykzlzypg/Build/Intermediates.noindex/yyjson.build/Debug/yyjson.build/Objects-normal/arm64/yyjson_dependency_info.dat -o /Users/nd/Library/Developer/Xcode/DerivedData/Stet-fbqwqmzpvnstjwernsgqykzlzypg/Build/Products/Debug/yyjson.o

Ld /Users/nd/Library/Developer/Xcode/DerivedData/Stet-fbqwqmzpvnstjwernsgqykzlzypg/Build/Products/Debug/_NIOBase64.o normal (in target '_NIOBase64' from project 'swift-nio')
    cd /Users/nd/Library/Developer/Xcode/DerivedData/Stet-fbqwqmzpvnstjwernsgqykzlzypg/SourcePackages/checkouts/swift-nio
    /Applications/Xcode.app/Contents/Developer/Toolchains/XcodeDefault.xctoolchain/usr/bin/clang -Xlinker -reproducible -target arm64-apple-macos10.13 -r -isysroot /Applications/Xcode.app/Contents/Developer/Platforms/MacOSX.platform/Developer/SDKs/MacOSX26.4.sdk -O0 -w -F/Users/nd/Library/Developer/Xcode/DerivedData/Stet-fbqwqmzpvnstjwernsgqykzlzypg/Build/Intermediates.noindex/EagerLinkingTBDs/Debug -F/Users/nd/Library/Developer/Xcode/DerivedData/Stet-fbqwqmzpvnstjwernsgqykzlzypg/Build/Products/Debug -iframework /Applications/Xcode.app/Contents/Developer/Platforms/MacOSX.platform/Developer/Library/Frameworks -filelist /Users/nd/Library/Developer/Xcode/DerivedData/Stet-fbqwqmzpvnstjwernsgqykzlzypg/Build/Intermediates.noindex/swift-nio.build/Debug/_NIOBase64.build/Objects-normal/arm64/_NIOBase64.LinkFileList -nostdlib -Xlinker -object_path_lto -Xlinker /Users/nd/Library/Developer/Xcode/DerivedData/Stet-fbqwqmzpvnstjwernsgqykzlzypg/Build/Intermediates.noindex/swift-nio.build/Debug/_NIOBase64.build/Objects-normal/arm64/_NIOBase64_lto.o -Xlinker -no_deduplicate -Xlinker -debug_variant -Xlinker -dependency_info -Xlinker /Users/nd/Library/Developer/Xcode/DerivedData/Stet-fbqwqmzpvnstjwernsgqykzlzypg/Build/Intermediates.noindex/swift-nio.build/Debug/_NIOBase64.build/Objects-normal/arm64/_NIOBase64_dependency_info.dat -fobjc-link-runtime -L/Applications/Xcode.app/Contents/Developer/Toolchains/XcodeDefault.xctoolchain/usr/lib/swift/macosx -L/usr/lib/swift -Xlinker -add_ast_path -Xlinker /Users/nd/Library/Developer/Xcode/DerivedData/Stet-fbqwqmzpvnstjwernsgqykzlzypg/Build/Intermediates.noindex/swift-nio.build/Debug/_NIOBase64.build/Objects-normal/arm64/_NIOBase64.swiftmodule @/Users/nd/Library/Developer/Xcode/DerivedData/Stet-fbqwqmzpvnstjwernsgqykzlzypg/Build/Intermediates.noindex/swift-nio.build/Debug/_NIOBase64.build/Objects-normal/arm64/_NIOBase64-linker-args.resp -o /Users/nd/Library/Developer/Xcode/DerivedData/Stet-fbqwqmzpvnstjwernsgqykzlzypg/Build/Products/Debug/_NIOBase64.o

Ld /Users/nd/Library/Developer/Xcode/DerivedData/Stet-fbqwqmzpvnstjwernsgqykzlzypg/Build/Products/Debug/_AtomicsShims.o normal (in target '_AtomicsShims' from project 'swift-atomics')
    cd /Users/nd/Library/Developer/Xcode/DerivedData/Stet-fbqwqmzpvnstjwernsgqykzlzypg/SourcePackages/checkouts/swift-atomics
    /Applications/Xcode.app/Contents/Developer/Toolchains/XcodeDefault.xctoolchain/usr/bin/clang -Xlinker -reproducible -target arm64-apple-macos10.13 -r -isysroot /Applications/Xcode.app/Contents/Developer/Platforms/MacOSX.platform/Developer/SDKs/MacOSX26.4.sdk -O0 -w -F/Users/nd/Library/Developer/Xcode/DerivedData/Stet-fbqwqmzpvnstjwernsgqykzlzypg/Build/Intermediates.noindex/EagerLinkingTBDs/Debug -F/Users/nd/Library/Developer/Xcode/DerivedData/Stet-fbqwqmzpvnstjwernsgqykzlzypg/Build/Products/Debug -iframework /Applications/Xcode.app/Contents/Developer/Platforms/MacOSX.platform/Developer/Library/Frameworks -filelist /Users/nd/Library/Developer/Xcode/DerivedData/Stet-fbqwqmzpvnstjwernsgqykzlzypg/Build/Intermediates.noindex/swift-atomics.build/Debug/_AtomicsShims.build/Objects-normal/arm64/_AtomicsShims.LinkFileList -nostdlib -Xlinker -object_path_lto -Xlinker /Users/nd/Library/Developer/Xcode/DerivedData/Stet-fbqwqmzpvnstjwernsgqykzlzypg/Build/Intermediates.noindex/swift-atomics.build/Debug/_AtomicsShims.build/Objects-normal/arm64/_AtomicsShims_lto.o -Xlinker -no_deduplicate -Xlinker -debug_variant -Xlinker -dependency_info -Xlinker /Users/nd/Library/Developer/Xcode/DerivedData/Stet-fbqwqmzpvnstjwernsgqykzlzypg/Build/Intermediates.noindex/swift-atomics.build/Debug/_AtomicsShims.build/Objects-normal/arm64/_AtomicsShims_dependency_info.dat -o /Users/nd/Library/Developer/Xcode/DerivedData/Stet-fbqwqmzpvnstjwernsgqykzlzypg/Build/Products/Debug/_AtomicsShims.o

SwiftDriver Stet normal arm64 com.apple.xcode.tools.swift.compiler (in target 'Stet' from project 'Stet')
    cd /Users/nd/Developer/stet-project/Stet
    builtin-SwiftDriver -- /Applications/Xcode.app/Contents/Developer/Toolchains/XcodeDefault.xctoolchain/usr/bin/swiftc -module-name Stet -Onone @/Users/nd/Library/Developer/Xcode/DerivedData/Stet-fbqwqmzpvnstjwernsgqykzlzypg/Build/Intermediates.noindex/Stet.build/Debug/Stet.build/Objects-normal/arm64/Stet\ Debug.SwiftFileList -DDEBUG -Xcc -fmodule-map-file\=/Users/nd/Library/Developer/Xcode/DerivedData/Stet-fbqwqmzpvnstjwernsgqykzlzypg/Build/Intermediates.noindex/GeneratedModuleMaps/CNIOWASI.modulemap -Xcc -fmodule-map-file\=/Users/nd/Library/Developer/Xcode/DerivedData/Stet-fbqwqmzpvnstjwernsgqykzlzypg/Build/Intermediates.noindex/GeneratedModuleMaps/CNIOLinux.modulemap -Xcc -fmodule-map-file\=/Users/nd/Library/Developer/Xcode/DerivedData/Stet-fbqwqmzpvnstjwernsgqykzlzypg/Build/Intermediates.noindex/GeneratedModuleMaps/CNIODarwin.modulemap -Xcc -fmodule-map-file\=/Users/nd/Library/Developer/Xcode/DerivedData/Stet-fbqwqmzpvnstjwernsgqykzlzypg/Build/Intermediates.noindex/GeneratedModuleMaps/CNIOOpenBSD.modulemap -Xcc -fmodule-map-file\=/Users/nd/Library/Developer/Xcode/DerivedData/Stet-fbqwqmzpvnstjwernsgqykzlzypg/Build/Intermediates.noindex/GeneratedModuleMaps/CNIOAtomics.modulemap -Xcc -fmodule-map-file\=/Users/nd/Library/Developer/Xcode/DerivedData/Stet-fbqwqmzpvnstjwernsgqykzlzypg/Build/Intermediates.noindex/GeneratedModuleMaps/yyjson.modulemap -default-isolation\=MainActor -enable-bare-slash-regex -enable-upcoming-feature DisableOutwardActorInference -enable-upcoming-feature InferSendableFromCaptures -enable-upcoming-feature GlobalActorIsolatedTypesUsability -enable-upcoming-feature MemberImportVisibility -enable-upcoming-feature InferIsolatedConformances -enable-upcoming-feature NonisolatedNonsendingByDefault -enable-experimental-feature DebugDescriptionMacro -sdk /Applications/Xcode.app/Contents/Developer/Platforms/MacOSX.platform/Developer/SDKs/MacOSX26.4.sdk -target arm64-apple-macos26.0 -g -module-cache-path /Users/nd/Library/Developer/Xcode/DerivedData/ModuleCache.noindex -Xfrontend -serialize-debugging-options -profile-coverage-mapping -profile-generate -enable-testing -index-store-path /Users/nd/Library/Developer/Xcode/DerivedData/Stet-fbqwqmzpvnstjwernsgqykzlzypg/Index.noindex/DataStore -Xcc -D_LIBCPP_HARDENING_MODE\=_LIBCPP_HARDENING_MODE_DEBUG -swift-version 5 -I /Users/nd/Library/Developer/Xcode/DerivedData/Stet-fbqwqmzpvnstjwernsgqykzlzypg/Build/Products/Debug -F /Users/nd/Library/Developer/Xcode/DerivedData/Stet-fbqwqmzpvnstjwernsgqykzlzypg/Build/Products/Debug/PackageFrameworks -F /Users/nd/Library/Developer/Xcode/DerivedData/Stet-fbqwqmzpvnstjwernsgqykzlzypg/Build/Products/Debug/PackageFrameworks -F /Users/nd/Library/Developer/Xcode/DerivedData/Stet-fbqwqmzpvnstjwernsgqykzlzypg/Build/Products/Debug/PackageFrameworks -F /Users/nd/Library/Developer/Xcode/DerivedData/Stet-fbqwqmzpvnstjwernsgqykzlzypg/Build/Products/Debug/PackageFrameworks -F /Users/nd/Library/Developer/Xcode/DerivedData/Stet-fbqwqmzpvnstjwernsgqykzlzypg/Build/Products/Debug/PackageFrameworks -F /Users/nd/Library/Developer/Xcode/DerivedData/Stet-fbqwqmzpvnstjwernsgqykzlzypg/Build/Products/Debug/PackageFrameworks -F /Users/nd/Library/Developer/Xcode/DerivedData/Stet-fbqwqmzpvnstjwernsgqykzlzypg/Build/Products/Debug/PackageFrameworks -F /Users/nd/Library/Developer/Xcode/DerivedData/Stet-fbqwqmzpvnstjwernsgqykzlzypg/Build/Products/Debug/PackageFrameworks -F /Users/nd/Library/Developer/Xcode/DerivedData/Stet-fbqwqmzpvnstjwernsgqykzlzypg/Build/Products/Debug/PackageFrameworks -F /Users/nd/Library/Developer/Xcode/DerivedData/Stet-fbqwqmzpvnstjwernsgqykzlzypg/Build/Products/Debug/PackageFrameworks -F /Users/nd/Library/Developer/Xcode/DerivedData/Stet-fbqwqmzpvnstjwernsgqykzlzypg/Build/Products/Debug/PackageFrameworks -F /Users/nd/Library/Developer/Xcode/DerivedData/Stet-fbqwqmzpvnstjwernsgqykzlzypg/Build/Products/Debug/PackageFrameworks -F /Users/nd/Library/Developer/Xcode/DerivedData/Stet-fbqwqmzpvnstjwernsgqykzlzypg/Build/Products/Debug/PackageFrameworks -F /Users/nd/Library/Developer/Xcode/DerivedData/Stet-fbqwqmzpvnstjwernsgqykzlzypg/Build/Products/Debug/PackageFrameworks -F /Users/nd/Library/Developer/Xcode/DerivedData/Stet-fbqwqmzpvnstjwernsgqykzlzypg/Build/Products/Debug/PackageFrameworks -F /Users/nd/Library/Developer/Xcode/DerivedData/Stet-fbqwqmzpvnstjwernsgqykzlzypg/Build/Products/Debug/PackageFrameworks -F /Users/nd/Library/Developer/Xcode/DerivedData/Stet-fbqwqmzpvnstjwernsgqykzlzypg/Build/Products/Debug/PackageFrameworks -F /Users/nd/Library/Developer/Xcode/DerivedData/Stet-fbqwqmzpvnstjwernsgqykzlzypg/Build/Products/Debug/PackageFrameworks -F /Users/nd/Library/Developer/Xcode/DerivedData/Stet-fbqwqmzpvnstjwernsgqykzlzypg/Build/Products/Debug/PackageFrameworks -F /Users/nd/Library/Developer/Xcode/DerivedData/Stet-fbqwqmzpvnstjwernsgqykzlzypg/Build/Products/Debug/PackageFrameworks -F /Users/nd/Library/Developer/Xcode/DerivedData/Stet-fbqwqmzpvnstjwernsgqykzlzypg/Build/Products/Debug/PackageFrameworks -F /Users/nd/Library/Developer/Xcode/DerivedData/Stet-fbqwqmzpvnstjwernsgqykzlzypg/Build/Products/Debug/PackageFrameworks -F /Users/nd/Library/Developer/Xcode/DerivedData/Stet-fbqwqmzpvnstjwernsgqykzlzypg/Build/Products/Debug/PackageFrameworks -F /Users/nd/Library/Developer/Xcode/DerivedData/Stet-fbqwqmzpvnstjwernsgqykzlzypg/Build/Products/Debug/PackageFrameworks -F /Users/nd/Library/Developer/Xcode/DerivedData/Stet-fbqwqmzpvnstjwernsgqykzlzypg/Build/Products/Debug/PackageFrameworks -F /Users/nd/Library/Developer/Xcode/DerivedData/Stet-fbqwqmzpvnstjwernsgqykzlzypg/Build/Products/Debug/PackageFrameworks -F /Users/nd/Library/Developer/Xcode/DerivedData/Stet-fbqwqmzpvnstjwernsgqykzlzypg/Build/Products/Debug/PackageFrameworks -F /Users/nd/Library/Developer/Xcode/DerivedData/Stet-fbqwqmzpvnstjwernsgqykzlzypg/Build/Products/Debug/PackageFrameworks -F /Users/nd/Library/Developer/Xcode/DerivedData/Stet-fbqwqmzpvnstjwernsgqykzlzypg/Build/Products/Debug/PackageFrameworks -F /Users/nd/Library/Developer/Xcode/DerivedData/Stet-fbqwqmzpvnstjwernsgqykzlzypg/Build/Products/Debug/PackageFrameworks -F /Users/nd/Library/Developer/Xcode/DerivedData/Stet-fbqwqmzpvnstjwernsgqykzlzypg/Build/Products/Debug/PackageFrameworks -F /Users/nd/Library/Developer/Xcode/DerivedData/Stet-fbqwqmzpvnstjwernsgqykzlzypg/Build/Products/Debug/PackageFrameworks -F /Users/nd/Library/Developer/Xcode/DerivedData/Stet-fbqwqmzpvnstjwernsgqykzlzypg/Build/Products/Debug/PackageFrameworks -F /Users/nd/Library/Developer/Xcode/DerivedData/Stet-fbqwqmzpvnstjwernsgqykzlzypg/Build/Products/Debug/PackageFrameworks -F /Users/nd/Library/Developer/Xcode/DerivedData/Stet-fbqwqmzpvnstjwernsgqykzlzypg/Build/Products/Debug/PackageFrameworks -F /Users/nd/Library/Developer/Xcode/DerivedData/Stet-fbqwqmzpvnstjwernsgqykzlzypg/Build/Products/Debug/PackageFrameworks -F /Users/nd/Library/Developer/Xcode/DerivedData/Stet-fbqwqmzpvnstjwernsgqykzlzypg/Build/Products/Debug/PackageFrameworks -F /Users/nd/Library/Developer/Xcode/DerivedData/Stet-fbqwqmzpvnstjwernsgqykzlzypg/Build/Products/Debug/PackageFrameworks -F /Users/nd/Library/Developer/Xcode/DerivedData/Stet-fbqwqmzpvnstjwernsgqykzlzypg/Build/Products/Debug/PackageFrameworks -F /Users/nd/Library/Developer/Xcode/DerivedData/Stet-fbqwqmzpvnstjwernsgqykzlzypg/Build/Products/Debug/PackageFrameworks -F /Users/nd/Library/Developer/Xcode/DerivedData/Stet-fbqwqmzpvnstjwernsgqykzlzypg/Build/Products/Debug/PackageFrameworks -F /Users/nd/Library/Developer/Xcode/DerivedData/Stet-fbqwqmzpvnstjwernsgqykzlzypg/Build/Products/Debug/PackageFrameworks -F /Users/nd/Library/Developer/Xcode/DerivedData/Stet-fbqwqmzpvnstjwernsgqykzlzypg/Build/Products/Debug -emit-localized-strings -emit-localized-strings-path /Users/nd/Library/Developer/Xcode/DerivedData/Stet-fbqwqmzpvnstjwernsgqykzlzypg/Build/Intermediates.noindex/Stet.build/Debug/Stet.build/Objects-normal/arm64 -c -j12 -enable-batch-mode -incremental -Xcc -ivfsstatcache -Xcc /Users/nd/Library/Developer/Xcode/DerivedData/SDKStatCaches.noindex/macosx26.4-25E251-688ef53f1462e2c8f657fdc38a81448f30f9ca8789b706f8bd3fc906a70d770f.sdkstatcache -output-file-map /Users/nd/Library/Developer/Xcode/DerivedData/Stet-fbqwqmzpvnstjwernsgqykzlzypg/Build/Intermediates.noindex/Stet.build/Debug/Stet.build/Objects-normal/arm64/Stet-OutputFileMap.json -use-frontend-parseable-output -save-temps -no-color-diagnostics -explicit-module-build -module-cache-path /Users/nd/Library/Developer/Xcode/DerivedData/Stet-fbqwqmzpvnstjwernsgqykzlzypg/Build/Intermediates.noindex/SwiftExplicitPrecompiledModules -clang-scanner-module-cache-path /Users/nd/Library/Developer/Xcode/DerivedData/ModuleCache.noindex -sdk-module-cache-path /Users/nd/Library/Developer/Xcode/DerivedData/ModuleCache.noindex -serialize-diagnostics -emit-dependencies -emit-module -emit-module-path /Users/nd/Library/Developer/Xcode/DerivedData/Stet-fbqwqmzpvnstjwernsgqykzlzypg/Build/Intermediates.noindex/Stet.build/Debug/Stet.build/Objects-normal/arm64/Stet.swiftmodule -validate-clang-modules-once -clang-build-session-file /Users/nd/Library/Developer/Xcode/DerivedData/ModuleCache.noindex/Session.modulevalidation -Xcc -I/Users/nd/Library/Developer/Xcode/DerivedData/Stet-fbqwqmzpvnstjwernsgqykzlzypg/Build/Intermediates.noindex/Stet.build/Debug/Stet.build/swift-overrides.hmap -emit-const-values -Xfrontend -const-gather-protocols-file -Xfrontend /Users/nd/Library/Developer/Xcode/DerivedData/Stet-fbqwqmzpvnstjwernsgqykzlzypg/Build/Intermediates.noindex/Stet.build/Debug/Stet.build/Objects-normal/arm64/Stet_const_extract_protocols.json -Xcc -iquote -Xcc /Users/nd/Library/Developer/Xcode/DerivedData/Stet-fbqwqmzpvnstjwernsgqykzlzypg/Build/Intermediates.noindex/Stet.build/Debug/Stet.build/Stet\ Debug-generated-files.hmap -Xcc -I/Users/nd/Library/Developer/Xcode/DerivedData/Stet-fbqwqmzpvnstjwernsgqykzlzypg/Build/Intermediates.noindex/Stet.build/Debug/Stet.build/Stet\ Debug-own-target-headers.hmap -Xcc -I/Users/nd/Library/Developer/Xcode/DerivedData/Stet-fbqwqmzpvnstjwernsgqykzlzypg/Build/Intermediates.noindex/Stet.build/Debug/Stet.build/Stet\ Debug-all-non-framework-target-headers.hmap -Xcc -ivfsoverlay -Xcc /Users/nd/Library/Developer/Xcode/DerivedData/Stet-fbqwqmzpvnstjwernsgqykzlzypg/Build/Intermediates.noindex/Stet.build/Debug/Stet-38011ed4f85a10a556e72240f4df1965-VFS/all-product-headers.yaml -Xcc -iquote -Xcc /Users/nd/Library/Developer/Xcode/DerivedData/Stet-fbqwqmzpvnstjwernsgqykzlzypg/Build/Intermediates.noindex/Stet.build/Debug/Stet.build/Stet\ Debug-project-headers.hmap -Xcc -I/Users/nd/Library/Developer/Xcode/DerivedData/Stet-fbqwqmzpvnstjwernsgqykzlzypg/SourcePackages/checkouts/swift-atomics/Sources/_AtomicsShims/include -Xcc -I/Users/nd/Library/Developer/Xcode/DerivedData/Stet-fbqwqmzpvnstjwernsgqykzlzypg/SourcePackages/checkouts/swift-nio/Sources/CNIOWASI/include -Xcc -I/Users/nd/Library/Developer/Xcode/DerivedData/Stet-fbqwqmzpvnstjwernsgqykzlzypg/SourcePackages/checkouts/swift-nio/Sources/CNIOWindows/include -Xcc -I/Users/nd/Library/Developer/Xcode/DerivedData/Stet-fbqwqmzpvnstjwernsgqykzlzypg/SourcePackages/checkouts/swift-nio/Sources/CNIOLinux/include -Xcc -I/Users/nd/Library/Developer/Xcode/DerivedData/Stet-fbqwqmzpvnstjwernsgqykzlzypg/SourcePackages/checkouts/swift-nio/Sources/CNIODarwin/include -Xcc -I/Users/nd/Library/Developer/Xcode/DerivedData/Stet-fbqwqmzpvnstjwernsgqykzlzypg/SourcePackages/checkouts/swift-nio/Sources/CNIOOpenBSD/include -Xcc -I/Users/nd/Library/Developer/Xcode/DerivedData/Stet-fbqwqmzpvnstjwernsgqykzlzypg/SourcePackages/checkouts/swift-nio/Sources/CNIOAtomics/include -Xcc -I/Users/nd/Library/Developer/Xcode/DerivedData/Stet-fbqwqmzpvnstjwernsgqykzlzypg/SourcePackages/checkouts/yyjson/src -Xcc -I/Users/nd/Library/Developer/Xcode/DerivedData/Stet-fbqwqmzpvnstjwernsgqykzlzypg/SourcePackages/checkouts/FluidAudio/Sources/MachTaskSelfWrapper/include -Xcc -I/Users/nd/Library/Developer/Xcode/DerivedData/Stet-fbqwqmzpvnstjwernsgqykzlzypg/SourcePackages/checkouts/FluidAudio/Sources/FastClusterWrapper/include -Xcc -I/Users/nd/Library/Developer/Xcode/DerivedData/Stet-fbqwqmzpvnstjwernsgqykzlzypg/Build/Products/Debug/include -Xcc -I/Users/nd/Library/Developer/Xcode/DerivedData/Stet-fbqwqmzpvnstjwernsgqykzlzypg/Build/Intermediates.noindex/Stet.build/Debug/Stet.build/DerivedSources-normal/arm64 -Xcc -I/Users/nd/Library/Developer/Xcode/DerivedData/Stet-fbqwqmzpvnstjwernsgqykzlzypg/Build/Intermediates.noindex/Stet.build/Debug/Stet.build/DerivedSources/arm64 -Xcc -I/Users/nd/Library/Developer/Xcode/DerivedData/Stet-fbqwqmzpvnstjwernsgqykzlzypg/Build/Intermediates.noindex/Stet.build/Debug/Stet.build/DerivedSources -Xcc -DDEBUG\=1 -emit-objc-header -emit-objc-header-path /Users/nd/Library/Developer/Xcode/DerivedData/Stet-fbqwqmzpvnstjwernsgqykzlzypg/Build/Intermediates.noindex/Stet.build/Debug/Stet.build/Objects-normal/arm64/Stet-Swift.h -working-directory /Users/nd/Developer/stet-project/Stet -experimental-emit-module-separately -disable-cmo

Ld /Users/nd/Library/Developer/Xcode/DerivedData/Stet-fbqwqmzpvnstjwernsgqykzlzypg/Build/Products/Debug/MachTaskSelfWrapper.o normal (in target 'MachTaskSelfWrapper' from project 'FluidAudio')
    cd /Users/nd/Library/Developer/Xcode/DerivedData/Stet-fbqwqmzpvnstjwernsgqykzlzypg/SourcePackages/checkouts/FluidAudio
    /Applications/Xcode.app/Contents/Developer/Toolchains/XcodeDefault.xctoolchain/usr/bin/clang -Xlinker -reproducible -target arm64-apple-macos14.0 -r -isysroot /Applications/Xcode.app/Contents/Developer/Platforms/MacOSX.platform/Developer/SDKs/MacOSX26.4.sdk -O0 -w -F/Users/nd/Library/Developer/Xcode/DerivedData/Stet-fbqwqmzpvnstjwernsgqykzlzypg/Build/Intermediates.noindex/EagerLinkingTBDs/Debug -F/Users/nd/Library/Developer/Xcode/DerivedData/Stet-fbqwqmzpvnstjwernsgqykzlzypg/Build/Products/Debug -iframework /Applications/Xcode.app/Contents/Developer/Platforms/MacOSX.platform/Developer/Library/Frameworks -filelist /Users/nd/Library/Developer/Xcode/DerivedData/Stet-fbqwqmzpvnstjwernsgqykzlzypg/Build/Intermediates.noindex/FluidAudio.build/Debug/MachTaskSelfWrapper.build/Objects-normal/arm64/MachTaskSelfWrapper.LinkFileList -nostdlib -Xlinker -object_path_lto -Xlinker /Users/nd/Library/Developer/Xcode/DerivedData/Stet-fbqwqmzpvnstjwernsgqykzlzypg/Build/Intermediates.noindex/FluidAudio.build/Debug/MachTaskSelfWrapper.build/Objects-normal/arm64/MachTaskSelfWrapper_lto.o -Xlinker -no_deduplicate -Xlinker -debug_variant -Xlinker -dependency_info -Xlinker /Users/nd/Library/Developer/Xcode/DerivedData/Stet-fbqwqmzpvnstjwernsgqykzlzypg/Build/Intermediates.noindex/FluidAudio.build/Debug/MachTaskSelfWrapper.build/Objects-normal/arm64/MachTaskSelfWrapper_dependency_info.dat -o /Users/nd/Library/Developer/Xcode/DerivedData/Stet-fbqwqmzpvnstjwernsgqykzlzypg/Build/Products/Debug/MachTaskSelfWrapper.o

Ld /Users/nd/Library/Developer/Xcode/DerivedData/Stet-fbqwqmzpvnstjwernsgqykzlzypg/Build/Products/Debug/KeyboardShortcuts.o normal (in target 'KeyboardShortcuts' from project 'KeyboardShortcuts')
    cd /Users/nd/Library/Developer/Xcode/DerivedData/Stet-fbqwqmzpvnstjwernsgqykzlzypg/SourcePackages/checkouts/KeyboardShortcuts
    /Applications/Xcode.app/Contents/Developer/Toolchains/XcodeDefault.xctoolchain/usr/bin/clang -Xlinker -reproducible -target arm64-apple-macos10.15 -r -isysroot /Applications/Xcode.app/Contents/Developer/Platforms/MacOSX.platform/Developer/SDKs/MacOSX26.4.sdk -O0 -w -F/Users/nd/Library/Developer/Xcode/DerivedData/Stet-fbqwqmzpvnstjwernsgqykzlzypg/Build/Intermediates.noindex/EagerLinkingTBDs/Debug -F/Users/nd/Library/Developer/Xcode/DerivedData/Stet-fbqwqmzpvnstjwernsgqykzlzypg/Build/Products/Debug -iframework /Applications/Xcode.app/Contents/Developer/Platforms/MacOSX.platform/Developer/Library/Frameworks -filelist /Users/nd/Library/Developer/Xcode/DerivedData/Stet-fbqwqmzpvnstjwernsgqykzlzypg/Build/Intermediates.noindex/KeyboardShortcuts.build/Debug/KeyboardShortcuts.build/Objects-normal/arm64/KeyboardShortcuts.LinkFileList -nostdlib -Xlinker -object_path_lto -Xlinker /Users/nd/Library/Developer/Xcode/DerivedData/Stet-fbqwqmzpvnstjwernsgqykzlzypg/Build/Intermediates.noindex/KeyboardShortcuts.build/Debug/KeyboardShortcuts.build/Objects-normal/arm64/KeyboardShortcuts_lto.o -Xlinker -no_deduplicate -Xlinker -debug_variant -Xlinker -dependency_info -Xlinker /Users/nd/Library/Developer/Xcode/DerivedData/Stet-fbqwqmzpvnstjwernsgqykzlzypg/Build/Intermediates.noindex/KeyboardShortcuts.build/Debug/KeyboardShortcuts.build/Objects-normal/arm64/KeyboardShortcuts_dependency_info.dat -fobjc-link-runtime -L/Applications/Xcode.app/Contents/Developer/Toolchains/XcodeDefault.xctoolchain/usr/lib/swift/macosx -L/usr/lib/swift -Xlinker -add_ast_path -Xlinker /Users/nd/Library/Developer/Xcode/DerivedData/Stet-fbqwqmzpvnstjwernsgqykzlzypg/Build/Intermediates.noindex/KeyboardShortcuts.build/Debug/KeyboardShortcuts.build/Objects-normal/arm64/KeyboardShortcuts.swiftmodule @/Users/nd/Library/Developer/Xcode/DerivedData/Stet-fbqwqmzpvnstjwernsgqykzlzypg/Build/Intermediates.noindex/KeyboardShortcuts.build/Debug/KeyboardShortcuts.build/Objects-normal/arm64/KeyboardShortcuts-linker-args.resp -o /Users/nd/Library/Developer/Xcode/DerivedData/Stet-fbqwqmzpvnstjwernsgqykzlzypg/Build/Products/Debug/KeyboardShortcuts.o

Ld /Users/nd/Library/Developer/Xcode/DerivedData/Stet-fbqwqmzpvnstjwernsgqykzlzypg/Build/Products/Debug/Crypto.o normal (in target 'Crypto' from project 'swift-crypto')
    cd /Users/nd/Library/Developer/Xcode/DerivedData/Stet-fbqwqmzpvnstjwernsgqykzlzypg/SourcePackages/checkouts/swift-crypto
    /Applications/Xcode.app/Contents/Developer/Toolchains/XcodeDefault.xctoolchain/usr/bin/clang -Xlinker -reproducible -target arm64-apple-macos10.13 -r -isysroot /Applications/Xcode.app/Contents/Developer/Platforms/MacOSX.platform/Developer/SDKs/MacOSX26.4.sdk -O0 -w -F/Users/nd/Library/Developer/Xcode/DerivedData/Stet-fbqwqmzpvnstjwernsgqykzlzypg/Build/Intermediates.noindex/EagerLinkingTBDs/Debug -F/Users/nd/Library/Developer/Xcode/DerivedData/Stet-fbqwqmzpvnstjwernsgqykzlzypg/Build/Products/Debug -iframework /Applications/Xcode.app/Contents/Developer/Platforms/MacOSX.platform/Developer/Library/Frameworks -filelist /Users/nd/Library/Developer/Xcode/DerivedData/Stet-fbqwqmzpvnstjwernsgqykzlzypg/Build/Intermediates.noindex/swift-crypto.build/Debug/Crypto.build/Objects-normal/arm64/Crypto.LinkFileList -nostdlib -Xlinker -object_path_lto -Xlinker /Users/nd/Library/Developer/Xcode/DerivedData/Stet-fbqwqmzpvnstjwernsgqykzlzypg/Build/Intermediates.noindex/swift-crypto.build/Debug/Crypto.build/Objects-normal/arm64/Crypto_lto.o -Xlinker -no_deduplicate -Xlinker -debug_variant -Xlinker -dependency_info -Xlinker /Users/nd/Library/Developer/Xcode/DerivedData/Stet-fbqwqmzpvnstjwernsgqykzlzypg/Build/Intermediates.noindex/swift-crypto.build/Debug/Crypto.build/Objects-normal/arm64/Crypto_dependency_info.dat -fobjc-link-runtime -L/Applications/Xcode.app/Contents/Developer/Toolchains/XcodeDefault.xctoolchain/usr/lib/swift/macosx -L/usr/lib/swift -Xlinker -add_ast_path -Xlinker /Users/nd/Library/Developer/Xcode/DerivedData/Stet-fbqwqmzpvnstjwernsgqykzlzypg/Build/Intermediates.noindex/swift-crypto.build/Debug/Crypto.build/Objects-normal/arm64/Crypto.swiftmodule @/Users/nd/Library/Developer/Xcode/DerivedData/Stet-fbqwqmzpvnstjwernsgqykzlzypg/Build/Intermediates.noindex/swift-crypto.build/Debug/Crypto.build/Objects-normal/arm64/Crypto-linker-args.resp -o /Users/nd/Library/Developer/Xcode/DerivedData/Stet-fbqwqmzpvnstjwernsgqykzlzypg/Build/Products/Debug/Crypto.o

Ld /Users/nd/Library/Developer/Xcode/DerivedData/Stet-fbqwqmzpvnstjwernsgqykzlzypg/Build/Products/Debug/CNIOWindows.o normal (in target 'CNIOWindows' from project 'swift-nio')
    cd /Users/nd/Library/Developer/Xcode/DerivedData/Stet-fbqwqmzpvnstjwernsgqykzlzypg/SourcePackages/checkouts/swift-nio
    /Applications/Xcode.app/Contents/Developer/Toolchains/XcodeDefault.xctoolchain/usr/bin/clang -Xlinker -reproducible -target arm64-apple-macos10.13 -r -isysroot /Applications/Xcode.app/Contents/Developer/Platforms/MacOSX.platform/Developer/SDKs/MacOSX26.4.sdk -O0 -w -F/Users/nd/Library/Developer/Xcode/DerivedData/Stet-fbqwqmzpvnstjwernsgqykzlzypg/Build/Intermediates.noindex/EagerLinkingTBDs/Debug -F/Users/nd/Library/Developer/Xcode/DerivedData/Stet-fbqwqmzpvnstjwernsgqykzlzypg/Build/Products/Debug -iframework /Applications/Xcode.app/Contents/Developer/Platforms/MacOSX.platform/Developer/Library/Frameworks -filelist /Users/nd/Library/Developer/Xcode/DerivedData/Stet-fbqwqmzpvnstjwernsgqykzlzypg/Build/Intermediates.noindex/swift-nio.build/Debug/CNIOWindows.build/Objects-normal/arm64/CNIOWindows.LinkFileList -nostdlib -Xlinker -object_path_lto -Xlinker /Users/nd/Library/Developer/Xcode/DerivedData/Stet-fbqwqmzpvnstjwernsgqykzlzypg/Build/Intermediates.noindex/swift-nio.build/Debug/CNIOWindows.build/Objects-normal/arm64/CNIOWindows_lto.o -Xlinker -no_deduplicate -Xlinker -debug_variant -Xlinker -dependency_info -Xlinker /Users/nd/Library/Developer/Xcode/DerivedData/Stet-fbqwqmzpvnstjwernsgqykzlzypg/Build/Intermediates.noindex/swift-nio.build/Debug/CNIOWindows.build/Objects-normal/arm64/CNIOWindows_dependency_info.dat -o /Users/nd/Library/Developer/Xcode/DerivedData/Stet-fbqwqmzpvnstjwernsgqykzlzypg/Build/Products/Debug/CNIOWindows.o

Ld /Users/nd/Library/Developer/Xcode/DerivedData/Stet-fbqwqmzpvnstjwernsgqykzlzypg/Build/Products/Debug/CNIOWASI.o normal (in target 'CNIOWASI' from project 'swift-nio')
    cd /Users/nd/Library/Developer/Xcode/DerivedData/Stet-fbqwqmzpvnstjwernsgqykzlzypg/SourcePackages/checkouts/swift-nio
    /Applications/Xcode.app/Contents/Developer/Toolchains/XcodeDefault.xctoolchain/usr/bin/clang -Xlinker -reproducible -target arm64-apple-macos10.13 -r -isysroot /Applications/Xcode.app/Contents/Developer/Platforms/MacOSX.platform/Developer/SDKs/MacOSX26.4.sdk -O0 -w -F/Users/nd/Library/Developer/Xcode/DerivedData/Stet-fbqwqmzpvnstjwernsgqykzlzypg/Build/Intermediates.noindex/EagerLinkingTBDs/Debug -F/Users/nd/Library/Developer/Xcode/DerivedData/Stet-fbqwqmzpvnstjwernsgqykzlzypg/Build/Products/Debug -iframework /Applications/Xcode.app/Contents/Developer/Platforms/MacOSX.platform/Developer/Library/Frameworks -filelist /Users/nd/Library/Developer/Xcode/DerivedData/Stet-fbqwqmzpvnstjwernsgqykzlzypg/Build/Intermediates.noindex/swift-nio.build/Debug/CNIOWASI.build/Objects-normal/arm64/CNIOWASI.LinkFileList -nostdlib -Xlinker -object_path_lto -Xlinker /Users/nd/Library/Developer/Xcode/DerivedData/Stet-fbqwqmzpvnstjwernsgqykzlzypg/Build/Intermediates.noindex/swift-nio.build/Debug/CNIOWASI.build/Objects-normal/arm64/CNIOWASI_lto.o -Xlinker -no_deduplicate -Xlinker -debug_variant -Xlinker -dependency_info -Xlinker /Users/nd/Library/Developer/Xcode/DerivedData/Stet-fbqwqmzpvnstjwernsgqykzlzypg/Build/Intermediates.noindex/swift-nio.build/Debug/CNIOWASI.build/Objects-normal/arm64/CNIOWASI_dependency_info.dat -o /Users/nd/Library/Developer/Xcode/DerivedData/Stet-fbqwqmzpvnstjwernsgqykzlzypg/Build/Products/Debug/CNIOWASI.o

Ld /Users/nd/Library/Developer/Xcode/DerivedData/Stet-fbqwqmzpvnstjwernsgqykzlzypg/Build/Products/Debug/CNIOOpenBSD.o normal (in target 'CNIOOpenBSD' from project 'swift-nio')
    cd /Users/nd/Library/Developer/Xcode/DerivedData/Stet-fbqwqmzpvnstjwernsgqykzlzypg/SourcePackages/checkouts/swift-nio
    /Applications/Xcode.app/Contents/Developer/Toolchains/XcodeDefault.xctoolchain/usr/bin/clang -Xlinker -reproducible -target arm64-apple-macos10.13 -r -isysroot /Applications/Xcode.app/Contents/Developer/Platforms/MacOSX.platform/Developer/SDKs/MacOSX26.4.sdk -O0 -w -F/Users/nd/Library/Developer/Xcode/DerivedData/Stet-fbqwqmzpvnstjwernsgqykzlzypg/Build/Intermediates.noindex/EagerLinkingTBDs/Debug -F/Users/nd/Library/Developer/Xcode/DerivedData/Stet-fbqwqmzpvnstjwernsgqykzlzypg/Build/Products/Debug -iframework /Applications/Xcode.app/Contents/Developer/Platforms/MacOSX.platform/Developer/Library/Frameworks -filelist /Users/nd/Library/Developer/Xcode/DerivedData/Stet-fbqwqmzpvnstjwernsgqykzlzypg/Build/Intermediates.noindex/swift-nio.build/Debug/CNIOOpenBSD.build/Objects-normal/arm64/CNIOOpenBSD.LinkFileList -nostdlib -Xlinker -object_path_lto -Xlinker /Users/nd/Library/Developer/Xcode/DerivedData/Stet-fbqwqmzpvnstjwernsgqykzlzypg/Build/Intermediates.noindex/swift-nio.build/Debug/CNIOOpenBSD.build/Objects-normal/arm64/CNIOOpenBSD_lto.o -Xlinker -no_deduplicate -Xlinker -debug_variant -Xlinker -dependency_info -Xlinker /Users/nd/Library/Developer/Xcode/DerivedData/Stet-fbqwqmzpvnstjwernsgqykzlzypg/Build/Intermediates.noindex/swift-nio.build/Debug/CNIOOpenBSD.build/Objects-normal/arm64/CNIOOpenBSD_dependency_info.dat -o /Users/nd/Library/Developer/Xcode/DerivedData/Stet-fbqwqmzpvnstjwernsgqykzlzypg/Build/Products/Debug/CNIOOpenBSD.o

Ld /Users/nd/Library/Developer/Xcode/DerivedData/Stet-fbqwqmzpvnstjwernsgqykzlzypg/Build/Products/Debug/CNIOLinux.o normal (in target 'CNIOLinux' from project 'swift-nio')
    cd /Users/nd/Library/Developer/Xcode/DerivedData/Stet-fbqwqmzpvnstjwernsgqykzlzypg/SourcePackages/checkouts/swift-nio
    /Applications/Xcode.app/Contents/Developer/Toolchains/XcodeDefault.xctoolchain/usr/bin/clang -Xlinker -reproducible -target arm64-apple-macos10.13 -r -isysroot /Applications/Xcode.app/Contents/Developer/Platforms/MacOSX.platform/Developer/SDKs/MacOSX26.4.sdk -O0 -w -F/Users/nd/Library/Developer/Xcode/DerivedData/Stet-fbqwqmzpvnstjwernsgqykzlzypg/Build/Intermediates.noindex/EagerLinkingTBDs/Debug -F/Users/nd/Library/Developer/Xcode/DerivedData/Stet-fbqwqmzpvnstjwernsgqykzlzypg/Build/Products/Debug -iframework /Applications/Xcode.app/Contents/Developer/Platforms/MacOSX.platform/Developer/Library/Frameworks -filelist /Users/nd/Library/Developer/Xcode/DerivedData/Stet-fbqwqmzpvnstjwernsgqykzlzypg/Build/Intermediates.noindex/swift-nio.build/Debug/CNIOLinux.build/Objects-normal/arm64/CNIOLinux.LinkFileList -nostdlib -Xlinker -object_path_lto -Xlinker /Users/nd/Library/Developer/Xcode/DerivedData/Stet-fbqwqmzpvnstjwernsgqykzlzypg/Build/Intermediates.noindex/swift-nio.build/Debug/CNIOLinux.build/Objects-normal/arm64/CNIOLinux_lto.o -Xlinker -no_deduplicate -Xlinker -debug_variant -Xlinker -dependency_info -Xlinker /Users/nd/Library/Developer/Xcode/DerivedData/Stet-fbqwqmzpvnstjwernsgqykzlzypg/Build/Intermediates.noindex/swift-nio.build/Debug/CNIOLinux.build/Objects-normal/arm64/CNIOLinux_dependency_info.dat -o /Users/nd/Library/Developer/Xcode/DerivedData/Stet-fbqwqmzpvnstjwernsgqykzlzypg/Build/Products/Debug/CNIOLinux.o

Ld /Users/nd/Library/Developer/Xcode/DerivedData/Stet-fbqwqmzpvnstjwernsgqykzlzypg/Build/Products/Debug/CNIODarwin.o normal (in target 'CNIODarwin' from project 'swift-nio')
    cd /Users/nd/Library/Developer/Xcode/DerivedData/Stet-fbqwqmzpvnstjwernsgqykzlzypg/SourcePackages/checkouts/swift-nio
    /Applications/Xcode.app/Contents/Developer/Toolchains/XcodeDefault.xctoolchain/usr/bin/clang -Xlinker -reproducible -target arm64-apple-macos10.13 -r -isysroot /Applications/Xcode.app/Contents/Developer/Platforms/MacOSX.platform/Developer/SDKs/MacOSX26.4.sdk -O0 -w -F/Users/nd/Library/Developer/Xcode/DerivedData/Stet-fbqwqmzpvnstjwernsgqykzlzypg/Build/Intermediates.noindex/EagerLinkingTBDs/Debug -F/Users/nd/Library/Developer/Xcode/DerivedData/Stet-fbqwqmzpvnstjwernsgqykzlzypg/Build/Products/Debug -iframework /Applications/Xcode.app/Contents/Developer/Platforms/MacOSX.platform/Developer/Library/Frameworks -filelist /Users/nd/Library/Developer/Xcode/DerivedData/Stet-fbqwqmzpvnstjwernsgqykzlzypg/Build/Intermediates.noindex/swift-nio.build/Debug/CNIODarwin.build/Objects-normal/arm64/CNIODarwin.LinkFileList -nostdlib -Xlinker -object_path_lto -Xlinker /Users/nd/Library/Developer/Xcode/DerivedData/Stet-fbqwqmzpvnstjwernsgqykzlzypg/Build/Intermediates.noindex/swift-nio.build/Debug/CNIODarwin.build/Objects-normal/arm64/CNIODarwin_lto.o -Xlinker -no_deduplicate -Xlinker -debug_variant -Xlinker -dependency_info -Xlinker /Users/nd/Library/Developer/Xcode/DerivedData/Stet-fbqwqmzpvnstjwernsgqykzlzypg/Build/Intermediates.noindex/swift-nio.build/Debug/CNIODarwin.build/Objects-normal/arm64/CNIODarwin_dependency_info.dat -o /Users/nd/Library/Developer/Xcode/DerivedData/Stet-fbqwqmzpvnstjwernsgqykzlzypg/Build/Products/Debug/CNIODarwin.o

Ld /Users/nd/Library/Developer/Xcode/DerivedData/Stet-fbqwqmzpvnstjwernsgqykzlzypg/Build/Products/Debug/CNIOAtomics.o normal (in target 'CNIOAtomics' from project 'swift-nio')
    cd /Users/nd/Library/Developer/Xcode/DerivedData/Stet-fbqwqmzpvnstjwernsgqykzlzypg/SourcePackages/checkouts/swift-nio
    /Applications/Xcode.app/Contents/Developer/Toolchains/XcodeDefault.xctoolchain/usr/bin/clang -Xlinker -reproducible -target arm64-apple-macos10.13 -r -isysroot /Applications/Xcode.app/Contents/Developer/Platforms/MacOSX.platform/Developer/SDKs/MacOSX26.4.sdk -O0 -w -F/Users/nd/Library/Developer/Xcode/DerivedData/Stet-fbqwqmzpvnstjwernsgqykzlzypg/Build/Intermediates.noindex/EagerLinkingTBDs/Debug -F/Users/nd/Library/Developer/Xcode/DerivedData/Stet-fbqwqmzpvnstjwernsgqykzlzypg/Build/Products/Debug -iframework /Applications/Xcode.app/Contents/Developer/Platforms/MacOSX.platform/Developer/Library/Frameworks -filelist /Users/nd/Library/Developer/Xcode/DerivedData/Stet-fbqwqmzpvnstjwernsgqykzlzypg/Build/Intermediates.noindex/swift-nio.build/Debug/CNIOAtomics.build/Objects-normal/arm64/CNIOAtomics.LinkFileList -nostdlib -Xlinker -object_path_lto -Xlinker /Users/nd/Library/Developer/Xcode/DerivedData/Stet-fbqwqmzpvnstjwernsgqykzlzypg/Build/Intermediates.noindex/swift-nio.build/Debug/CNIOAtomics.build/Objects-normal/arm64/CNIOAtomics_lto.o -Xlinker -no_deduplicate -Xlinker -debug_variant -Xlinker -dependency_info -Xlinker /Users/nd/Library/Developer/Xcode/DerivedData/Stet-fbqwqmzpvnstjwernsgqykzlzypg/Build/Intermediates.noindex/swift-nio.build/Debug/CNIOAtomics.build/Objects-normal/arm64/CNIOAtomics_dependency_info.dat -o /Users/nd/Library/Developer/Xcode/DerivedData/Stet-fbqwqmzpvnstjwernsgqykzlzypg/Build/Products/Debug/CNIOAtomics.o

ExtractAppIntentsMetadata (in target '_NIODataStructures' from project 'swift-nio')
    cd /Users/nd/Library/Developer/Xcode/DerivedData/Stet-fbqwqmzpvnstjwernsgqykzlzypg/SourcePackages/checkouts/swift-nio
    /Applications/Xcode.app/Contents/Developer/Toolchains/XcodeDefault.xctoolchain/usr/bin/appintentsmetadataprocessor --toolchain-dir /var/run/com.apple.security.cryptexd/mnt/com.apple.MobileAsset.MetalToolchain-v17.5.188.0.XybBjs/Metal.xctoolchain --module-name _NIODataStructures --sdk-root /Applications/Xcode.app/Contents/Developer/Platforms/MacOSX.platform/Developer/SDKs/MacOSX26.4.sdk --xcode-version 17E202 --platform-family macOS --deployment-target 10.13 --bundle-identifier swift-nio.-NIODataStructures --output /Users/nd/Library/Developer/Xcode/DerivedData/Stet-fbqwqmzpvnstjwernsgqykzlzypg/Build/Products/Debug/_NIODataStructures.appintents --target-triple arm64-apple-macos10.13 --binary-file /Users/nd/Library/Developer/Xcode/DerivedData/Stet-fbqwqmzpvnstjwernsgqykzlzypg/Build/Products/Debug/_NIODataStructures.o --dependency-file /Users/nd/Library/Developer/Xcode/DerivedData/Stet-fbqwqmzpvnstjwernsgqykzlzypg/Build/Intermediates.noindex/swift-nio.build/Debug/_NIODataStructures.build/Objects-normal/arm64/_NIODataStructures_dependency_info.dat --stringsdata-file /Users/nd/Library/Developer/Xcode/DerivedData/Stet-fbqwqmzpvnstjwernsgqykzlzypg/Build/Intermediates.noindex/swift-nio.build/Debug/_NIODataStructures.build/Objects-normal/arm64/ExtractedAppShortcutsMetadata.stringsdata --source-file-list /Users/nd/Library/Developer/Xcode/DerivedData/Stet-fbqwqmzpvnstjwernsgqykzlzypg/Build/Intermediates.noindex/swift-nio.build/Debug/_NIODataStructures.build/Objects-normal/arm64/_NIODataStructures.SwiftFileList --metadata-file-list /Users/nd/Library/Developer/Xcode/DerivedData/Stet-fbqwqmzpvnstjwernsgqykzlzypg/Build/Intermediates.noindex/swift-nio.build/Debug/_NIODataStructures.build/_NIODataStructures.DependencyMetadataFileList --static-metadata-file-list /Users/nd/Library/Developer/Xcode/DerivedData/Stet-fbqwqmzpvnstjwernsgqykzlzypg/Build/Intermediates.noindex/swift-nio.build/Debug/_NIODataStructures.build/_NIODataStructures.DependencyStaticMetadataFileList --swift-const-vals-list /Users/nd/Library/Developer/Xcode/DerivedData/Stet-fbqwqmzpvnstjwernsgqykzlzypg/Build/Intermediates.noindex/swift-nio.build/Debug/_NIODataStructures.build/Objects-normal/arm64/_NIODataStructures.SwiftConstValuesFileList --force --compile-time-extraction --deployment-aware-processing --validate-assistant-intents --no-app-shortcuts-localization
2026-04-20 02:43:12.664 appintentsmetadataprocessor[71196:2079180] Starting appintentsmetadataprocessor export
2026-04-20 02:43:12.686 appintentsmetadataprocessor[71196:2079180] Extracted no relevant App Intents symbols, skipping writing output

ExtractAppIntentsMetadata (in target '_NIOBase64' from project 'swift-nio')
    cd /Users/nd/Library/Developer/Xcode/DerivedData/Stet-fbqwqmzpvnstjwernsgqykzlzypg/SourcePackages/checkouts/swift-nio
    /Applications/Xcode.app/Contents/Developer/Toolchains/XcodeDefault.xctoolchain/usr/bin/appintentsmetadataprocessor --toolchain-dir /var/run/com.apple.security.cryptexd/mnt/com.apple.MobileAsset.MetalToolchain-v17.5.188.0.XybBjs/Metal.xctoolchain --module-name _NIOBase64 --sdk-root /Applications/Xcode.app/Contents/Developer/Platforms/MacOSX.platform/Developer/SDKs/MacOSX26.4.sdk --xcode-version 17E202 --platform-family macOS --deployment-target 10.13 --bundle-identifier swift-nio.-NIOBase64 --output /Users/nd/Library/Developer/Xcode/DerivedData/Stet-fbqwqmzpvnstjwernsgqykzlzypg/Build/Products/Debug/_NIOBase64.appintents --target-triple arm64-apple-macos10.13 --binary-file /Users/nd/Library/Developer/Xcode/DerivedData/Stet-fbqwqmzpvnstjwernsgqykzlzypg/Build/Products/Debug/_NIOBase64.o --dependency-file /Users/nd/Library/Developer/Xcode/DerivedData/Stet-fbqwqmzpvnstjwernsgqykzlzypg/Build/Intermediates.noindex/swift-nio.build/Debug/_NIOBase64.build/Objects-normal/arm64/_NIOBase64_dependency_info.dat --stringsdata-file /Users/nd/Library/Developer/Xcode/DerivedData/Stet-fbqwqmzpvnstjwernsgqykzlzypg/Build/Intermediates.noindex/swift-nio.build/Debug/_NIOBase64.build/Objects-normal/arm64/ExtractedAppShortcutsMetadata.stringsdata --source-file-list /Users/nd/Library/Developer/Xcode/DerivedData/Stet-fbqwqmzpvnstjwernsgqykzlzypg/Build/Intermediates.noindex/swift-nio.build/Debug/_NIOBase64.build/Objects-normal/arm64/_NIOBase64.SwiftFileList --metadata-file-list /Users/nd/Library/Developer/Xcode/DerivedData/Stet-fbqwqmzpvnstjwernsgqykzlzypg/Build/Intermediates.noindex/swift-nio.build/Debug/_NIOBase64.build/_NIOBase64.DependencyMetadataFileList --static-metadata-file-list /Users/nd/Library/Developer/Xcode/DerivedData/Stet-fbqwqmzpvnstjwernsgqykzlzypg/Build/Intermediates.noindex/swift-nio.build/Debug/_NIOBase64.build/_NIOBase64.DependencyStaticMetadataFileList --swift-const-vals-list /Users/nd/Library/Developer/Xcode/DerivedData/Stet-fbqwqmzpvnstjwernsgqykzlzypg/Build/Intermediates.noindex/swift-nio.build/Debug/_NIOBase64.build/Objects-normal/arm64/_NIOBase64.SwiftConstValuesFileList --force --compile-time-extraction --deployment-aware-processing --validate-assistant-intents --no-app-shortcuts-localization
2026-04-20 02:43:12.664 appintentsmetadataprocessor[71197:2079181] Starting appintentsmetadataprocessor export
2026-04-20 02:43:12.686 appintentsmetadataprocessor[71197:2079181] Extracted no relevant App Intents symbols, skipping writing output

RegisterExecutionPolicyException /Users/nd/Library/Developer/Xcode/DerivedData/Stet-fbqwqmzpvnstjwernsgqykzlzypg/Build/Products/Debug/yyjson.o (in target 'yyjson' from project 'yyjson')
    cd /Users/nd/Library/Developer/Xcode/DerivedData/Stet-fbqwqmzpvnstjwernsgqykzlzypg/SourcePackages/checkouts/yyjson
    builtin-RegisterExecutionPolicyException /Users/nd/Library/Developer/Xcode/DerivedData/Stet-fbqwqmzpvnstjwernsgqykzlzypg/Build/Products/Debug/yyjson.o

ExtractAppIntentsMetadata (in target 'IssueReportingPackageSupport' from project 'xctest-dynamic-overlay')
    cd /Users/nd/Library/Developer/Xcode/DerivedData/Stet-fbqwqmzpvnstjwernsgqykzlzypg/SourcePackages/checkouts/xctest-dynamic-overlay
    /Applications/Xcode.app/Contents/Developer/Toolchains/XcodeDefault.xctoolchain/usr/bin/appintentsmetadataprocessor --toolchain-dir /var/run/com.apple.security.cryptexd/mnt/com.apple.MobileAsset.MetalToolchain-v17.5.188.0.XybBjs/Metal.xctoolchain --module-name IssueReportingPackageSupport --sdk-root /Applications/Xcode.app/Contents/Developer/Platforms/MacOSX.platform/Developer/SDKs/MacOSX26.4.sdk --xcode-version 17E202 --platform-family macOS --deployment-target 10.15 --bundle-identifier xctest-dynamic-overlay.IssueReportingPackageSupport --output /Users/nd/Library/Developer/Xcode/DerivedData/Stet-fbqwqmzpvnstjwernsgqykzlzypg/Build/Products/Debug/IssueReportingPackageSupport.appintents --target-triple arm64-apple-macos10.15 --binary-file /Users/nd/Library/Developer/Xcode/DerivedData/Stet-fbqwqmzpvnstjwernsgqykzlzypg/Build/Products/Debug/IssueReportingPackageSupport.o --dependency-file /Users/nd/Library/Developer/Xcode/DerivedData/Stet-fbqwqmzpvnstjwernsgqykzlzypg/Build/Intermediates.noindex/xctest-dynamic-overlay.build/Debug/IssueReportingPackageSupport.build/Objects-normal/arm64/IssueReportingPackageSupport_dependency_info.dat --stringsdata-file /Users/nd/Library/Developer/Xcode/DerivedData/Stet-fbqwqmzpvnstjwernsgqykzlzypg/Build/Intermediates.noindex/xctest-dynamic-overlay.build/Debug/IssueReportingPackageSupport.build/Objects-normal/arm64/ExtractedAppShortcutsMetadata.stringsdata --source-file-list /Users/nd/Library/Developer/Xcode/DerivedData/Stet-fbqwqmzpvnstjwernsgqykzlzypg/Build/Intermediates.noindex/xctest-dynamic-overlay.build/Debug/IssueReportingPackageSupport.build/Objects-normal/arm64/IssueReportingPackageSupport.SwiftFileList --metadata-file-list /Users/nd/Library/Developer/Xcode/DerivedData/Stet-fbqwqmzpvnstjwernsgqykzlzypg/Build/Intermediates.noindex/xctest-dynamic-overlay.build/Debug/IssueReportingPackageSupport.build/IssueReportingPackageSupport.DependencyMetadataFileList --static-metadata-file-list /Users/nd/Library/Developer/Xcode/DerivedData/Stet-fbqwqmzpvnstjwernsgqykzlzypg/Build/Intermediates.noindex/xctest-dynamic-overlay.build/Debug/IssueReportingPackageSupport.build/IssueReportingPackageSupport.DependencyStaticMetadataFileList --swift-const-vals-list /Users/nd/Library/Developer/Xcode/DerivedData/Stet-fbqwqmzpvnstjwernsgqykzlzypg/Build/Intermediates.noindex/xctest-dynamic-overlay.build/Debug/IssueReportingPackageSupport.build/Objects-normal/arm64/IssueReportingPackageSupport.SwiftConstValuesFileList --force --compile-time-extraction --deployment-aware-processing --validate-assistant-intents --no-app-shortcuts-localization
2026-04-20 02:43:12.663 appintentsmetadataprocessor[71198:2079251] Starting appintentsmetadataprocessor export
2026-04-20 02:43:12.686 appintentsmetadataprocessor[71198:2079251] Extracted no relevant App Intents symbols, skipping writing output

RegisterExecutionPolicyException /Users/nd/Library/Developer/Xcode/DerivedData/Stet-fbqwqmzpvnstjwernsgqykzlzypg/Build/Products/Debug/_AtomicsShims.o (in target '_AtomicsShims' from project 'swift-atomics')
    cd /Users/nd/Library/Developer/Xcode/DerivedData/Stet-fbqwqmzpvnstjwernsgqykzlzypg/SourcePackages/checkouts/swift-atomics
    builtin-RegisterExecutionPolicyException /Users/nd/Library/Developer/Xcode/DerivedData/Stet-fbqwqmzpvnstjwernsgqykzlzypg/Build/Products/Debug/_AtomicsShims.o

ExtractAppIntentsMetadata (in target 'InternalCollectionsUtilities' from project 'swift-collections')
    cd /Users/nd/Library/Developer/Xcode/DerivedData/Stet-fbqwqmzpvnstjwernsgqykzlzypg/SourcePackages/checkouts/swift-collections
    /Applications/Xcode.app/Contents/Developer/Toolchains/XcodeDefault.xctoolchain/usr/bin/appintentsmetadataprocessor --toolchain-dir /var/run/com.apple.security.cryptexd/mnt/com.apple.MobileAsset.MetalToolchain-v17.5.188.0.XybBjs/Metal.xctoolchain --module-name InternalCollectionsUtilities --sdk-root /Applications/Xcode.app/Contents/Developer/Platforms/MacOSX.platform/Developer/SDKs/MacOSX26.4.sdk --xcode-version 17E202 --platform-family macOS --deployment-target 10.13 --bundle-identifier swift-collections.InternalCollectionsUtilities --output /Users/nd/Library/Developer/Xcode/DerivedData/Stet-fbqwqmzpvnstjwernsgqykzlzypg/Build/Products/Debug/InternalCollectionsUtilities.appintents --target-triple arm64-apple-macos10.13 --binary-file /Users/nd/Library/Developer/Xcode/DerivedData/Stet-fbqwqmzpvnstjwernsgqykzlzypg/Build/Products/Debug/InternalCollectionsUtilities.o --dependency-file /Users/nd/Library/Developer/Xcode/DerivedData/Stet-fbqwqmzpvnstjwernsgqykzlzypg/Build/Intermediates.noindex/swift-collections.build/Debug/InternalCollectionsUtilities.build/Objects-normal/arm64/InternalCollectionsUtilities_dependency_info.dat --stringsdata-file /Users/nd/Library/Developer/Xcode/DerivedData/Stet-fbqwqmzpvnstjwernsgqykzlzypg/Build/Intermediates.noindex/swift-collections.build/Debug/InternalCollectionsUtilities.build/Objects-normal/arm64/ExtractedAppShortcutsMetadata.stringsdata --source-file-list /Users/nd/Library/Developer/Xcode/DerivedData/Stet-fbqwqmzpvnstjwernsgqykzlzypg/Build/Intermediates.noindex/swift-collections.build/Debug/InternalCollectionsUtilities.build/Objects-normal/arm64/InternalCollectionsUtilities.SwiftFileList --metadata-file-list /Users/nd/Library/Developer/Xcode/DerivedData/Stet-fbqwqmzpvnstjwernsgqykzlzypg/Build/Intermediates.noindex/swift-collections.build/Debug/InternalCollectionsUtilities.build/InternalCollectionsUtilities.DependencyMetadataFileList --static-metadata-file-list /Users/nd/Library/Developer/Xcode/DerivedData/Stet-fbqwqmzpvnstjwernsgqykzlzypg/Build/Intermediates.noindex/swift-collections.build/Debug/InternalCollectionsUtilities.build/InternalCollectionsUtilities.DependencyStaticMetadataFileList --swift-const-vals-list /Users/nd/Library/Developer/Xcode/DerivedData/Stet-fbqwqmzpvnstjwernsgqykzlzypg/Build/Intermediates.noindex/swift-collections.build/Debug/InternalCollectionsUtilities.build/Objects-normal/arm64/InternalCollectionsUtilities.SwiftConstValuesFileList --force --compile-time-extraction --deployment-aware-processing --validate-assistant-intents --no-app-shortcuts-localization
2026-04-20 02:43:12.663 appintentsmetadataprocessor[71199:2079270] Starting appintentsmetadataprocessor export
2026-04-20 02:43:12.686 appintentsmetadataprocessor[71199:2079270] Extracted no relevant App Intents symbols, skipping writing output

ExtractAppIntentsMetadata (in target 'HTTPTypes' from project 'swift-http-types')
    cd /Users/nd/Library/Developer/Xcode/DerivedData/Stet-fbqwqmzpvnstjwernsgqykzlzypg/SourcePackages/checkouts/swift-http-types
    /Applications/Xcode.app/Contents/Developer/Toolchains/XcodeDefault.xctoolchain/usr/bin/appintentsmetadataprocessor --toolchain-dir /var/run/com.apple.security.cryptexd/mnt/com.apple.MobileAsset.MetalToolchain-v17.5.188.0.XybBjs/Metal.xctoolchain --module-name HTTPTypes --sdk-root /Applications/Xcode.app/Contents/Developer/Platforms/MacOSX.platform/Developer/SDKs/MacOSX26.4.sdk --xcode-version 17E202 --platform-family macOS --deployment-target 10.13 --bundle-identifier swift-http-types.HTTPTypes --output /Users/nd/Library/Developer/Xcode/DerivedData/Stet-fbqwqmzpvnstjwernsgqykzlzypg/Build/Products/Debug/HTTPTypes.appintents --target-triple arm64-apple-macos10.13 --binary-file /Users/nd/Library/Developer/Xcode/DerivedData/Stet-fbqwqmzpvnstjwernsgqykzlzypg/Build/Products/Debug/HTTPTypes.o --dependency-file /Users/nd/Library/Developer/Xcode/DerivedData/Stet-fbqwqmzpvnstjwernsgqykzlzypg/Build/Intermediates.noindex/swift-http-types.build/Debug/HTTPTypes.build/Objects-normal/arm64/HTTPTypes_dependency_info.dat --stringsdata-file /Users/nd/Library/Developer/Xcode/DerivedData/Stet-fbqwqmzpvnstjwernsgqykzlzypg/Build/Intermediates.noindex/swift-http-types.build/Debug/HTTPTypes.build/Objects-normal/arm64/ExtractedAppShortcutsMetadata.stringsdata --source-file-list /Users/nd/Library/Developer/Xcode/DerivedData/Stet-fbqwqmzpvnstjwernsgqykzlzypg/Build/Intermediates.noindex/swift-http-types.build/Debug/HTTPTypes.build/Objects-normal/arm64/HTTPTypes.SwiftFileList --metadata-file-list /Users/nd/Library/Developer/Xcode/DerivedData/Stet-fbqwqmzpvnstjwernsgqykzlzypg/Build/Intermediates.noindex/swift-http-types.build/Debug/HTTPTypes.build/HTTPTypes.DependencyMetadataFileList --static-metadata-file-list /Users/nd/Library/Developer/Xcode/DerivedData/Stet-fbqwqmzpvnstjwernsgqykzlzypg/Build/Intermediates.noindex/swift-http-types.build/Debug/HTTPTypes.build/HTTPTypes.DependencyStaticMetadataFileList --swift-const-vals-list /Users/nd/Library/Developer/Xcode/DerivedData/Stet-fbqwqmzpvnstjwernsgqykzlzypg/Build/Intermediates.noindex/swift-http-types.build/Debug/HTTPTypes.build/Objects-normal/arm64/HTTPTypes.SwiftConstValuesFileList --force --compile-time-extraction --deployment-aware-processing --validate-assistant-intents --no-app-shortcuts-localization
2026-04-20 02:43:12.664 appintentsmetadataprocessor[71200:2079277] Starting appintentsmetadataprocessor export
2026-04-20 02:43:12.686 appintentsmetadataprocessor[71200:2079277] Extracted no relevant App Intents symbols, skipping writing output

ExtractAppIntentsMetadata (in target 'ConcurrencyExtras' from project 'swift-concurrency-extras')
    cd /Users/nd/Library/Developer/Xcode/DerivedData/Stet-fbqwqmzpvnstjwernsgqykzlzypg/SourcePackages/checkouts/swift-concurrency-extras
    /Applications/Xcode.app/Contents/Developer/Toolchains/XcodeDefault.xctoolchain/usr/bin/appintentsmetadataprocessor --toolchain-dir /var/run/com.apple.security.cryptexd/mnt/com.apple.MobileAsset.MetalToolchain-v17.5.188.0.XybBjs/Metal.xctoolchain --module-name ConcurrencyExtras --sdk-root /Applications/Xcode.app/Contents/Developer/Platforms/MacOSX.platform/Developer/SDKs/MacOSX26.4.sdk --xcode-version 17E202 --platform-family macOS --deployment-target 10.15 --bundle-identifier swift-concurrency-extras.ConcurrencyExtras --output /Users/nd/Library/Developer/Xcode/DerivedData/Stet-fbqwqmzpvnstjwernsgqykzlzypg/Build/Products/Debug/ConcurrencyExtras.appintents --target-triple arm64-apple-macos10.15 --binary-file /Users/nd/Library/Developer/Xcode/DerivedData/Stet-fbqwqmzpvnstjwernsgqykzlzypg/Build/Products/Debug/ConcurrencyExtras.o --dependency-file /Users/nd/Library/Developer/Xcode/DerivedData/Stet-fbqwqmzpvnstjwernsgqykzlzypg/Build/Intermediates.noindex/swift-concurrency-extras.build/Debug/ConcurrencyExtras.build/Objects-normal/arm64/ConcurrencyExtras_dependency_info.dat --stringsdata-file /Users/nd/Library/Developer/Xcode/DerivedData/Stet-fbqwqmzpvnstjwernsgqykzlzypg/Build/Intermediates.noindex/swift-concurrency-extras.build/Debug/ConcurrencyExtras.build/Objects-normal/arm64/ExtractedAppShortcutsMetadata.stringsdata --source-file-list /Users/nd/Library/Developer/Xcode/DerivedData/Stet-fbqwqmzpvnstjwernsgqykzlzypg/Build/Intermediates.noindex/swift-concurrency-extras.build/Debug/ConcurrencyExtras.build/Objects-normal/arm64/ConcurrencyExtras.SwiftFileList --metadata-file-list /Users/nd/Library/Developer/Xcode/DerivedData/Stet-fbqwqmzpvnstjwernsgqykzlzypg/Build/Intermediates.noindex/swift-concurrency-extras.build/Debug/ConcurrencyExtras.build/ConcurrencyExtras.DependencyMetadataFileList --static-metadata-file-list /Users/nd/Library/Developer/Xcode/DerivedData/Stet-fbqwqmzpvnstjwernsgqykzlzypg/Build/Intermediates.noindex/swift-concurrency-extras.build/Debug/ConcurrencyExtras.build/ConcurrencyExtras.DependencyStaticMetadataFileList --swift-const-vals-list /Users/nd/Library/Developer/Xcode/DerivedData/Stet-fbqwqmzpvnstjwernsgqykzlzypg/Build/Intermediates.noindex/swift-concurrency-extras.build/Debug/ConcurrencyExtras.build/Objects-normal/arm64/ConcurrencyExtras.SwiftConstValuesFileList --force --compile-time-extraction --deployment-aware-processing --validate-assistant-intents --no-app-shortcuts-localization
2026-04-20 02:43:12.666 appintentsmetadataprocessor[71201:2079283] Starting appintentsmetadataprocessor export
2026-04-20 02:43:12.686 appintentsmetadataprocessor[71201:2079283] Extracted no relevant App Intents symbols, skipping writing output

ExtractAppIntentsMetadata (in target 'KeyboardShortcuts' from project 'KeyboardShortcuts')
    cd /Users/nd/Library/Developer/Xcode/DerivedData/Stet-fbqwqmzpvnstjwernsgqykzlzypg/SourcePackages/checkouts/KeyboardShortcuts
    /Applications/Xcode.app/Contents/Developer/Toolchains/XcodeDefault.xctoolchain/usr/bin/appintentsmetadataprocessor --toolchain-dir /var/run/com.apple.security.cryptexd/mnt/com.apple.MobileAsset.MetalToolchain-v17.5.188.0.XybBjs/Metal.xctoolchain --module-name KeyboardShortcuts --sdk-root /Applications/Xcode.app/Contents/Developer/Platforms/MacOSX.platform/Developer/SDKs/MacOSX26.4.sdk --xcode-version 17E202 --platform-family macOS --deployment-target 10.15 --bundle-identifier keyboardshortcuts.KeyboardShortcuts --output /Users/nd/Library/Developer/Xcode/DerivedData/Stet-fbqwqmzpvnstjwernsgqykzlzypg/Build/Products/Debug/KeyboardShortcuts.appintents --target-triple arm64-apple-macos10.15 --binary-file /Users/nd/Library/Developer/Xcode/DerivedData/Stet-fbqwqmzpvnstjwernsgqykzlzypg/Build/Products/Debug/KeyboardShortcuts.o --dependency-file /Users/nd/Library/Developer/Xcode/DerivedData/Stet-fbqwqmzpvnstjwernsgqykzlzypg/Build/Intermediates.noindex/KeyboardShortcuts.build/Debug/KeyboardShortcuts.build/Objects-normal/arm64/KeyboardShortcuts_dependency_info.dat --stringsdata-file /Users/nd/Library/Developer/Xcode/DerivedData/Stet-fbqwqmzpvnstjwernsgqykzlzypg/Build/Intermediates.noindex/KeyboardShortcuts.build/Debug/KeyboardShortcuts.build/Objects-normal/arm64/ExtractedAppShortcutsMetadata.stringsdata --source-file-list /Users/nd/Library/Developer/Xcode/DerivedData/Stet-fbqwqmzpvnstjwernsgqykzlzypg/Build/Intermediates.noindex/KeyboardShortcuts.build/Debug/KeyboardShortcuts.build/Objects-normal/arm64/KeyboardShortcuts.SwiftFileList --metadata-file-list /Users/nd/Library/Developer/Xcode/DerivedData/Stet-fbqwqmzpvnstjwernsgqykzlzypg/Build/Intermediates.noindex/KeyboardShortcuts.build/Debug/KeyboardShortcuts.build/KeyboardShortcuts.DependencyMetadataFileList --static-metadata-file-list /Users/nd/Library/Developer/Xcode/DerivedData/Stet-fbqwqmzpvnstjwernsgqykzlzypg/Build/Intermediates.noindex/KeyboardShortcuts.build/Debug/KeyboardShortcuts.build/KeyboardShortcuts.DependencyStaticMetadataFileList --swift-const-vals-list /Users/nd/Library/Developer/Xcode/DerivedData/Stet-fbqwqmzpvnstjwernsgqykzlzypg/Build/Intermediates.noindex/KeyboardShortcuts.build/Debug/KeyboardShortcuts.build/Objects-normal/arm64/KeyboardShortcuts.SwiftConstValuesFileList --force --compile-time-extraction --deployment-aware-processing --validate-assistant-intents --no-app-shortcuts-localization
2026-04-20 02:43:12.676 appintentsmetadataprocessor[71202:2079284] Starting appintentsmetadataprocessor export
2026-04-20 02:43:12.688 appintentsmetadataprocessor[71202:2079284] Extracted no relevant App Intents symbols, skipping writing output

RegisterExecutionPolicyException /Users/nd/Library/Developer/Xcode/DerivedData/Stet-fbqwqmzpvnstjwernsgqykzlzypg/Build/Products/Debug/FastClusterWrapper.o (in target 'FastClusterWrapper' from project 'FluidAudio')
    cd /Users/nd/Library/Developer/Xcode/DerivedData/Stet-fbqwqmzpvnstjwernsgqykzlzypg/SourcePackages/checkouts/FluidAudio
    builtin-RegisterExecutionPolicyException /Users/nd/Library/Developer/Xcode/DerivedData/Stet-fbqwqmzpvnstjwernsgqykzlzypg/Build/Products/Debug/FastClusterWrapper.o

ExtractAppIntentsMetadata (in target 'Crypto' from project 'swift-crypto')
    cd /Users/nd/Library/Developer/Xcode/DerivedData/Stet-fbqwqmzpvnstjwernsgqykzlzypg/SourcePackages/checkouts/swift-crypto
    /Applications/Xcode.app/Contents/Developer/Toolchains/XcodeDefault.xctoolchain/usr/bin/appintentsmetadataprocessor --toolchain-dir /var/run/com.apple.security.cryptexd/mnt/com.apple.MobileAsset.MetalToolchain-v17.5.188.0.XybBjs/Metal.xctoolchain --module-name Crypto --sdk-root /Applications/Xcode.app/Contents/Developer/Platforms/MacOSX.platform/Developer/SDKs/MacOSX26.4.sdk --xcode-version 17E202 --platform-family macOS --deployment-target 10.13 --bundle-identifier swift-crypto.Crypto --output /Users/nd/Library/Developer/Xcode/DerivedData/Stet-fbqwqmzpvnstjwernsgqykzlzypg/Build/Products/Debug/Crypto.appintents --target-triple arm64-apple-macos10.13 --binary-file /Users/nd/Library/Developer/Xcode/DerivedData/Stet-fbqwqmzpvnstjwernsgqykzlzypg/Build/Products/Debug/Crypto.o --dependency-file /Users/nd/Library/Developer/Xcode/DerivedData/Stet-fbqwqmzpvnstjwernsgqykzlzypg/Build/Intermediates.noindex/swift-crypto.build/Debug/Crypto.build/Objects-normal/arm64/Crypto_dependency_info.dat --stringsdata-file /Users/nd/Library/Developer/Xcode/DerivedData/Stet-fbqwqmzpvnstjwernsgqykzlzypg/Build/Intermediates.noindex/swift-crypto.build/Debug/Crypto.build/Objects-normal/arm64/ExtractedAppShortcutsMetadata.stringsdata --source-file-list /Users/nd/Library/Developer/Xcode/DerivedData/Stet-fbqwqmzpvnstjwernsgqykzlzypg/Build/Intermediates.noindex/swift-crypto.build/Debug/Crypto.build/Objects-normal/arm64/Crypto.SwiftFileList --metadata-file-list /Users/nd/Library/Developer/Xcode/DerivedData/Stet-fbqwqmzpvnstjwernsgqykzlzypg/Build/Intermediates.noindex/swift-crypto.build/Debug/Crypto.build/Crypto.DependencyMetadataFileList --static-metadata-file-list /Users/nd/Library/Developer/Xcode/DerivedData/Stet-fbqwqmzpvnstjwernsgqykzlzypg/Build/Intermediates.noindex/swift-crypto.build/Debug/Crypto.build/Crypto.DependencyStaticMetadataFileList --swift-const-vals-list /Users/nd/Library/Developer/Xcode/DerivedData/Stet-fbqwqmzpvnstjwernsgqykzlzypg/Build/Intermediates.noindex/swift-crypto.build/Debug/Crypto.build/Objects-normal/arm64/Crypto.SwiftConstValuesFileList --force --compile-time-extraction --deployment-aware-processing --validate-assistant-intents --no-app-shortcuts-localization
2026-04-20 02:43:12.687 appintentsmetadataprocessor[71203:2079286] Starting appintentsmetadataprocessor export
2026-04-20 02:43:12.714 appintentsmetadataprocessor[71203:2079286] Extracted no relevant App Intents symbols, skipping writing output

RegisterExecutionPolicyException /Users/nd/Library/Developer/Xcode/DerivedData/Stet-fbqwqmzpvnstjwernsgqykzlzypg/Build/Products/Debug/CNIOAtomics.o (in target 'CNIOAtomics' from project 'swift-nio')
    cd /Users/nd/Library/Developer/Xcode/DerivedData/Stet-fbqwqmzpvnstjwernsgqykzlzypg/SourcePackages/checkouts/swift-nio
    builtin-RegisterExecutionPolicyException /Users/nd/Library/Developer/Xcode/DerivedData/Stet-fbqwqmzpvnstjwernsgqykzlzypg/Build/Products/Debug/CNIOAtomics.o

Ld /Users/nd/Library/Developer/Xcode/DerivedData/Stet-fbqwqmzpvnstjwernsgqykzlzypg/Build/Products/Debug/Atomics.o normal (in target 'Atomics' from project 'swift-atomics')
    cd /Users/nd/Library/Developer/Xcode/DerivedData/Stet-fbqwqmzpvnstjwernsgqykzlzypg/SourcePackages/checkouts/swift-atomics
    /Applications/Xcode.app/Contents/Developer/Toolchains/XcodeDefault.xctoolchain/usr/bin/clang -Xlinker -reproducible -target arm64-apple-macos10.13 -r -isysroot /Applications/Xcode.app/Contents/Developer/Platforms/MacOSX.platform/Developer/SDKs/MacOSX26.4.sdk -O0 -w -F/Users/nd/Library/Developer/Xcode/DerivedData/Stet-fbqwqmzpvnstjwernsgqykzlzypg/Build/Intermediates.noindex/EagerLinkingTBDs/Debug -F/Users/nd/Library/Developer/Xcode/DerivedData/Stet-fbqwqmzpvnstjwernsgqykzlzypg/Build/Products/Debug/PackageFrameworks -F/Users/nd/Library/Developer/Xcode/DerivedData/Stet-fbqwqmzpvnstjwernsgqykzlzypg/Build/Products/Debug -iframework /Applications/Xcode.app/Contents/Developer/Platforms/MacOSX.platform/Developer/Library/Frameworks -filelist /Users/nd/Library/Developer/Xcode/DerivedData/Stet-fbqwqmzpvnstjwernsgqykzlzypg/Build/Intermediates.noindex/swift-atomics.build/Debug/Atomics.build/Objects-normal/arm64/Atomics.LinkFileList -nostdlib -Xlinker -object_path_lto -Xlinker /Users/nd/Library/Developer/Xcode/DerivedData/Stet-fbqwqmzpvnstjwernsgqykzlzypg/Build/Intermediates.noindex/swift-atomics.build/Debug/Atomics.build/Objects-normal/arm64/Atomics_lto.o -Xlinker -no_deduplicate -Xlinker -debug_variant -Xlinker -dependency_info -Xlinker /Users/nd/Library/Developer/Xcode/DerivedData/Stet-fbqwqmzpvnstjwernsgqykzlzypg/Build/Intermediates.noindex/swift-atomics.build/Debug/Atomics.build/Objects-normal/arm64/Atomics_dependency_info.dat -fobjc-link-runtime -L/Applications/Xcode.app/Contents/Developer/Toolchains/XcodeDefault.xctoolchain/usr/lib/swift/macosx -L/usr/lib/swift -Xlinker -add_ast_path -Xlinker /Users/nd/Library/Developer/Xcode/DerivedData/Stet-fbqwqmzpvnstjwernsgqykzlzypg/Build/Intermediates.noindex/swift-atomics.build/Debug/Atomics.build/Objects-normal/arm64/Atomics.swiftmodule @/Users/nd/Library/Developer/Xcode/DerivedData/Stet-fbqwqmzpvnstjwernsgqykzlzypg/Build/Intermediates.noindex/swift-atomics.build/Debug/Atomics.build/Objects-normal/arm64/Atomics-linker-args.resp -o /Users/nd/Library/Developer/Xcode/DerivedData/Stet-fbqwqmzpvnstjwernsgqykzlzypg/Build/Products/Debug/Atomics.o

Ld /Users/nd/Library/Developer/Xcode/DerivedData/Stet-fbqwqmzpvnstjwernsgqykzlzypg/Build/Products/Debug/NIOConcurrencyHelpers.o normal (in target 'NIOConcurrencyHelpers' from project 'swift-nio')
    cd /Users/nd/Library/Developer/Xcode/DerivedData/Stet-fbqwqmzpvnstjwernsgqykzlzypg/SourcePackages/checkouts/swift-nio
    /Applications/Xcode.app/Contents/Developer/Toolchains/XcodeDefault.xctoolchain/usr/bin/clang -Xlinker -reproducible -target arm64-apple-macos10.13 -r -isysroot /Applications/Xcode.app/Contents/Developer/Platforms/MacOSX.platform/Developer/SDKs/MacOSX26.4.sdk -O0 -w -F/Users/nd/Library/Developer/Xcode/DerivedData/Stet-fbqwqmzpvnstjwernsgqykzlzypg/Build/Intermediates.noindex/EagerLinkingTBDs/Debug -F/Users/nd/Library/Developer/Xcode/DerivedData/Stet-fbqwqmzpvnstjwernsgqykzlzypg/Build/Products/Debug/PackageFrameworks -F/Users/nd/Library/Developer/Xcode/DerivedData/Stet-fbqwqmzpvnstjwernsgqykzlzypg/Build/Products/Debug -iframework /Applications/Xcode.app/Contents/Developer/Platforms/MacOSX.platform/Developer/Library/Frameworks -filelist /Users/nd/Library/Developer/Xcode/DerivedData/Stet-fbqwqmzpvnstjwernsgqykzlzypg/Build/Intermediates.noindex/swift-nio.build/Debug/NIOConcurrencyHelpers.build/Objects-normal/arm64/NIOConcurrencyHelpers.LinkFileList -nostdlib -Xlinker -object_path_lto -Xlinker /Users/nd/Library/Developer/Xcode/DerivedData/Stet-fbqwqmzpvnstjwernsgqykzlzypg/Build/Intermediates.noindex/swift-nio.build/Debug/NIOConcurrencyHelpers.build/Objects-normal/arm64/NIOConcurrencyHelpers_lto.o -Xlinker -no_deduplicate -Xlinker -debug_variant -Xlinker -dependency_info -Xlinker /Users/nd/Library/Developer/Xcode/DerivedData/Stet-fbqwqmzpvnstjwernsgqykzlzypg/Build/Intermediates.noindex/swift-nio.build/Debug/NIOConcurrencyHelpers.build/Objects-normal/arm64/NIOConcurrencyHelpers_dependency_info.dat -fobjc-link-runtime -L/Applications/Xcode.app/Contents/Developer/Toolchains/XcodeDefault.xctoolchain/usr/lib/swift/macosx -L/usr/lib/swift -Xlinker -add_ast_path -Xlinker /Users/nd/Library/Developer/Xcode/DerivedData/Stet-fbqwqmzpvnstjwernsgqykzlzypg/Build/Intermediates.noindex/swift-nio.build/Debug/NIOConcurrencyHelpers.build/Objects-normal/arm64/NIOConcurrencyHelpers.swiftmodule @/Users/nd/Library/Developer/Xcode/DerivedData/Stet-fbqwqmzpvnstjwernsgqykzlzypg/Build/Intermediates.noindex/swift-nio.build/Debug/NIOConcurrencyHelpers.build/Objects-normal/arm64/NIOConcurrencyHelpers-linker-args.resp -o /Users/nd/Library/Developer/Xcode/DerivedData/Stet-fbqwqmzpvnstjwernsgqykzlzypg/Build/Products/Debug/NIOConcurrencyHelpers.o

RegisterExecutionPolicyException /Users/nd/Library/Developer/Xcode/DerivedData/Stet-fbqwqmzpvnstjwernsgqykzlzypg/Build/Products/Debug/MachTaskSelfWrapper.o (in target 'MachTaskSelfWrapper' from project 'FluidAudio')
    cd /Users/nd/Library/Developer/Xcode/DerivedData/Stet-fbqwqmzpvnstjwernsgqykzlzypg/SourcePackages/checkouts/FluidAudio
    builtin-RegisterExecutionPolicyException /Users/nd/Library/Developer/Xcode/DerivedData/Stet-fbqwqmzpvnstjwernsgqykzlzypg/Build/Products/Debug/MachTaskSelfWrapper.o

RegisterExecutionPolicyException /Users/nd/Library/Developer/Xcode/DerivedData/Stet-fbqwqmzpvnstjwernsgqykzlzypg/Build/Products/Debug/HTTPTypes.o (in target 'HTTPTypes' from project 'swift-http-types')
    cd /Users/nd/Library/Developer/Xcode/DerivedData/Stet-fbqwqmzpvnstjwernsgqykzlzypg/SourcePackages/checkouts/swift-http-types
    builtin-RegisterExecutionPolicyException /Users/nd/Library/Developer/Xcode/DerivedData/Stet-fbqwqmzpvnstjwernsgqykzlzypg/Build/Products/Debug/HTTPTypes.o

RegisterExecutionPolicyException /Users/nd/Library/Developer/Xcode/DerivedData/Stet-fbqwqmzpvnstjwernsgqykzlzypg/Build/Products/Debug/InternalCollectionsUtilities.o (in target 'InternalCollectionsUtilities' from project 'swift-collections')
    cd /Users/nd/Library/Developer/Xcode/DerivedData/Stet-fbqwqmzpvnstjwernsgqykzlzypg/SourcePackages/checkouts/swift-collections
    builtin-RegisterExecutionPolicyException /Users/nd/Library/Developer/Xcode/DerivedData/Stet-fbqwqmzpvnstjwernsgqykzlzypg/Build/Products/Debug/InternalCollectionsUtilities.o

RegisterExecutionPolicyException /Users/nd/Library/Developer/Xcode/DerivedData/Stet-fbqwqmzpvnstjwernsgqykzlzypg/Build/Products/Debug/IssueReportingPackageSupport.o (in target 'IssueReportingPackageSupport' from project 'xctest-dynamic-overlay')
    cd /Users/nd/Library/Developer/Xcode/DerivedData/Stet-fbqwqmzpvnstjwernsgqykzlzypg/SourcePackages/checkouts/xctest-dynamic-overlay
    builtin-RegisterExecutionPolicyException /Users/nd/Library/Developer/Xcode/DerivedData/Stet-fbqwqmzpvnstjwernsgqykzlzypg/Build/Products/Debug/IssueReportingPackageSupport.o

RegisterExecutionPolicyException /Users/nd/Library/Developer/Xcode/DerivedData/Stet-fbqwqmzpvnstjwernsgqykzlzypg/Build/Products/Debug/ConcurrencyExtras.o (in target 'ConcurrencyExtras' from project 'swift-concurrency-extras')
    cd /Users/nd/Library/Developer/Xcode/DerivedData/Stet-fbqwqmzpvnstjwernsgqykzlzypg/SourcePackages/checkouts/swift-concurrency-extras
    builtin-RegisterExecutionPolicyException /Users/nd/Library/Developer/Xcode/DerivedData/Stet-fbqwqmzpvnstjwernsgqykzlzypg/Build/Products/Debug/ConcurrencyExtras.o

RegisterExecutionPolicyException /Users/nd/Library/Developer/Xcode/DerivedData/Stet-fbqwqmzpvnstjwernsgqykzlzypg/Build/Products/Debug/KeyboardShortcuts.o (in target 'KeyboardShortcuts' from project 'KeyboardShortcuts')
    cd /Users/nd/Library/Developer/Xcode/DerivedData/Stet-fbqwqmzpvnstjwernsgqykzlzypg/SourcePackages/checkouts/KeyboardShortcuts
    builtin-RegisterExecutionPolicyException /Users/nd/Library/Developer/Xcode/DerivedData/Stet-fbqwqmzpvnstjwernsgqykzlzypg/Build/Products/Debug/KeyboardShortcuts.o

ExtractAppIntentsMetadata (in target 'Atomics' from project 'swift-atomics')
    cd /Users/nd/Library/Developer/Xcode/DerivedData/Stet-fbqwqmzpvnstjwernsgqykzlzypg/SourcePackages/checkouts/swift-atomics
    /Applications/Xcode.app/Contents/Developer/Toolchains/XcodeDefault.xctoolchain/usr/bin/appintentsmetadataprocessor --toolchain-dir /var/run/com.apple.security.cryptexd/mnt/com.apple.MobileAsset.MetalToolchain-v17.5.188.0.XybBjs/Metal.xctoolchain --module-name Atomics --sdk-root /Applications/Xcode.app/Contents/Developer/Platforms/MacOSX.platform/Developer/SDKs/MacOSX26.4.sdk --xcode-version 17E202 --platform-family macOS --deployment-target 10.13 --bundle-identifier swift-atomics.Atomics --output /Users/nd/Library/Developer/Xcode/DerivedData/Stet-fbqwqmzpvnstjwernsgqykzlzypg/Build/Products/Debug/Atomics.appintents --target-triple arm64-apple-macos10.13 --binary-file /Users/nd/Library/Developer/Xcode/DerivedData/Stet-fbqwqmzpvnstjwernsgqykzlzypg/Build/Products/Debug/Atomics.o --dependency-file /Users/nd/Library/Developer/Xcode/DerivedData/Stet-fbqwqmzpvnstjwernsgqykzlzypg/Build/Intermediates.noindex/swift-atomics.build/Debug/Atomics.build/Objects-normal/arm64/Atomics_dependency_info.dat --stringsdata-file /Users/nd/Library/Developer/Xcode/DerivedData/Stet-fbqwqmzpvnstjwernsgqykzlzypg/Build/Intermediates.noindex/swift-atomics.build/Debug/Atomics.build/Objects-normal/arm64/ExtractedAppShortcutsMetadata.stringsdata --source-file-list /Users/nd/Library/Developer/Xcode/DerivedData/Stet-fbqwqmzpvnstjwernsgqykzlzypg/Build/Intermediates.noindex/swift-atomics.build/Debug/Atomics.build/Objects-normal/arm64/Atomics.SwiftFileList --metadata-file-list /Users/nd/Library/Developer/Xcode/DerivedData/Stet-fbqwqmzpvnstjwernsgqykzlzypg/Build/Intermediates.noindex/swift-atomics.build/Debug/Atomics.build/Atomics.DependencyMetadataFileList --static-metadata-file-list /Users/nd/Library/Developer/Xcode/DerivedData/Stet-fbqwqmzpvnstjwernsgqykzlzypg/Build/Intermediates.noindex/swift-atomics.build/Debug/Atomics.build/Atomics.DependencyStaticMetadataFileList --swift-const-vals-list /Users/nd/Library/Developer/Xcode/DerivedData/Stet-fbqwqmzpvnstjwernsgqykzlzypg/Build/Intermediates.noindex/swift-atomics.build/Debug/Atomics.build/Objects-normal/arm64/Atomics.SwiftConstValuesFileList --force --compile-time-extraction --deployment-aware-processing --validate-assistant-intents --no-app-shortcuts-localization
2026-04-20 02:43:12.715 appintentsmetadataprocessor[71208:2079331] Starting appintentsmetadataprocessor export
2026-04-20 02:43:12.725 appintentsmetadataprocessor[71208:2079331] Extracted no relevant App Intents symbols, skipping writing output

Ld /Users/nd/Library/Developer/Xcode/DerivedData/Stet-fbqwqmzpvnstjwernsgqykzlzypg/Build/Products/Debug/OpenAPIRuntime.o normal (in target 'OpenAPIRuntime' from project 'swift-openapi-runtime')
    cd /Users/nd/Library/Developer/Xcode/DerivedData/Stet-fbqwqmzpvnstjwernsgqykzlzypg/SourcePackages/checkouts/swift-openapi-runtime
    /Applications/Xcode.app/Contents/Developer/Toolchains/XcodeDefault.xctoolchain/usr/bin/clang -Xlinker -reproducible -target arm64-apple-macos10.15 -r -isysroot /Applications/Xcode.app/Contents/Developer/Platforms/MacOSX.platform/Developer/SDKs/MacOSX26.4.sdk -O0 -w -F/Users/nd/Library/Developer/Xcode/DerivedData/Stet-fbqwqmzpvnstjwernsgqykzlzypg/Build/Intermediates.noindex/EagerLinkingTBDs/Debug -F/Users/nd/Library/Developer/Xcode/DerivedData/Stet-fbqwqmzpvnstjwernsgqykzlzypg/Build/Products/Debug/PackageFrameworks -F/Users/nd/Library/Developer/Xcode/DerivedData/Stet-fbqwqmzpvnstjwernsgqykzlzypg/Build/Products/Debug -iframework /Applications/Xcode.app/Contents/Developer/Platforms/MacOSX.platform/Developer/Library/Frameworks -filelist /Users/nd/Library/Developer/Xcode/DerivedData/Stet-fbqwqmzpvnstjwernsgqykzlzypg/Build/Intermediates.noindex/swift-openapi-runtime.build/Debug/OpenAPIRuntime.build/Objects-normal/arm64/OpenAPIRuntime.LinkFileList -nostdlib -Xlinker -object_path_lto -Xlinker /Users/nd/Library/Developer/Xcode/DerivedData/Stet-fbqwqmzpvnstjwernsgqykzlzypg/Build/Intermediates.noindex/swift-openapi-runtime.build/Debug/OpenAPIRuntime.build/Objects-normal/arm64/OpenAPIRuntime_lto.o -Xlinker -no_deduplicate -Xlinker -debug_variant -Xlinker -dependency_info -Xlinker /Users/nd/Library/Developer/Xcode/DerivedData/Stet-fbqwqmzpvnstjwernsgqykzlzypg/Build/Intermediates.noindex/swift-openapi-runtime.build/Debug/OpenAPIRuntime.build/Objects-normal/arm64/OpenAPIRuntime_dependency_info.dat -fobjc-link-runtime -L/Applications/Xcode.app/Contents/Developer/Toolchains/XcodeDefault.xctoolchain/usr/lib/swift/macosx -L/usr/lib/swift -Xlinker -add_ast_path -Xlinker /Users/nd/Library/Developer/Xcode/DerivedData/Stet-fbqwqmzpvnstjwernsgqykzlzypg/Build/Intermediates.noindex/swift-openapi-runtime.build/Debug/OpenAPIRuntime.build/Objects-normal/arm64/OpenAPIRuntime.swiftmodule @/Users/nd/Library/Developer/Xcode/DerivedData/Stet-fbqwqmzpvnstjwernsgqykzlzypg/Build/Intermediates.noindex/swift-openapi-runtime.build/Debug/OpenAPIRuntime.build/Objects-normal/arm64/OpenAPIRuntime-linker-args.resp -o /Users/nd/Library/Developer/Xcode/DerivedData/Stet-fbqwqmzpvnstjwernsgqykzlzypg/Build/Products/Debug/OpenAPIRuntime.o

ExtractAppIntentsMetadata (in target 'NIOConcurrencyHelpers' from project 'swift-nio')
    cd /Users/nd/Library/Developer/Xcode/DerivedData/Stet-fbqwqmzpvnstjwernsgqykzlzypg/SourcePackages/checkouts/swift-nio
    /Applications/Xcode.app/Contents/Developer/Toolchains/XcodeDefault.xctoolchain/usr/bin/appintentsmetadataprocessor --toolchain-dir /var/run/com.apple.security.cryptexd/mnt/com.apple.MobileAsset.MetalToolchain-v17.5.188.0.XybBjs/Metal.xctoolchain --module-name NIOConcurrencyHelpers --sdk-root /Applications/Xcode.app/Contents/Developer/Platforms/MacOSX.platform/Developer/SDKs/MacOSX26.4.sdk --xcode-version 17E202 --platform-family macOS --deployment-target 10.13 --bundle-identifier swift-nio.NIOConcurrencyHelpers --output /Users/nd/Library/Developer/Xcode/DerivedData/Stet-fbqwqmzpvnstjwernsgqykzlzypg/Build/Products/Debug/NIOConcurrencyHelpers.appintents --target-triple arm64-apple-macos10.13 --binary-file /Users/nd/Library/Developer/Xcode/DerivedData/Stet-fbqwqmzpvnstjwernsgqykzlzypg/Build/Products/Debug/NIOConcurrencyHelpers.o --dependency-file /Users/nd/Library/Developer/Xcode/DerivedData/Stet-fbqwqmzpvnstjwernsgqykzlzypg/Build/Intermediates.noindex/swift-nio.build/Debug/NIOConcurrencyHelpers.build/Objects-normal/arm64/NIOConcurrencyHelpers_dependency_info.dat --stringsdata-file /Users/nd/Library/Developer/Xcode/DerivedData/Stet-fbqwqmzpvnstjwernsgqykzlzypg/Build/Intermediates.noindex/swift-nio.build/Debug/NIOConcurrencyHelpers.build/Objects-normal/arm64/ExtractedAppShortcutsMetadata.stringsdata --source-file-list /Users/nd/Library/Developer/Xcode/DerivedData/Stet-fbqwqmzpvnstjwernsgqykzlzypg/Build/Intermediates.noindex/swift-nio.build/Debug/NIOConcurrencyHelpers.build/Objects-normal/arm64/NIOConcurrencyHelpers.SwiftFileList --metadata-file-list /Users/nd/Library/Developer/Xcode/DerivedData/Stet-fbqwqmzpvnstjwernsgqykzlzypg/Build/Intermediates.noindex/swift-nio.build/Debug/NIOConcurrencyHelpers.build/NIOConcurrencyHelpers.DependencyMetadataFileList --static-metadata-file-list /Users/nd/Library/Developer/Xcode/DerivedData/Stet-fbqwqmzpvnstjwernsgqykzlzypg/Build/Intermediates.noindex/swift-nio.build/Debug/NIOConcurrencyHelpers.build/NIOConcurrencyHelpers.DependencyStaticMetadataFileList --swift-const-vals-list /Users/nd/Library/Developer/Xcode/DerivedData/Stet-fbqwqmzpvnstjwernsgqykzlzypg/Build/Intermediates.noindex/swift-nio.build/Debug/NIOConcurrencyHelpers.build/Objects-normal/arm64/NIOConcurrencyHelpers.SwiftConstValuesFileList --force --compile-time-extraction --deployment-aware-processing --validate-assistant-intents --no-app-shortcuts-localization
2026-04-20 02:43:12.724 appintentsmetadataprocessor[71211:2079345] Starting appintentsmetadataprocessor export
2026-04-20 02:43:12.735 appintentsmetadataprocessor[71211:2079345] Extracted no relevant App Intents symbols, skipping writing output

RegisterExecutionPolicyException /Users/nd/Library/Developer/Xcode/DerivedData/Stet-fbqwqmzpvnstjwernsgqykzlzypg/Build/Products/Debug/Crypto.o (in target 'Crypto' from project 'swift-crypto')
    cd /Users/nd/Library/Developer/Xcode/DerivedData/Stet-fbqwqmzpvnstjwernsgqykzlzypg/SourcePackages/checkouts/swift-crypto
    builtin-RegisterExecutionPolicyException /Users/nd/Library/Developer/Xcode/DerivedData/Stet-fbqwqmzpvnstjwernsgqykzlzypg/Build/Products/Debug/Crypto.o

Ld /Users/nd/Library/Developer/Xcode/DerivedData/Stet-fbqwqmzpvnstjwernsgqykzlzypg/Build/Products/Debug/OrderedCollections.o normal (in target 'OrderedCollections' from project 'swift-collections')
    cd /Users/nd/Library/Developer/Xcode/DerivedData/Stet-fbqwqmzpvnstjwernsgqykzlzypg/SourcePackages/checkouts/swift-collections
    /Applications/Xcode.app/Contents/Developer/Toolchains/XcodeDefault.xctoolchain/usr/bin/clang -Xlinker -reproducible -target arm64-apple-macos10.13 -r -isysroot /Applications/Xcode.app/Contents/Developer/Platforms/MacOSX.platform/Developer/SDKs/MacOSX26.4.sdk -O0 -w -F/Users/nd/Library/Developer/Xcode/DerivedData/Stet-fbqwqmzpvnstjwernsgqykzlzypg/Build/Intermediates.noindex/EagerLinkingTBDs/Debug -F/Users/nd/Library/Developer/Xcode/DerivedData/Stet-fbqwqmzpvnstjwernsgqykzlzypg/Build/Products/Debug/PackageFrameworks -F/Users/nd/Library/Developer/Xcode/DerivedData/Stet-fbqwqmzpvnstjwernsgqykzlzypg/Build/Products/Debug -iframework /Applications/Xcode.app/Contents/Developer/Platforms/MacOSX.platform/Developer/Library/Frameworks -filelist /Users/nd/Library/Developer/Xcode/DerivedData/Stet-fbqwqmzpvnstjwernsgqykzlzypg/Build/Intermediates.noindex/swift-collections.build/Debug/OrderedCollections.build/Objects-normal/arm64/OrderedCollections.LinkFileList -nostdlib -Xlinker -object_path_lto -Xlinker /Users/nd/Library/Developer/Xcode/DerivedData/Stet-fbqwqmzpvnstjwernsgqykzlzypg/Build/Intermediates.noindex/swift-collections.build/Debug/OrderedCollections.build/Objects-normal/arm64/OrderedCollections_lto.o -Xlinker -no_deduplicate -Xlinker -debug_variant -Xlinker -dependency_info -Xlinker /Users/nd/Library/Developer/Xcode/DerivedData/Stet-fbqwqmzpvnstjwernsgqykzlzypg/Build/Intermediates.noindex/swift-collections.build/Debug/OrderedCollections.build/Objects-normal/arm64/OrderedCollections_dependency_info.dat -fobjc-link-runtime -L/Applications/Xcode.app/Contents/Developer/Toolchains/XcodeDefault.xctoolchain/usr/lib/swift/macosx -L/usr/lib/swift -Xlinker -add_ast_path -Xlinker /Users/nd/Library/Developer/Xcode/DerivedData/Stet-fbqwqmzpvnstjwernsgqykzlzypg/Build/Intermediates.noindex/swift-collections.build/Debug/OrderedCollections.build/Objects-normal/arm64/OrderedCollections.swiftmodule @/Users/nd/Library/Developer/Xcode/DerivedData/Stet-fbqwqmzpvnstjwernsgqykzlzypg/Build/Intermediates.noindex/swift-collections.build/Debug/OrderedCollections.build/Objects-normal/arm64/OrderedCollections-linker-args.resp -o /Users/nd/Library/Developer/Xcode/DerivedData/Stet-fbqwqmzpvnstjwernsgqykzlzypg/Build/Products/Debug/OrderedCollections.o

Ld /Users/nd/Library/Developer/Xcode/DerivedData/Stet-fbqwqmzpvnstjwernsgqykzlzypg/Build/Products/Debug/ContainersPreview.o normal (in target 'ContainersPreview' from project 'swift-collections')
    cd /Users/nd/Library/Developer/Xcode/DerivedData/Stet-fbqwqmzpvnstjwernsgqykzlzypg/SourcePackages/checkouts/swift-collections
    /Applications/Xcode.app/Contents/Developer/Toolchains/XcodeDefault.xctoolchain/usr/bin/clang -Xlinker -reproducible -target arm64-apple-macos10.13 -r -isysroot /Applications/Xcode.app/Contents/Developer/Platforms/MacOSX.platform/Developer/SDKs/MacOSX26.4.sdk -O0 -w -F/Users/nd/Library/Developer/Xcode/DerivedData/Stet-fbqwqmzpvnstjwernsgqykzlzypg/Build/Intermediates.noindex/EagerLinkingTBDs/Debug -F/Users/nd/Library/Developer/Xcode/DerivedData/Stet-fbqwqmzpvnstjwernsgqykzlzypg/Build/Products/Debug/PackageFrameworks -F/Users/nd/Library/Developer/Xcode/DerivedData/Stet-fbqwqmzpvnstjwernsgqykzlzypg/Build/Products/Debug -iframework /Applications/Xcode.app/Contents/Developer/Platforms/MacOSX.platform/Developer/Library/Frameworks -filelist /Users/nd/Library/Developer/Xcode/DerivedData/Stet-fbqwqmzpvnstjwernsgqykzlzypg/Build/Intermediates.noindex/swift-collections.build/Debug/ContainersPreview.build/Objects-normal/arm64/ContainersPreview.LinkFileList -nostdlib -Xlinker -object_path_lto -Xlinker /Users/nd/Library/Developer/Xcode/DerivedData/Stet-fbqwqmzpvnstjwernsgqykzlzypg/Build/Intermediates.noindex/swift-collections.build/Debug/ContainersPreview.build/Objects-normal/arm64/ContainersPreview_lto.o -Xlinker -no_deduplicate -Xlinker -debug_variant -Xlinker -dependency_info -Xlinker /Users/nd/Library/Developer/Xcode/DerivedData/Stet-fbqwqmzpvnstjwernsgqykzlzypg/Build/Intermediates.noindex/swift-collections.build/Debug/ContainersPreview.build/Objects-normal/arm64/ContainersPreview_dependency_info.dat -fobjc-link-runtime -L/Applications/Xcode.app/Contents/Developer/Toolchains/XcodeDefault.xctoolchain/usr/lib/swift/macosx -L/usr/lib/swift -Xlinker -add_ast_path -Xlinker /Users/nd/Library/Developer/Xcode/DerivedData/Stet-fbqwqmzpvnstjwernsgqykzlzypg/Build/Intermediates.noindex/swift-collections.build/Debug/ContainersPreview.build/Objects-normal/arm64/ContainersPreview.swiftmodule @/Users/nd/Library/Developer/Xcode/DerivedData/Stet-fbqwqmzpvnstjwernsgqykzlzypg/Build/Intermediates.noindex/swift-collections.build/Debug/ContainersPreview.build/Objects-normal/arm64/ContainersPreview-linker-args.resp -o /Users/nd/Library/Developer/Xcode/DerivedData/Stet-fbqwqmzpvnstjwernsgqykzlzypg/Build/Products/Debug/ContainersPreview.o

RegisterExecutionPolicyException /Users/nd/Library/Developer/Xcode/DerivedData/Stet-fbqwqmzpvnstjwernsgqykzlzypg/Build/Products/Debug/Atomics.o (in target 'Atomics' from project 'swift-atomics')
    cd /Users/nd/Library/Developer/Xcode/DerivedData/Stet-fbqwqmzpvnstjwernsgqykzlzypg/SourcePackages/checkouts/swift-atomics
    builtin-RegisterExecutionPolicyException /Users/nd/Library/Developer/Xcode/DerivedData/Stet-fbqwqmzpvnstjwernsgqykzlzypg/Build/Products/Debug/Atomics.o

RegisterExecutionPolicyException /Users/nd/Library/Developer/Xcode/DerivedData/Stet-fbqwqmzpvnstjwernsgqykzlzypg/Build/Products/Debug/NIOConcurrencyHelpers.o (in target 'NIOConcurrencyHelpers' from project 'swift-nio')
    cd /Users/nd/Library/Developer/Xcode/DerivedData/Stet-fbqwqmzpvnstjwernsgqykzlzypg/SourcePackages/checkouts/swift-nio
    builtin-RegisterExecutionPolicyException /Users/nd/Library/Developer/Xcode/DerivedData/Stet-fbqwqmzpvnstjwernsgqykzlzypg/Build/Products/Debug/NIOConcurrencyHelpers.o

Ld /Users/nd/Library/Developer/Xcode/DerivedData/Stet-fbqwqmzpvnstjwernsgqykzlzypg/Build/Products/Debug/IssueReporting.o normal (in target 'IssueReporting' from project 'xctest-dynamic-overlay')
    cd /Users/nd/Library/Developer/Xcode/DerivedData/Stet-fbqwqmzpvnstjwernsgqykzlzypg/SourcePackages/checkouts/xctest-dynamic-overlay
    /Applications/Xcode.app/Contents/Developer/Toolchains/XcodeDefault.xctoolchain/usr/bin/clang -Xlinker -reproducible -target arm64-apple-macos10.15 -r -isysroot /Applications/Xcode.app/Contents/Developer/Platforms/MacOSX.platform/Developer/SDKs/MacOSX26.4.sdk -O0 -w -F/Users/nd/Library/Developer/Xcode/DerivedData/Stet-fbqwqmzpvnstjwernsgqykzlzypg/Build/Intermediates.noindex/EagerLinkingTBDs/Debug -F/Users/nd/Library/Developer/Xcode/DerivedData/Stet-fbqwqmzpvnstjwernsgqykzlzypg/Build/Products/Debug/PackageFrameworks -F/Users/nd/Library/Developer/Xcode/DerivedData/Stet-fbqwqmzpvnstjwernsgqykzlzypg/Build/Products/Debug -iframework /Applications/Xcode.app/Contents/Developer/Platforms/MacOSX.platform/Developer/Library/Frameworks -filelist /Users/nd/Library/Developer/Xcode/DerivedData/Stet-fbqwqmzpvnstjwernsgqykzlzypg/Build/Intermediates.noindex/xctest-dynamic-overlay.build/Debug/IssueReporting.build/Objects-normal/arm64/IssueReporting.LinkFileList -nostdlib -Xlinker -object_path_lto -Xlinker /Users/nd/Library/Developer/Xcode/DerivedData/Stet-fbqwqmzpvnstjwernsgqykzlzypg/Build/Intermediates.noindex/xctest-dynamic-overlay.build/Debug/IssueReporting.build/Objects-normal/arm64/IssueReporting_lto.o -Xlinker -no_deduplicate -Xlinker -debug_variant -Xlinker -dependency_info -Xlinker /Users/nd/Library/Developer/Xcode/DerivedData/Stet-fbqwqmzpvnstjwernsgqykzlzypg/Build/Intermediates.noindex/xctest-dynamic-overlay.build/Debug/IssueReporting.build/Objects-normal/arm64/IssueReporting_dependency_info.dat -fobjc-link-runtime -L/Applications/Xcode.app/Contents/Developer/Toolchains/XcodeDefault.xctoolchain/usr/lib/swift/macosx -L/usr/lib/swift -Xlinker -add_ast_path -Xlinker /Users/nd/Library/Developer/Xcode/DerivedData/Stet-fbqwqmzpvnstjwernsgqykzlzypg/Build/Intermediates.noindex/xctest-dynamic-overlay.build/Debug/IssueReporting.build/Objects-normal/arm64/IssueReporting.swiftmodule @/Users/nd/Library/Developer/Xcode/DerivedData/Stet-fbqwqmzpvnstjwernsgqykzlzypg/Build/Intermediates.noindex/xctest-dynamic-overlay.build/Debug/IssueReporting.build/Objects-normal/arm64/IssueReporting-linker-args.resp -o /Users/nd/Library/Developer/Xcode/DerivedData/Stet-fbqwqmzpvnstjwernsgqykzlzypg/Build/Products/Debug/IssueReporting.o

ExtractAppIntentsMetadata (in target 'ContainersPreview' from project 'swift-collections')
    cd /Users/nd/Library/Developer/Xcode/DerivedData/Stet-fbqwqmzpvnstjwernsgqykzlzypg/SourcePackages/checkouts/swift-collections
    /Applications/Xcode.app/Contents/Developer/Toolchains/XcodeDefault.xctoolchain/usr/bin/appintentsmetadataprocessor --toolchain-dir /var/run/com.apple.security.cryptexd/mnt/com.apple.MobileAsset.MetalToolchain-v17.5.188.0.XybBjs/Metal.xctoolchain --module-name ContainersPreview --sdk-root /Applications/Xcode.app/Contents/Developer/Platforms/MacOSX.platform/Developer/SDKs/MacOSX26.4.sdk --xcode-version 17E202 --platform-family macOS --deployment-target 10.13 --bundle-identifier swift-collections.ContainersPreview --output /Users/nd/Library/Developer/Xcode/DerivedData/Stet-fbqwqmzpvnstjwernsgqykzlzypg/Build/Products/Debug/ContainersPreview.appintents --target-triple arm64-apple-macos10.13 --binary-file /Users/nd/Library/Developer/Xcode/DerivedData/Stet-fbqwqmzpvnstjwernsgqykzlzypg/Build/Products/Debug/ContainersPreview.o --dependency-file /Users/nd/Library/Developer/Xcode/DerivedData/Stet-fbqwqmzpvnstjwernsgqykzlzypg/Build/Intermediates.noindex/swift-collections.build/Debug/ContainersPreview.build/Objects-normal/arm64/ContainersPreview_dependency_info.dat --stringsdata-file /Users/nd/Library/Developer/Xcode/DerivedData/Stet-fbqwqmzpvnstjwernsgqykzlzypg/Build/Intermediates.noindex/swift-collections.build/Debug/ContainersPreview.build/Objects-normal/arm64/ExtractedAppShortcutsMetadata.stringsdata --source-file-list /Users/nd/Library/Developer/Xcode/DerivedData/Stet-fbqwqmzpvnstjwernsgqykzlzypg/Build/Intermediates.noindex/swift-collections.build/Debug/ContainersPreview.build/Objects-normal/arm64/ContainersPreview.SwiftFileList --metadata-file-list /Users/nd/Library/Developer/Xcode/DerivedData/Stet-fbqwqmzpvnstjwernsgqykzlzypg/Build/Intermediates.noindex/swift-collections.build/Debug/ContainersPreview.build/ContainersPreview.DependencyMetadataFileList --static-metadata-file-list /Users/nd/Library/Developer/Xcode/DerivedData/Stet-fbqwqmzpvnstjwernsgqykzlzypg/Build/Intermediates.noindex/swift-collections.build/Debug/ContainersPreview.build/ContainersPreview.DependencyStaticMetadataFileList --swift-const-vals-list /Users/nd/Library/Developer/Xcode/DerivedData/Stet-fbqwqmzpvnstjwernsgqykzlzypg/Build/Intermediates.noindex/swift-collections.build/Debug/ContainersPreview.build/Objects-normal/arm64/ContainersPreview.SwiftConstValuesFileList --force --compile-time-extraction --deployment-aware-processing --validate-assistant-intents --no-app-shortcuts-localization
2026-04-20 02:43:12.764 appintentsmetadataprocessor[71217:2079393] Starting appintentsmetadataprocessor export
2026-04-20 02:43:12.779 appintentsmetadataprocessor[71217:2079393] Extracted no relevant App Intents symbols, skipping writing output

ExtractAppIntentsMetadata (in target 'OpenAPIRuntime' from project 'swift-openapi-runtime')
    cd /Users/nd/Library/Developer/Xcode/DerivedData/Stet-fbqwqmzpvnstjwernsgqykzlzypg/SourcePackages/checkouts/swift-openapi-runtime
    /Applications/Xcode.app/Contents/Developer/Toolchains/XcodeDefault.xctoolchain/usr/bin/appintentsmetadataprocessor --toolchain-dir /var/run/com.apple.security.cryptexd/mnt/com.apple.MobileAsset.MetalToolchain-v17.5.188.0.XybBjs/Metal.xctoolchain --module-name OpenAPIRuntime --sdk-root /Applications/Xcode.app/Contents/Developer/Platforms/MacOSX.platform/Developer/SDKs/MacOSX26.4.sdk --xcode-version 17E202 --platform-family macOS --deployment-target 10.15 --bundle-identifier swift-openapi-runtime.OpenAPIRuntime --output /Users/nd/Library/Developer/Xcode/DerivedData/Stet-fbqwqmzpvnstjwernsgqykzlzypg/Build/Products/Debug/OpenAPIRuntime.appintents --target-triple arm64-apple-macos10.15 --binary-file /Users/nd/Library/Developer/Xcode/DerivedData/Stet-fbqwqmzpvnstjwernsgqykzlzypg/Build/Products/Debug/OpenAPIRuntime.o --dependency-file /Users/nd/Library/Developer/Xcode/DerivedData/Stet-fbqwqmzpvnstjwernsgqykzlzypg/Build/Intermediates.noindex/swift-openapi-runtime.build/Debug/OpenAPIRuntime.build/Objects-normal/arm64/OpenAPIRuntime_dependency_info.dat --stringsdata-file /Users/nd/Library/Developer/Xcode/DerivedData/Stet-fbqwqmzpvnstjwernsgqykzlzypg/Build/Intermediates.noindex/swift-openapi-runtime.build/Debug/OpenAPIRuntime.build/Objects-normal/arm64/ExtractedAppShortcutsMetadata.stringsdata --source-file-list /Users/nd/Library/Developer/Xcode/DerivedData/Stet-fbqwqmzpvnstjwernsgqykzlzypg/Build/Intermediates.noindex/swift-openapi-runtime.build/Debug/OpenAPIRuntime.build/Objects-normal/arm64/OpenAPIRuntime.SwiftFileList --metadata-file-list /Users/nd/Library/Developer/Xcode/DerivedData/Stet-fbqwqmzpvnstjwernsgqykzlzypg/Build/Intermediates.noindex/swift-openapi-runtime.build/Debug/OpenAPIRuntime.build/OpenAPIRuntime.DependencyMetadataFileList --static-metadata-file-list /Users/nd/Library/Developer/Xcode/DerivedData/Stet-fbqwqmzpvnstjwernsgqykzlzypg/Build/Intermediates.noindex/swift-openapi-runtime.build/Debug/OpenAPIRuntime.build/OpenAPIRuntime.DependencyStaticMetadataFileList --swift-const-vals-list /Users/nd/Library/Developer/Xcode/DerivedData/Stet-fbqwqmzpvnstjwernsgqykzlzypg/Build/Intermediates.noindex/swift-openapi-runtime.build/Debug/OpenAPIRuntime.build/Objects-normal/arm64/OpenAPIRuntime.SwiftConstValuesFileList --force --compile-time-extraction --deployment-aware-processing --validate-assistant-intents --no-app-shortcuts-localization
2026-04-20 02:43:12.767 appintentsmetadataprocessor[71218:2079394] Starting appintentsmetadataprocessor export
2026-04-20 02:43:12.785 appintentsmetadataprocessor[71218:2079394] Extracted no relevant App Intents symbols, skipping writing output

ExtractAppIntentsMetadata (in target 'OrderedCollections' from project 'swift-collections')
    cd /Users/nd/Library/Developer/Xcode/DerivedData/Stet-fbqwqmzpvnstjwernsgqykzlzypg/SourcePackages/checkouts/swift-collections
    /Applications/Xcode.app/Contents/Developer/Toolchains/XcodeDefault.xctoolchain/usr/bin/appintentsmetadataprocessor --toolchain-dir /var/run/com.apple.security.cryptexd/mnt/com.apple.MobileAsset.MetalToolchain-v17.5.188.0.XybBjs/Metal.xctoolchain --module-name OrderedCollections --sdk-root /Applications/Xcode.app/Contents/Developer/Platforms/MacOSX.platform/Developer/SDKs/MacOSX26.4.sdk --xcode-version 17E202 --platform-family macOS --deployment-target 10.13 --bundle-identifier swift-collections.OrderedCollections --output /Users/nd/Library/Developer/Xcode/DerivedData/Stet-fbqwqmzpvnstjwernsgqykzlzypg/Build/Products/Debug/OrderedCollections.appintents --target-triple arm64-apple-macos10.13 --binary-file /Users/nd/Library/Developer/Xcode/DerivedData/Stet-fbqwqmzpvnstjwernsgqykzlzypg/Build/Products/Debug/OrderedCollections.o --dependency-file /Users/nd/Library/Developer/Xcode/DerivedData/Stet-fbqwqmzpvnstjwernsgqykzlzypg/Build/Intermediates.noindex/swift-collections.build/Debug/OrderedCollections.build/Objects-normal/arm64/OrderedCollections_dependency_info.dat --stringsdata-file /Users/nd/Library/Developer/Xcode/DerivedData/Stet-fbqwqmzpvnstjwernsgqykzlzypg/Build/Intermediates.noindex/swift-collections.build/Debug/OrderedCollections.build/Objects-normal/arm64/ExtractedAppShortcutsMetadata.stringsdata --source-file-list /Users/nd/Library/Developer/Xcode/DerivedData/Stet-fbqwqmzpvnstjwernsgqykzlzypg/Build/Intermediates.noindex/swift-collections.build/Debug/OrderedCollections.build/Objects-normal/arm64/OrderedCollections.SwiftFileList --metadata-file-list /Users/nd/Library/Developer/Xcode/DerivedData/Stet-fbqwqmzpvnstjwernsgqykzlzypg/Build/Intermediates.noindex/swift-collections.build/Debug/OrderedCollections.build/OrderedCollections.DependencyMetadataFileList --static-metadata-file-list /Users/nd/Library/Developer/Xcode/DerivedData/Stet-fbqwqmzpvnstjwernsgqykzlzypg/Build/Intermediates.noindex/swift-collections.build/Debug/OrderedCollections.build/OrderedCollections.DependencyStaticMetadataFileList --swift-const-vals-list /Users/nd/Library/Developer/Xcode/DerivedData/Stet-fbqwqmzpvnstjwernsgqykzlzypg/Build/Intermediates.noindex/swift-collections.build/Debug/OrderedCollections.build/Objects-normal/arm64/OrderedCollections.SwiftConstValuesFileList --force --compile-time-extraction --deployment-aware-processing --validate-assistant-intents --no-app-shortcuts-localization
2026-04-20 02:43:12.767 appintentsmetadataprocessor[71219:2079395] Starting appintentsmetadataprocessor export
2026-04-20 02:43:12.782 appintentsmetadataprocessor[71219:2079395] Extracted no relevant App Intents symbols, skipping writing output

ExtractAppIntentsMetadata (in target 'IssueReporting' from project 'xctest-dynamic-overlay')
    cd /Users/nd/Library/Developer/Xcode/DerivedData/Stet-fbqwqmzpvnstjwernsgqykzlzypg/SourcePackages/checkouts/xctest-dynamic-overlay
    /Applications/Xcode.app/Contents/Developer/Toolchains/XcodeDefault.xctoolchain/usr/bin/appintentsmetadataprocessor --toolchain-dir /var/run/com.apple.security.cryptexd/mnt/com.apple.MobileAsset.MetalToolchain-v17.5.188.0.XybBjs/Metal.xctoolchain --module-name IssueReporting --sdk-root /Applications/Xcode.app/Contents/Developer/Platforms/MacOSX.platform/Developer/SDKs/MacOSX26.4.sdk --xcode-version 17E202 --platform-family macOS --deployment-target 10.15 --bundle-identifier xctest-dynamic-overlay.IssueReporting --output /Users/nd/Library/Developer/Xcode/DerivedData/Stet-fbqwqmzpvnstjwernsgqykzlzypg/Build/Products/Debug/IssueReporting.appintents --target-triple arm64-apple-macos10.15 --binary-file /Users/nd/Library/Developer/Xcode/DerivedData/Stet-fbqwqmzpvnstjwernsgqykzlzypg/Build/Products/Debug/IssueReporting.o --dependency-file /Users/nd/Library/Developer/Xcode/DerivedData/Stet-fbqwqmzpvnstjwernsgqykzlzypg/Build/Intermediates.noindex/xctest-dynamic-overlay.build/Debug/IssueReporting.build/Objects-normal/arm64/IssueReporting_dependency_info.dat --stringsdata-file /Users/nd/Library/Developer/Xcode/DerivedData/Stet-fbqwqmzpvnstjwernsgqykzlzypg/Build/Intermediates.noindex/xctest-dynamic-overlay.build/Debug/IssueReporting.build/Objects-normal/arm64/ExtractedAppShortcutsMetadata.stringsdata --source-file-list /Users/nd/Library/Developer/Xcode/DerivedData/Stet-fbqwqmzpvnstjwernsgqykzlzypg/Build/Intermediates.noindex/xctest-dynamic-overlay.build/Debug/IssueReporting.build/Objects-normal/arm64/IssueReporting.SwiftFileList --metadata-file-list /Users/nd/Library/Developer/Xcode/DerivedData/Stet-fbqwqmzpvnstjwernsgqykzlzypg/Build/Intermediates.noindex/xctest-dynamic-overlay.build/Debug/IssueReporting.build/IssueReporting.DependencyMetadataFileList --static-metadata-file-list /Users/nd/Library/Developer/Xcode/DerivedData/Stet-fbqwqmzpvnstjwernsgqykzlzypg/Build/Intermediates.noindex/xctest-dynamic-overlay.build/Debug/IssueReporting.build/IssueReporting.DependencyStaticMetadataFileList --swift-const-vals-list /Users/nd/Library/Developer/Xcode/DerivedData/Stet-fbqwqmzpvnstjwernsgqykzlzypg/Build/Intermediates.noindex/xctest-dynamic-overlay.build/Debug/IssueReporting.build/Objects-normal/arm64/IssueReporting.SwiftConstValuesFileList --force --compile-time-extraction --deployment-aware-processing --validate-assistant-intents --no-app-shortcuts-localization
2026-04-20 02:43:12.787 appintentsmetadataprocessor[71221:2079416] Starting appintentsmetadataprocessor export
2026-04-20 02:43:12.797 appintentsmetadataprocessor[71221:2079416] Extracted no relevant App Intents symbols, skipping writing output

RegisterExecutionPolicyException /Users/nd/Library/Developer/Xcode/DerivedData/Stet-fbqwqmzpvnstjwernsgqykzlzypg/Build/Products/Debug/_NIOBase64.o (in target '_NIOBase64' from project 'swift-nio')
    cd /Users/nd/Library/Developer/Xcode/DerivedData/Stet-fbqwqmzpvnstjwernsgqykzlzypg/SourcePackages/checkouts/swift-nio
    builtin-RegisterExecutionPolicyException /Users/nd/Library/Developer/Xcode/DerivedData/Stet-fbqwqmzpvnstjwernsgqykzlzypg/Build/Products/Debug/_NIOBase64.o

RegisterExecutionPolicyException /Users/nd/Library/Developer/Xcode/DerivedData/Stet-fbqwqmzpvnstjwernsgqykzlzypg/Build/Products/Debug/ContainersPreview.o (in target 'ContainersPreview' from project 'swift-collections')
    cd /Users/nd/Library/Developer/Xcode/DerivedData/Stet-fbqwqmzpvnstjwernsgqykzlzypg/SourcePackages/checkouts/swift-collections
    builtin-RegisterExecutionPolicyException /Users/nd/Library/Developer/Xcode/DerivedData/Stet-fbqwqmzpvnstjwernsgqykzlzypg/Build/Products/Debug/ContainersPreview.o

RegisterExecutionPolicyException /Users/nd/Library/Developer/Xcode/DerivedData/Stet-fbqwqmzpvnstjwernsgqykzlzypg/Build/Products/Debug/OrderedCollections.o (in target 'OrderedCollections' from project 'swift-collections')
    cd /Users/nd/Library/Developer/Xcode/DerivedData/Stet-fbqwqmzpvnstjwernsgqykzlzypg/SourcePackages/checkouts/swift-collections
    builtin-RegisterExecutionPolicyException /Users/nd/Library/Developer/Xcode/DerivedData/Stet-fbqwqmzpvnstjwernsgqykzlzypg/Build/Products/Debug/OrderedCollections.o

RegisterExecutionPolicyException /Users/nd/Library/Developer/Xcode/DerivedData/Stet-fbqwqmzpvnstjwernsgqykzlzypg/Build/Products/Debug/OpenAPIRuntime.o (in target 'OpenAPIRuntime' from project 'swift-openapi-runtime')
    cd /Users/nd/Library/Developer/Xcode/DerivedData/Stet-fbqwqmzpvnstjwernsgqykzlzypg/SourcePackages/checkouts/swift-openapi-runtime
    builtin-RegisterExecutionPolicyException /Users/nd/Library/Developer/Xcode/DerivedData/Stet-fbqwqmzpvnstjwernsgqykzlzypg/Build/Products/Debug/OpenAPIRuntime.o

RegisterExecutionPolicyException /Users/nd/Library/Developer/Xcode/DerivedData/Stet-fbqwqmzpvnstjwernsgqykzlzypg/Build/Products/Debug/CNIOOpenBSD.o (in target 'CNIOOpenBSD' from project 'swift-nio')
    cd /Users/nd/Library/Developer/Xcode/DerivedData/Stet-fbqwqmzpvnstjwernsgqykzlzypg/SourcePackages/checkouts/swift-nio
    builtin-RegisterExecutionPolicyException /Users/nd/Library/Developer/Xcode/DerivedData/Stet-fbqwqmzpvnstjwernsgqykzlzypg/Build/Products/Debug/CNIOOpenBSD.o

Ld /Users/nd/Library/Developer/Xcode/DerivedData/Stet-fbqwqmzpvnstjwernsgqykzlzypg/Build/Products/Debug/DequeModule.o normal (in target 'DequeModule' from project 'swift-collections')
    cd /Users/nd/Library/Developer/Xcode/DerivedData/Stet-fbqwqmzpvnstjwernsgqykzlzypg/SourcePackages/checkouts/swift-collections
    /Applications/Xcode.app/Contents/Developer/Toolchains/XcodeDefault.xctoolchain/usr/bin/clang -Xlinker -reproducible -target arm64-apple-macos10.13 -r -isysroot /Applications/Xcode.app/Contents/Developer/Platforms/MacOSX.platform/Developer/SDKs/MacOSX26.4.sdk -O0 -w -F/Users/nd/Library/Developer/Xcode/DerivedData/Stet-fbqwqmzpvnstjwernsgqykzlzypg/Build/Intermediates.noindex/EagerLinkingTBDs/Debug -F/Users/nd/Library/Developer/Xcode/DerivedData/Stet-fbqwqmzpvnstjwernsgqykzlzypg/Build/Products/Debug/PackageFrameworks -F/Users/nd/Library/Developer/Xcode/DerivedData/Stet-fbqwqmzpvnstjwernsgqykzlzypg/Build/Products/Debug/PackageFrameworks -F/Users/nd/Library/Developer/Xcode/DerivedData/Stet-fbqwqmzpvnstjwernsgqykzlzypg/Build/Products/Debug -iframework /Applications/Xcode.app/Contents/Developer/Platforms/MacOSX.platform/Developer/Library/Frameworks -filelist /Users/nd/Library/Developer/Xcode/DerivedData/Stet-fbqwqmzpvnstjwernsgqykzlzypg/Build/Intermediates.noindex/swift-collections.build/Debug/DequeModule.build/Objects-normal/arm64/DequeModule.LinkFileList -nostdlib -Xlinker -object_path_lto -Xlinker /Users/nd/Library/Developer/Xcode/DerivedData/Stet-fbqwqmzpvnstjwernsgqykzlzypg/Build/Intermediates.noindex/swift-collections.build/Debug/DequeModule.build/Objects-normal/arm64/DequeModule_lto.o -Xlinker -no_deduplicate -Xlinker -debug_variant -Xlinker -dependency_info -Xlinker /Users/nd/Library/Developer/Xcode/DerivedData/Stet-fbqwqmzpvnstjwernsgqykzlzypg/Build/Intermediates.noindex/swift-collections.build/Debug/DequeModule.build/Objects-normal/arm64/DequeModule_dependency_info.dat -fobjc-link-runtime -L/Applications/Xcode.app/Contents/Developer/Toolchains/XcodeDefault.xctoolchain/usr/lib/swift/macosx -L/usr/lib/swift -Xlinker -add_ast_path -Xlinker /Users/nd/Library/Developer/Xcode/DerivedData/Stet-fbqwqmzpvnstjwernsgqykzlzypg/Build/Intermediates.noindex/swift-collections.build/Debug/DequeModule.build/Objects-normal/arm64/DequeModule.swiftmodule @/Users/nd/Library/Developer/Xcode/DerivedData/Stet-fbqwqmzpvnstjwernsgqykzlzypg/Build/Intermediates.noindex/swift-collections.build/Debug/DequeModule.build/Objects-normal/arm64/DequeModule-linker-args.resp -o /Users/nd/Library/Developer/Xcode/DerivedData/Stet-fbqwqmzpvnstjwernsgqykzlzypg/Build/Products/Debug/DequeModule.o

RegisterExecutionPolicyException /Users/nd/Library/Developer/Xcode/DerivedData/Stet-fbqwqmzpvnstjwernsgqykzlzypg/Build/Products/Debug/IssueReporting.o (in target 'IssueReporting' from project 'xctest-dynamic-overlay')
    cd /Users/nd/Library/Developer/Xcode/DerivedData/Stet-fbqwqmzpvnstjwernsgqykzlzypg/SourcePackages/checkouts/xctest-dynamic-overlay
    builtin-RegisterExecutionPolicyException /Users/nd/Library/Developer/Xcode/DerivedData/Stet-fbqwqmzpvnstjwernsgqykzlzypg/Build/Products/Debug/IssueReporting.o

Ld /Users/nd/Library/Developer/Xcode/DerivedData/Stet-fbqwqmzpvnstjwernsgqykzlzypg/Build/Products/Debug/Jinja.o normal (in target 'Jinja' from project 'Jinja')
    cd /Users/nd/Library/Developer/Xcode/DerivedData/Stet-fbqwqmzpvnstjwernsgqykzlzypg/SourcePackages/checkouts/swift-jinja
    /Applications/Xcode.app/Contents/Developer/Toolchains/XcodeDefault.xctoolchain/usr/bin/clang -Xlinker -reproducible -target arm64-apple-macos13.0 -r -isysroot /Applications/Xcode.app/Contents/Developer/Platforms/MacOSX.platform/Developer/SDKs/MacOSX26.4.sdk -O0 -w -F/Users/nd/Library/Developer/Xcode/DerivedData/Stet-fbqwqmzpvnstjwernsgqykzlzypg/Build/Intermediates.noindex/EagerLinkingTBDs/Debug -F/Users/nd/Library/Developer/Xcode/DerivedData/Stet-fbqwqmzpvnstjwernsgqykzlzypg/Build/Products/Debug/PackageFrameworks -F/Users/nd/Library/Developer/Xcode/DerivedData/Stet-fbqwqmzpvnstjwernsgqykzlzypg/Build/Products/Debug/PackageFrameworks -F/Users/nd/Library/Developer/Xcode/DerivedData/Stet-fbqwqmzpvnstjwernsgqykzlzypg/Build/Products/Debug -iframework /Applications/Xcode.app/Contents/Developer/Platforms/MacOSX.platform/Developer/Library/Frameworks -filelist /Users/nd/Library/Developer/Xcode/DerivedData/Stet-fbqwqmzpvnstjwernsgqykzlzypg/Build/Intermediates.noindex/Jinja.build/Debug/Jinja.build/Objects-normal/arm64/Jinja.LinkFileList -nostdlib -Xlinker -object_path_lto -Xlinker /Users/nd/Library/Developer/Xcode/DerivedData/Stet-fbqwqmzpvnstjwernsgqykzlzypg/Build/Intermediates.noindex/Jinja.build/Debug/Jinja.build/Objects-normal/arm64/Jinja_lto.o -Xlinker -no_deduplicate -Xlinker -debug_variant -Xlinker -dependency_info -Xlinker /Users/nd/Library/Developer/Xcode/DerivedData/Stet-fbqwqmzpvnstjwernsgqykzlzypg/Build/Intermediates.noindex/Jinja.build/Debug/Jinja.build/Objects-normal/arm64/Jinja_dependency_info.dat -fobjc-link-runtime -L/Applications/Xcode.app/Contents/Developer/Toolchains/XcodeDefault.xctoolchain/usr/lib/swift/macosx -L/usr/lib/swift -Xlinker -add_ast_path -Xlinker /Users/nd/Library/Developer/Xcode/DerivedData/Stet-fbqwqmzpvnstjwernsgqykzlzypg/Build/Intermediates.noindex/Jinja.build/Debug/Jinja.build/Objects-normal/arm64/Jinja.swiftmodule @/Users/nd/Library/Developer/Xcode/DerivedData/Stet-fbqwqmzpvnstjwernsgqykzlzypg/Build/Intermediates.noindex/Jinja.build/Debug/Jinja.build/Objects-normal/arm64/Jinja-linker-args.resp -o /Users/nd/Library/Developer/Xcode/DerivedData/Stet-fbqwqmzpvnstjwernsgqykzlzypg/Build/Products/Debug/Jinja.o

Ld /Users/nd/Library/Developer/Xcode/DerivedData/Stet-fbqwqmzpvnstjwernsgqykzlzypg/Build/Products/Debug/OpenAI.o normal (in target 'OpenAI' from project 'OpenAI')
    cd /Users/nd/Library/Developer/Xcode/DerivedData/Stet-fbqwqmzpvnstjwernsgqykzlzypg/SourcePackages/checkouts/OpenAI
    /Applications/Xcode.app/Contents/Developer/Toolchains/XcodeDefault.xctoolchain/usr/bin/clang -Xlinker -reproducible -target arm64-apple-macos10.15 -r -isysroot /Applications/Xcode.app/Contents/Developer/Platforms/MacOSX.platform/Developer/SDKs/MacOSX26.4.sdk -O0 -w -F/Users/nd/Library/Developer/Xcode/DerivedData/Stet-fbqwqmzpvnstjwernsgqykzlzypg/Build/Intermediates.noindex/EagerLinkingTBDs/Debug -F/Users/nd/Library/Developer/Xcode/DerivedData/Stet-fbqwqmzpvnstjwernsgqykzlzypg/Build/Products/Debug/PackageFrameworks -F/Users/nd/Library/Developer/Xcode/DerivedData/Stet-fbqwqmzpvnstjwernsgqykzlzypg/Build/Products/Debug/PackageFrameworks -F/Users/nd/Library/Developer/Xcode/DerivedData/Stet-fbqwqmzpvnstjwernsgqykzlzypg/Build/Products/Debug -iframework /Applications/Xcode.app/Contents/Developer/Platforms/MacOSX.platform/Developer/Library/Frameworks -filelist /Users/nd/Library/Developer/Xcode/DerivedData/Stet-fbqwqmzpvnstjwernsgqykzlzypg/Build/Intermediates.noindex/OpenAI.build/Debug/OpenAI.build/Objects-normal/arm64/OpenAI.LinkFileList -nostdlib -Xlinker -object_path_lto -Xlinker /Users/nd/Library/Developer/Xcode/DerivedData/Stet-fbqwqmzpvnstjwernsgqykzlzypg/Build/Intermediates.noindex/OpenAI.build/Debug/OpenAI.build/Objects-normal/arm64/OpenAI_lto.o -Xlinker -no_deduplicate -Xlinker -debug_variant -Xlinker -dependency_info -Xlinker /Users/nd/Library/Developer/Xcode/DerivedData/Stet-fbqwqmzpvnstjwernsgqykzlzypg/Build/Intermediates.noindex/OpenAI.build/Debug/OpenAI.build/Objects-normal/arm64/OpenAI_dependency_info.dat -fobjc-link-runtime -L/Applications/Xcode.app/Contents/Developer/Toolchains/XcodeDefault.xctoolchain/usr/lib/swift/macosx -L/usr/lib/swift -Xlinker -add_ast_path -Xlinker /Users/nd/Library/Developer/Xcode/DerivedData/Stet-fbqwqmzpvnstjwernsgqykzlzypg/Build/Intermediates.noindex/OpenAI.build/Debug/OpenAI.build/Objects-normal/arm64/OpenAI.swiftmodule @/Users/nd/Library/Developer/Xcode/DerivedData/Stet-fbqwqmzpvnstjwernsgqykzlzypg/Build/Intermediates.noindex/OpenAI.build/Debug/OpenAI.build/Objects-normal/arm64/OpenAI-linker-args.resp -o /Users/nd/Library/Developer/Xcode/DerivedData/Stet-fbqwqmzpvnstjwernsgqykzlzypg/Build/Products/Debug/OpenAI.o

RegisterExecutionPolicyException /Users/nd/Library/Developer/Xcode/DerivedData/Stet-fbqwqmzpvnstjwernsgqykzlzypg/Build/Products/Debug/CNIODarwin.o (in target 'CNIODarwin' from project 'swift-nio')
    cd /Users/nd/Library/Developer/Xcode/DerivedData/Stet-fbqwqmzpvnstjwernsgqykzlzypg/SourcePackages/checkouts/swift-nio
    builtin-RegisterExecutionPolicyException /Users/nd/Library/Developer/Xcode/DerivedData/Stet-fbqwqmzpvnstjwernsgqykzlzypg/Build/Products/Debug/CNIODarwin.o

ExtractAppIntentsMetadata (in target 'DequeModule' from project 'swift-collections')
    cd /Users/nd/Library/Developer/Xcode/DerivedData/Stet-fbqwqmzpvnstjwernsgqykzlzypg/SourcePackages/checkouts/swift-collections
    /Applications/Xcode.app/Contents/Developer/Toolchains/XcodeDefault.xctoolchain/usr/bin/appintentsmetadataprocessor --toolchain-dir /var/run/com.apple.security.cryptexd/mnt/com.apple.MobileAsset.MetalToolchain-v17.5.188.0.XybBjs/Metal.xctoolchain --module-name DequeModule --sdk-root /Applications/Xcode.app/Contents/Developer/Platforms/MacOSX.platform/Developer/SDKs/MacOSX26.4.sdk --xcode-version 17E202 --platform-family macOS --deployment-target 10.13 --bundle-identifier swift-collections.DequeModule --output /Users/nd/Library/Developer/Xcode/DerivedData/Stet-fbqwqmzpvnstjwernsgqykzlzypg/Build/Products/Debug/DequeModule.appintents --target-triple arm64-apple-macos10.13 --binary-file /Users/nd/Library/Developer/Xcode/DerivedData/Stet-fbqwqmzpvnstjwernsgqykzlzypg/Build/Products/Debug/DequeModule.o --dependency-file /Users/nd/Library/Developer/Xcode/DerivedData/Stet-fbqwqmzpvnstjwernsgqykzlzypg/Build/Intermediates.noindex/swift-collections.build/Debug/DequeModule.build/Objects-normal/arm64/DequeModule_dependency_info.dat --stringsdata-file /Users/nd/Library/Developer/Xcode/DerivedData/Stet-fbqwqmzpvnstjwernsgqykzlzypg/Build/Intermediates.noindex/swift-collections.build/Debug/DequeModule.build/Objects-normal/arm64/ExtractedAppShortcutsMetadata.stringsdata --source-file-list /Users/nd/Library/Developer/Xcode/DerivedData/Stet-fbqwqmzpvnstjwernsgqykzlzypg/Build/Intermediates.noindex/swift-collections.build/Debug/DequeModule.build/Objects-normal/arm64/DequeModule.SwiftFileList --metadata-file-list /Users/nd/Library/Developer/Xcode/DerivedData/Stet-fbqwqmzpvnstjwernsgqykzlzypg/Build/Intermediates.noindex/swift-collections.build/Debug/DequeModule.build/DequeModule.DependencyMetadataFileList --static-metadata-file-list /Users/nd/Library/Developer/Xcode/DerivedData/Stet-fbqwqmzpvnstjwernsgqykzlzypg/Build/Intermediates.noindex/swift-collections.build/Debug/DequeModule.build/DequeModule.DependencyStaticMetadataFileList --swift-const-vals-list /Users/nd/Library/Developer/Xcode/DerivedData/Stet-fbqwqmzpvnstjwernsgqykzlzypg/Build/Intermediates.noindex/swift-collections.build/Debug/DequeModule.build/Objects-normal/arm64/DequeModule.SwiftConstValuesFileList --force --compile-time-extraction --deployment-aware-processing --validate-assistant-intents --no-app-shortcuts-localization
2026-04-20 02:43:12.838 appintentsmetadataprocessor[71228:2079451] Starting appintentsmetadataprocessor export
2026-04-20 02:43:12.869 appintentsmetadataprocessor[71228:2079451] Extracted no relevant App Intents symbols, skipping writing output

Ld /Users/nd/Library/Developer/Xcode/DerivedData/Stet-fbqwqmzpvnstjwernsgqykzlzypg/Build/Products/Debug/Clocks.o normal (in target 'Clocks' from project 'swift-clocks')
    cd /Users/nd/Library/Developer/Xcode/DerivedData/Stet-fbqwqmzpvnstjwernsgqykzlzypg/SourcePackages/checkouts/swift-clocks
    /Applications/Xcode.app/Contents/Developer/Toolchains/XcodeDefault.xctoolchain/usr/bin/clang -Xlinker -reproducible -target arm64-apple-macos10.15 -r -isysroot /Applications/Xcode.app/Contents/Developer/Platforms/MacOSX.platform/Developer/SDKs/MacOSX26.4.sdk -O0 -w -F/Users/nd/Library/Developer/Xcode/DerivedData/Stet-fbqwqmzpvnstjwernsgqykzlzypg/Build/Intermediates.noindex/EagerLinkingTBDs/Debug -F/Users/nd/Library/Developer/Xcode/DerivedData/Stet-fbqwqmzpvnstjwernsgqykzlzypg/Build/Products/Debug/PackageFrameworks -F/Users/nd/Library/Developer/Xcode/DerivedData/Stet-fbqwqmzpvnstjwernsgqykzlzypg/Build/Products/Debug/PackageFrameworks -F/Users/nd/Library/Developer/Xcode/DerivedData/Stet-fbqwqmzpvnstjwernsgqykzlzypg/Build/Products/Debug/PackageFrameworks -F/Users/nd/Library/Developer/Xcode/DerivedData/Stet-fbqwqmzpvnstjwernsgqykzlzypg/Build/Products/Debug -iframework /Applications/Xcode.app/Contents/Developer/Platforms/MacOSX.platform/Developer/Library/Frameworks -filelist /Users/nd/Library/Developer/Xcode/DerivedData/Stet-fbqwqmzpvnstjwernsgqykzlzypg/Build/Intermediates.noindex/swift-clocks.build/Debug/Clocks.build/Objects-normal/arm64/Clocks.LinkFileList -nostdlib -Xlinker -object_path_lto -Xlinker /Users/nd/Library/Developer/Xcode/DerivedData/Stet-fbqwqmzpvnstjwernsgqykzlzypg/Build/Intermediates.noindex/swift-clocks.build/Debug/Clocks.build/Objects-normal/arm64/Clocks_lto.o -Xlinker -no_deduplicate -Xlinker -debug_variant -Xlinker -dependency_info -Xlinker /Users/nd/Library/Developer/Xcode/DerivedData/Stet-fbqwqmzpvnstjwernsgqykzlzypg/Build/Intermediates.noindex/swift-clocks.build/Debug/Clocks.build/Objects-normal/arm64/Clocks_dependency_info.dat -fobjc-link-runtime -L/Applications/Xcode.app/Contents/Developer/Toolchains/XcodeDefault.xctoolchain/usr/lib/swift/macosx -L/usr/lib/swift -Xlinker -add_ast_path -Xlinker /Users/nd/Library/Developer/Xcode/DerivedData/Stet-fbqwqmzpvnstjwernsgqykzlzypg/Build/Intermediates.noindex/swift-clocks.build/Debug/Clocks.build/Objects-normal/arm64/Clocks.swiftmodule @/Users/nd/Library/Developer/Xcode/DerivedData/Stet-fbqwqmzpvnstjwernsgqykzlzypg/Build/Intermediates.noindex/swift-clocks.build/Debug/Clocks.build/Objects-normal/arm64/Clocks-linker-args.resp -o /Users/nd/Library/Developer/Xcode/DerivedData/Stet-fbqwqmzpvnstjwernsgqykzlzypg/Build/Products/Debug/Clocks.o

Ld /Users/nd/Library/Developer/Xcode/DerivedData/Stet-fbqwqmzpvnstjwernsgqykzlzypg/Build/Products/Debug/XCTestDynamicOverlay.o normal (in target 'XCTestDynamicOverlay' from project 'xctest-dynamic-overlay')
    cd /Users/nd/Library/Developer/Xcode/DerivedData/Stet-fbqwqmzpvnstjwernsgqykzlzypg/SourcePackages/checkouts/xctest-dynamic-overlay
    /Applications/Xcode.app/Contents/Developer/Toolchains/XcodeDefault.xctoolchain/usr/bin/clang -Xlinker -reproducible -target arm64-apple-macos10.15 -r -isysroot /Applications/Xcode.app/Contents/Developer/Platforms/MacOSX.platform/Developer/SDKs/MacOSX26.4.sdk -O0 -w -F/Users/nd/Library/Developer/Xcode/DerivedData/Stet-fbqwqmzpvnstjwernsgqykzlzypg/Build/Intermediates.noindex/EagerLinkingTBDs/Debug -F/Users/nd/Library/Developer/Xcode/DerivedData/Stet-fbqwqmzpvnstjwernsgqykzlzypg/Build/Products/Debug/PackageFrameworks -F/Users/nd/Library/Developer/Xcode/DerivedData/Stet-fbqwqmzpvnstjwernsgqykzlzypg/Build/Products/Debug/PackageFrameworks -F/Users/nd/Library/Developer/Xcode/DerivedData/Stet-fbqwqmzpvnstjwernsgqykzlzypg/Build/Products/Debug -iframework /Applications/Xcode.app/Contents/Developer/Platforms/MacOSX.platform/Developer/Library/Frameworks -filelist /Users/nd/Library/Developer/Xcode/DerivedData/Stet-fbqwqmzpvnstjwernsgqykzlzypg/Build/Intermediates.noindex/xctest-dynamic-overlay.build/Debug/XCTestDynamicOverlay.build/Objects-normal/arm64/XCTestDynamicOverlay.LinkFileList -nostdlib -Xlinker -object_path_lto -Xlinker /Users/nd/Library/Developer/Xcode/DerivedData/Stet-fbqwqmzpvnstjwernsgqykzlzypg/Build/Intermediates.noindex/xctest-dynamic-overlay.build/Debug/XCTestDynamicOverlay.build/Objects-normal/arm64/XCTestDynamicOverlay_lto.o -Xlinker -no_deduplicate -Xlinker -debug_variant -Xlinker -dependency_info -Xlinker /Users/nd/Library/Developer/Xcode/DerivedData/Stet-fbqwqmzpvnstjwernsgqykzlzypg/Build/Intermediates.noindex/xctest-dynamic-overlay.build/Debug/XCTestDynamicOverlay.build/Objects-normal/arm64/XCTestDynamicOverlay_dependency_info.dat -fobjc-link-runtime -L/Applications/Xcode.app/Contents/Developer/Toolchains/XcodeDefault.xctoolchain/usr/lib/swift/macosx -L/usr/lib/swift -Xlinker -add_ast_path -Xlinker /Users/nd/Library/Developer/Xcode/DerivedData/Stet-fbqwqmzpvnstjwernsgqykzlzypg/Build/Intermediates.noindex/xctest-dynamic-overlay.build/Debug/XCTestDynamicOverlay.build/Objects-normal/arm64/XCTestDynamicOverlay.swiftmodule @/Users/nd/Library/Developer/Xcode/DerivedData/Stet-fbqwqmzpvnstjwernsgqykzlzypg/Build/Intermediates.noindex/xctest-dynamic-overlay.build/Debug/XCTestDynamicOverlay.build/Objects-normal/arm64/XCTestDynamicOverlay-linker-args.resp -o /Users/nd/Library/Developer/Xcode/DerivedData/Stet-fbqwqmzpvnstjwernsgqykzlzypg/Build/Products/Debug/XCTestDynamicOverlay.o

RegisterExecutionPolicyException /Users/nd/Library/Developer/Xcode/DerivedData/Stet-fbqwqmzpvnstjwernsgqykzlzypg/Build/Products/Debug/CNIOLinux.o (in target 'CNIOLinux' from project 'swift-nio')
    cd /Users/nd/Library/Developer/Xcode/DerivedData/Stet-fbqwqmzpvnstjwernsgqykzlzypg/SourcePackages/checkouts/swift-nio
    builtin-RegisterExecutionPolicyException /Users/nd/Library/Developer/Xcode/DerivedData/Stet-fbqwqmzpvnstjwernsgqykzlzypg/Build/Products/Debug/CNIOLinux.o

ExtractAppIntentsMetadata (in target 'Jinja' from project 'Jinja')
    cd /Users/nd/Library/Developer/Xcode/DerivedData/Stet-fbqwqmzpvnstjwernsgqykzlzypg/SourcePackages/checkouts/swift-jinja
    /Applications/Xcode.app/Contents/Developer/Toolchains/XcodeDefault.xctoolchain/usr/bin/appintentsmetadataprocessor --toolchain-dir /var/run/com.apple.security.cryptexd/mnt/com.apple.MobileAsset.MetalToolchain-v17.5.188.0.XybBjs/Metal.xctoolchain --module-name Jinja --sdk-root /Applications/Xcode.app/Contents/Developer/Platforms/MacOSX.platform/Developer/SDKs/MacOSX26.4.sdk --xcode-version 17E202 --platform-family macOS --deployment-target 13.0 --bundle-identifier swift-jinja.Jinja --output /Users/nd/Library/Developer/Xcode/DerivedData/Stet-fbqwqmzpvnstjwernsgqykzlzypg/Build/Products/Debug/Jinja.appintents --target-triple arm64-apple-macos13.0 --binary-file /Users/nd/Library/Developer/Xcode/DerivedData/Stet-fbqwqmzpvnstjwernsgqykzlzypg/Build/Products/Debug/Jinja.o --dependency-file /Users/nd/Library/Developer/Xcode/DerivedData/Stet-fbqwqmzpvnstjwernsgqykzlzypg/Build/Intermediates.noindex/Jinja.build/Debug/Jinja.build/Objects-normal/arm64/Jinja_dependency_info.dat --stringsdata-file /Users/nd/Library/Developer/Xcode/DerivedData/Stet-fbqwqmzpvnstjwernsgqykzlzypg/Build/Intermediates.noindex/Jinja.build/Debug/Jinja.build/Objects-normal/arm64/ExtractedAppShortcutsMetadata.stringsdata --source-file-list /Users/nd/Library/Developer/Xcode/DerivedData/Stet-fbqwqmzpvnstjwernsgqykzlzypg/Build/Intermediates.noindex/Jinja.build/Debug/Jinja.build/Objects-normal/arm64/Jinja.SwiftFileList --metadata-file-list /Users/nd/Library/Developer/Xcode/DerivedData/Stet-fbqwqmzpvnstjwernsgqykzlzypg/Build/Intermediates.noindex/Jinja.build/Debug/Jinja.build/Jinja.DependencyMetadataFileList --static-metadata-file-list /Users/nd/Library/Developer/Xcode/DerivedData/Stet-fbqwqmzpvnstjwernsgqykzlzypg/Build/Intermediates.noindex/Jinja.build/Debug/Jinja.build/Jinja.DependencyStaticMetadataFileList --swift-const-vals-list /Users/nd/Library/Developer/Xcode/DerivedData/Stet-fbqwqmzpvnstjwernsgqykzlzypg/Build/Intermediates.noindex/Jinja.build/Debug/Jinja.build/Objects-normal/arm64/Jinja.SwiftConstValuesFileList --force --compile-time-extraction --deployment-aware-processing --validate-assistant-intents --no-app-shortcuts-localization
2026-04-20 02:43:12.861 appintentsmetadataprocessor[71233:2079470] Starting appintentsmetadataprocessor export
2026-04-20 02:43:12.869 appintentsmetadataprocessor[71233:2079470] Extracted no relevant App Intents symbols, skipping writing output

RegisterExecutionPolicyException /Users/nd/Library/Developer/Xcode/DerivedData/Stet-fbqwqmzpvnstjwernsgqykzlzypg/Build/Products/Debug/CNIOWindows.o (in target 'CNIOWindows' from project 'swift-nio')
    cd /Users/nd/Library/Developer/Xcode/DerivedData/Stet-fbqwqmzpvnstjwernsgqykzlzypg/SourcePackages/checkouts/swift-nio
    builtin-RegisterExecutionPolicyException /Users/nd/Library/Developer/Xcode/DerivedData/Stet-fbqwqmzpvnstjwernsgqykzlzypg/Build/Products/Debug/CNIOWindows.o

ExtractAppIntentsMetadata (in target 'StetVisuals' from project 'Stet')
    cd /Users/nd/Developer/stet-project/Stet
    /Applications/Xcode.app/Contents/Developer/Toolchains/XcodeDefault.xctoolchain/usr/bin/appintentsmetadataprocessor --toolchain-dir /var/run/com.apple.security.cryptexd/mnt/com.apple.MobileAsset.MetalToolchain-v17.5.188.0.XybBjs/Metal.xctoolchain --module-name StetVisuals --sdk-root /Applications/Xcode.app/Contents/Developer/Platforms/MacOSX.platform/Developer/SDKs/MacOSX26.4.sdk --xcode-version 17E202 --platform-family macOS --deployment-target 26.0 --bundle-identifier NaichengDeng.StetVisuals --output /Users/nd/Library/Developer/Xcode/DerivedData/Stet-fbqwqmzpvnstjwernsgqykzlzypg/Build/Products/Debug/StetVisuals.framework/Versions/A/Resources --target-triple arm64-apple-macos26.0 --binary-file /Users/nd/Library/Developer/Xcode/DerivedData/Stet-fbqwqmzpvnstjwernsgqykzlzypg/Build/Products/Debug/StetVisuals.framework/Versions/A/StetVisuals --dependency-file /Users/nd/Library/Developer/Xcode/DerivedData/Stet-fbqwqmzpvnstjwernsgqykzlzypg/Build/Intermediates.noindex/Stet.build/Debug/StetVisuals.build/Objects-normal/arm64/StetVisuals_dependency_info.dat --stringsdata-file /Users/nd/Library/Developer/Xcode/DerivedData/Stet-fbqwqmzpvnstjwernsgqykzlzypg/Build/Intermediates.noindex/Stet.build/Debug/StetVisuals.build/Objects-normal/arm64/ExtractedAppShortcutsMetadata.stringsdata --source-file-list /Users/nd/Library/Developer/Xcode/DerivedData/Stet-fbqwqmzpvnstjwernsgqykzlzypg/Build/Intermediates.noindex/Stet.build/Debug/StetVisuals.build/Objects-normal/arm64/StetVisuals.SwiftFileList --metadata-file-list /Users/nd/Library/Developer/Xcode/DerivedData/Stet-fbqwqmzpvnstjwernsgqykzlzypg/Build/Intermediates.noindex/Stet.build/Debug/StetVisuals.build/StetVisuals.DependencyMetadataFileList --static-metadata-file-list /Users/nd/Library/Developer/Xcode/DerivedData/Stet-fbqwqmzpvnstjwernsgqykzlzypg/Build/Intermediates.noindex/Stet.build/Debug/StetVisuals.build/StetVisuals.DependencyStaticMetadataFileList --swift-const-vals-list /Users/nd/Library/Developer/Xcode/DerivedData/Stet-fbqwqmzpvnstjwernsgqykzlzypg/Build/Intermediates.noindex/Stet.build/Debug/StetVisuals.build/Objects-normal/arm64/StetVisuals.SwiftConstValuesFileList --compile-time-extraction --deployment-aware-processing --validate-assistant-intents --no-app-shortcuts-localization
2026-04-20 02:43:12.870 appintentsmetadataprocessor[71234:2079485] Starting appintentsmetadataprocessor export
2026-04-20 02:43:12.872 appintentsmetadataprocessor[71234:2079485] warning: Metadata extraction skipped. No AppIntents.framework dependency found.

ExtractAppIntentsMetadata (in target 'Clocks' from project 'swift-clocks')
    cd /Users/nd/Library/Developer/Xcode/DerivedData/Stet-fbqwqmzpvnstjwernsgqykzlzypg/SourcePackages/checkouts/swift-clocks
    /Applications/Xcode.app/Contents/Developer/Toolchains/XcodeDefault.xctoolchain/usr/bin/appintentsmetadataprocessor --toolchain-dir /var/run/com.apple.security.cryptexd/mnt/com.apple.MobileAsset.MetalToolchain-v17.5.188.0.XybBjs/Metal.xctoolchain --module-name Clocks --sdk-root /Applications/Xcode.app/Contents/Developer/Platforms/MacOSX.platform/Developer/SDKs/MacOSX26.4.sdk --xcode-version 17E202 --platform-family macOS --deployment-target 10.15 --bundle-identifier swift-clocks.Clocks --output /Users/nd/Library/Developer/Xcode/DerivedData/Stet-fbqwqmzpvnstjwernsgqykzlzypg/Build/Products/Debug/Clocks.appintents --target-triple arm64-apple-macos10.15 --binary-file /Users/nd/Library/Developer/Xcode/DerivedData/Stet-fbqwqmzpvnstjwernsgqykzlzypg/Build/Products/Debug/Clocks.o --dependency-file /Users/nd/Library/Developer/Xcode/DerivedData/Stet-fbqwqmzpvnstjwernsgqykzlzypg/Build/Intermediates.noindex/swift-clocks.build/Debug/Clocks.build/Objects-normal/arm64/Clocks_dependency_info.dat --stringsdata-file /Users/nd/Library/Developer/Xcode/DerivedData/Stet-fbqwqmzpvnstjwernsgqykzlzypg/Build/Intermediates.noindex/swift-clocks.build/Debug/Clocks.build/Objects-normal/arm64/ExtractedAppShortcutsMetadata.stringsdata --source-file-list /Users/nd/Library/Developer/Xcode/DerivedData/Stet-fbqwqmzpvnstjwernsgqykzlzypg/Build/Intermediates.noindex/swift-clocks.build/Debug/Clocks.build/Objects-normal/arm64/Clocks.SwiftFileList --metadata-file-list /Users/nd/Library/Developer/Xcode/DerivedData/Stet-fbqwqmzpvnstjwernsgqykzlzypg/Build/Intermediates.noindex/swift-clocks.build/Debug/Clocks.build/Clocks.DependencyMetadataFileList --static-metadata-file-list /Users/nd/Library/Developer/Xcode/DerivedData/Stet-fbqwqmzpvnstjwernsgqykzlzypg/Build/Intermediates.noindex/swift-clocks.build/Debug/Clocks.build/Clocks.DependencyStaticMetadataFileList --swift-const-vals-list /Users/nd/Library/Developer/Xcode/DerivedData/Stet-fbqwqmzpvnstjwernsgqykzlzypg/Build/Intermediates.noindex/swift-clocks.build/Debug/Clocks.build/Objects-normal/arm64/Clocks.SwiftConstValuesFileList --force --compile-time-extraction --deployment-aware-processing --validate-assistant-intents --no-app-shortcuts-localization
2026-04-20 02:43:12.871 appintentsmetadataprocessor[71235:2079486] Starting appintentsmetadataprocessor export
2026-04-20 02:43:12.878 appintentsmetadataprocessor[71235:2079486] Extracted no relevant App Intents symbols, skipping writing output

ExtractAppIntentsMetadata (in target 'XCTestDynamicOverlay' from project 'xctest-dynamic-overlay')
    cd /Users/nd/Library/Developer/Xcode/DerivedData/Stet-fbqwqmzpvnstjwernsgqykzlzypg/SourcePackages/checkouts/xctest-dynamic-overlay
    /Applications/Xcode.app/Contents/Developer/Toolchains/XcodeDefault.xctoolchain/usr/bin/appintentsmetadataprocessor --toolchain-dir /var/run/com.apple.security.cryptexd/mnt/com.apple.MobileAsset.MetalToolchain-v17.5.188.0.XybBjs/Metal.xctoolchain --module-name XCTestDynamicOverlay --sdk-root /Applications/Xcode.app/Contents/Developer/Platforms/MacOSX.platform/Developer/SDKs/MacOSX26.4.sdk --xcode-version 17E202 --platform-family macOS --deployment-target 10.15 --bundle-identifier xctest-dynamic-overlay.XCTestDynamicOverlay --output /Users/nd/Library/Developer/Xcode/DerivedData/Stet-fbqwqmzpvnstjwernsgqykzlzypg/Build/Products/Debug/XCTestDynamicOverlay.appintents --target-triple arm64-apple-macos10.15 --binary-file /Users/nd/Library/Developer/Xcode/DerivedData/Stet-fbqwqmzpvnstjwernsgqykzlzypg/Build/Products/Debug/XCTestDynamicOverlay.o --dependency-file /Users/nd/Library/Developer/Xcode/DerivedData/Stet-fbqwqmzpvnstjwernsgqykzlzypg/Build/Intermediates.noindex/xctest-dynamic-overlay.build/Debug/XCTestDynamicOverlay.build/Objects-normal/arm64/XCTestDynamicOverlay_dependency_info.dat --stringsdata-file /Users/nd/Library/Developer/Xcode/DerivedData/Stet-fbqwqmzpvnstjwernsgqykzlzypg/Build/Intermediates.noindex/xctest-dynamic-overlay.build/Debug/XCTestDynamicOverlay.build/Objects-normal/arm64/ExtractedAppShortcutsMetadata.stringsdata --source-file-list /Users/nd/Library/Developer/Xcode/DerivedData/Stet-fbqwqmzpvnstjwernsgqykzlzypg/Build/Intermediates.noindex/xctest-dynamic-overlay.build/Debug/XCTestDynamicOverlay.build/Objects-normal/arm64/XCTestDynamicOverlay.SwiftFileList --metadata-file-list /Users/nd/Library/Developer/Xcode/DerivedData/Stet-fbqwqmzpvnstjwernsgqykzlzypg/Build/Intermediates.noindex/xctest-dynamic-overlay.build/Debug/XCTestDynamicOverlay.build/XCTestDynamicOverlay.DependencyMetadataFileList --static-metadata-file-list /Users/nd/Library/Developer/Xcode/DerivedData/Stet-fbqwqmzpvnstjwernsgqykzlzypg/Build/Intermediates.noindex/xctest-dynamic-overlay.build/Debug/XCTestDynamicOverlay.build/XCTestDynamicOverlay.DependencyStaticMetadataFileList --swift-const-vals-list /Users/nd/Library/Developer/Xcode/DerivedData/Stet-fbqwqmzpvnstjwernsgqykzlzypg/Build/Intermediates.noindex/xctest-dynamic-overlay.build/Debug/XCTestDynamicOverlay.build/Objects-normal/arm64/XCTestDynamicOverlay.SwiftConstValuesFileList --force --compile-time-extraction --deployment-aware-processing --validate-assistant-intents --no-app-shortcuts-localization
2026-04-20 02:43:12.875 appintentsmetadataprocessor[71236:2079499] Starting appintentsmetadataprocessor export
2026-04-20 02:43:12.880 appintentsmetadataprocessor[71236:2079499] Extracted no relevant App Intents symbols, skipping writing output

RegisterExecutionPolicyException /Users/nd/Library/Developer/Xcode/DerivedData/Stet-fbqwqmzpvnstjwernsgqykzlzypg/Build/Products/Debug/CNIOWASI.o (in target 'CNIOWASI' from project 'swift-nio')
    cd /Users/nd/Library/Developer/Xcode/DerivedData/Stet-fbqwqmzpvnstjwernsgqykzlzypg/SourcePackages/checkouts/swift-nio
    builtin-RegisterExecutionPolicyException /Users/nd/Library/Developer/Xcode/DerivedData/Stet-fbqwqmzpvnstjwernsgqykzlzypg/Build/Products/Debug/CNIOWASI.o

RegisterExecutionPolicyException /Users/nd/Library/Developer/Xcode/DerivedData/Stet-fbqwqmzpvnstjwernsgqykzlzypg/Build/Products/Debug/DequeModule.o (in target 'DequeModule' from project 'swift-collections')
    cd /Users/nd/Library/Developer/Xcode/DerivedData/Stet-fbqwqmzpvnstjwernsgqykzlzypg/SourcePackages/checkouts/swift-collections
    builtin-RegisterExecutionPolicyException /Users/nd/Library/Developer/Xcode/DerivedData/Stet-fbqwqmzpvnstjwernsgqykzlzypg/Build/Products/Debug/DequeModule.o

RegisterExecutionPolicyException /Users/nd/Library/Developer/Xcode/DerivedData/Stet-fbqwqmzpvnstjwernsgqykzlzypg/Build/Products/Debug/Jinja.o (in target 'Jinja' from project 'Jinja')
    cd /Users/nd/Library/Developer/Xcode/DerivedData/Stet-fbqwqmzpvnstjwernsgqykzlzypg/SourcePackages/checkouts/swift-jinja
    builtin-RegisterExecutionPolicyException /Users/nd/Library/Developer/Xcode/DerivedData/Stet-fbqwqmzpvnstjwernsgqykzlzypg/Build/Products/Debug/Jinja.o

GenerateTAPI /Users/nd/Library/Developer/Xcode/DerivedData/Stet-fbqwqmzpvnstjwernsgqykzlzypg/Build/Intermediates.noindex/EagerLinkingTBDs/Debug/StetVisuals.framework/Versions/A/StetVisuals.tbd (in target 'StetVisuals' from project 'Stet')
    cd /Users/nd/Developer/stet-project/Stet
    /Applications/Xcode.app/Contents/Developer/Toolchains/XcodeDefault.xctoolchain/usr/bin/tapi stubify -isysroot /Applications/Xcode.app/Contents/Developer/Platforms/MacOSX.platform/Developer/SDKs/MacOSX26.4.sdk -F/Users/nd/Library/Developer/Xcode/DerivedData/Stet-fbqwqmzpvnstjwernsgqykzlzypg/Build/Products/Debug -L/Users/nd/Library/Developer/Xcode/DerivedData/Stet-fbqwqmzpvnstjwernsgqykzlzypg/Build/Products/Debug /Users/nd/Library/Developer/Xcode/DerivedData/Stet-fbqwqmzpvnstjwernsgqykzlzypg/Build/Products/Debug/StetVisuals.framework/Versions/A/StetVisuals -o /Users/nd/Library/Developer/Xcode/DerivedData/Stet-fbqwqmzpvnstjwernsgqykzlzypg/Build/Intermediates.noindex/EagerLinkingTBDs/Debug/StetVisuals.framework/Versions/A/StetVisuals.tbd

RegisterExecutionPolicyException /Users/nd/Library/Developer/Xcode/DerivedData/Stet-fbqwqmzpvnstjwernsgqykzlzypg/Build/Products/Debug/_NIODataStructures.o (in target '_NIODataStructures' from project 'swift-nio')
    cd /Users/nd/Library/Developer/Xcode/DerivedData/Stet-fbqwqmzpvnstjwernsgqykzlzypg/SourcePackages/checkouts/swift-nio
    builtin-RegisterExecutionPolicyException /Users/nd/Library/Developer/Xcode/DerivedData/Stet-fbqwqmzpvnstjwernsgqykzlzypg/Build/Products/Debug/_NIODataStructures.o

RegisterExecutionPolicyException /Users/nd/Library/Developer/Xcode/DerivedData/Stet-fbqwqmzpvnstjwernsgqykzlzypg/Build/Products/Debug/Clocks.o (in target 'Clocks' from project 'swift-clocks')
    cd /Users/nd/Library/Developer/Xcode/DerivedData/Stet-fbqwqmzpvnstjwernsgqykzlzypg/SourcePackages/checkouts/swift-clocks
    builtin-RegisterExecutionPolicyException /Users/nd/Library/Developer/Xcode/DerivedData/Stet-fbqwqmzpvnstjwernsgqykzlzypg/Build/Products/Debug/Clocks.o

RegisterExecutionPolicyException /Users/nd/Library/Developer/Xcode/DerivedData/Stet-fbqwqmzpvnstjwernsgqykzlzypg/Build/Products/Debug/XCTestDynamicOverlay.o (in target 'XCTestDynamicOverlay' from project 'xctest-dynamic-overlay')
    cd /Users/nd/Library/Developer/Xcode/DerivedData/Stet-fbqwqmzpvnstjwernsgqykzlzypg/SourcePackages/checkouts/xctest-dynamic-overlay
    builtin-RegisterExecutionPolicyException /Users/nd/Library/Developer/Xcode/DerivedData/Stet-fbqwqmzpvnstjwernsgqykzlzypg/Build/Products/Debug/XCTestDynamicOverlay.o

Ld /Users/nd/Library/Developer/Xcode/DerivedData/Stet-fbqwqmzpvnstjwernsgqykzlzypg/Build/Products/Debug/NIOCore.o normal (in target 'NIOCore' from project 'swift-nio')
    cd /Users/nd/Library/Developer/Xcode/DerivedData/Stet-fbqwqmzpvnstjwernsgqykzlzypg/SourcePackages/checkouts/swift-nio
    /Applications/Xcode.app/Contents/Developer/Toolchains/XcodeDefault.xctoolchain/usr/bin/clang -Xlinker -reproducible -target arm64-apple-macos10.13 -r -isysroot /Applications/Xcode.app/Contents/Developer/Platforms/MacOSX.platform/Developer/SDKs/MacOSX26.4.sdk -O0 -w -F/Users/nd/Library/Developer/Xcode/DerivedData/Stet-fbqwqmzpvnstjwernsgqykzlzypg/Build/Intermediates.noindex/EagerLinkingTBDs/Debug -F/Users/nd/Library/Developer/Xcode/DerivedData/Stet-fbqwqmzpvnstjwernsgqykzlzypg/Build/Products/Debug/PackageFrameworks -F/Users/nd/Library/Developer/Xcode/DerivedData/Stet-fbqwqmzpvnstjwernsgqykzlzypg/Build/Products/Debug/PackageFrameworks -F/Users/nd/Library/Developer/Xcode/DerivedData/Stet-fbqwqmzpvnstjwernsgqykzlzypg/Build/Products/Debug/PackageFrameworks -F/Users/nd/Library/Developer/Xcode/DerivedData/Stet-fbqwqmzpvnstjwernsgqykzlzypg/Build/Products/Debug/PackageFrameworks -F/Users/nd/Library/Developer/Xcode/DerivedData/Stet-fbqwqmzpvnstjwernsgqykzlzypg/Build/Products/Debug/PackageFrameworks -F/Users/nd/Library/Developer/Xcode/DerivedData/Stet-fbqwqmzpvnstjwernsgqykzlzypg/Build/Products/Debug/PackageFrameworks -F/Users/nd/Library/Developer/Xcode/DerivedData/Stet-fbqwqmzpvnstjwernsgqykzlzypg/Build/Products/Debug/PackageFrameworks -F/Users/nd/Library/Developer/Xcode/DerivedData/Stet-fbqwqmzpvnstjwernsgqykzlzypg/Build/Products/Debug/PackageFrameworks -F/Users/nd/Library/Developer/Xcode/DerivedData/Stet-fbqwqmzpvnstjwernsgqykzlzypg/Build/Products/Debug/PackageFrameworks -F/Users/nd/Library/Developer/Xcode/DerivedData/Stet-fbqwqmzpvnstjwernsgqykzlzypg/Build/Products/Debug/PackageFrameworks -F/Users/nd/Library/Developer/Xcode/DerivedData/Stet-fbqwqmzpvnstjwernsgqykzlzypg/Build/Products/Debug/PackageFrameworks -F/Users/nd/Library/Developer/Xcode/DerivedData/Stet-fbqwqmzpvnstjwernsgqykzlzypg/Build/Products/Debug/PackageFrameworks -F/Users/nd/Library/Developer/Xcode/DerivedData/Stet-fbqwqmzpvnstjwernsgqykzlzypg/Build/Products/Debug/PackageFrameworks -F/Users/nd/Library/Developer/Xcode/DerivedData/Stet-fbqwqmzpvnstjwernsgqykzlzypg/Build/Products/Debug/PackageFrameworks -F/Users/nd/Library/Developer/Xcode/DerivedData/Stet-fbqwqmzpvnstjwernsgqykzlzypg/Build/Products/Debug -iframework /Applications/Xcode.app/Contents/Developer/Platforms/MacOSX.platform/Developer/Library/Frameworks -filelist /Users/nd/Library/Developer/Xcode/DerivedData/Stet-fbqwqmzpvnstjwernsgqykzlzypg/Build/Intermediates.noindex/swift-nio.build/Debug/NIOCore.build/Objects-normal/arm64/NIOCore.LinkFileList -nostdlib -Xlinker -object_path_lto -Xlinker /Users/nd/Library/Developer/Xcode/DerivedData/Stet-fbqwqmzpvnstjwernsgqykzlzypg/Build/Intermediates.noindex/swift-nio.build/Debug/NIOCore.build/Objects-normal/arm64/NIOCore_lto.o -Xlinker -no_deduplicate -Xlinker -debug_variant -Xlinker -dependency_info -Xlinker /Users/nd/Library/Developer/Xcode/DerivedData/Stet-fbqwqmzpvnstjwernsgqykzlzypg/Build/Intermediates.noindex/swift-nio.build/Debug/NIOCore.build/Objects-normal/arm64/NIOCore_dependency_info.dat -fobjc-link-runtime -L/Applications/Xcode.app/Contents/Developer/Toolchains/XcodeDefault.xctoolchain/usr/lib/swift/macosx -L/usr/lib/swift -Xlinker -add_ast_path -Xlinker /Users/nd/Library/Developer/Xcode/DerivedData/Stet-fbqwqmzpvnstjwernsgqykzlzypg/Build/Intermediates.noindex/swift-nio.build/Debug/NIOCore.build/Objects-normal/arm64/NIOCore.swiftmodule @/Users/nd/Library/Developer/Xcode/DerivedData/Stet-fbqwqmzpvnstjwernsgqykzlzypg/Build/Intermediates.noindex/swift-nio.build/Debug/NIOCore.build/Objects-normal/arm64/NIOCore-linker-args.resp -o /Users/nd/Library/Developer/Xcode/DerivedData/Stet-fbqwqmzpvnstjwernsgqykzlzypg/Build/Products/Debug/NIOCore.o

VerifyModule /Users/nd/Library/Developer/Xcode/DerivedData/Stet-fbqwqmzpvnstjwernsgqykzlzypg/Build/Products/Debug/StetVisuals.framework (in target 'StetVisuals' from project 'Stet')
    cd /Users/nd/Developer/stet-project/Stet
    /Applications/Xcode.app/Contents/Developer/Toolchains/XcodeDefault.xctoolchain/usr/bin/modules-verifier /Users/nd/Library/Developer/Xcode/DerivedData/Stet-fbqwqmzpvnstjwernsgqykzlzypg/Build/Products/Debug/StetVisuals.framework --clang /Applications/Xcode.app/Contents/Developer/Toolchains/XcodeDefault.xctoolchain/usr/bin/clang --diagnostic-filename-map /Users/nd/Library/Developer/Xcode/DerivedData/Stet-fbqwqmzpvnstjwernsgqykzlzypg/Build/Intermediates.noindex/Stet.build/Debug/StetVisuals.build/StetVisuals-diagnostic-filename-map.json --sdk /Applications/Xcode.app/Contents/Developer/Platforms/MacOSX.platform/Developer/SDKs/MacOSX26.4.sdk --intermediates-directory /Users/nd/Library/Developer/Xcode/DerivedData/Stet-fbqwqmzpvnstjwernsgqykzlzypg/Build/Intermediates.noindex/Stet.build/Debug/StetVisuals.build/VerifyModule --target arm64-apple-macos26.0 --language objective-c --standard gnu17 --standard gnu++20

Ld /Users/nd/Library/Developer/Xcode/DerivedData/Stet-fbqwqmzpvnstjwernsgqykzlzypg/Build/Products/Debug/Helpers.o normal (in target 'Helpers' from project 'Supabase')
    cd /Users/nd/Library/Developer/Xcode/DerivedData/Stet-fbqwqmzpvnstjwernsgqykzlzypg/SourcePackages/checkouts/supabase-swift
    /Applications/Xcode.app/Contents/Developer/Toolchains/XcodeDefault.xctoolchain/usr/bin/clang -Xlinker -reproducible -target arm64-apple-macos10.15 -r -isysroot /Applications/Xcode.app/Contents/Developer/Platforms/MacOSX.platform/Developer/SDKs/MacOSX26.4.sdk -O0 -w -F/Users/nd/Library/Developer/Xcode/DerivedData/Stet-fbqwqmzpvnstjwernsgqykzlzypg/Build/Intermediates.noindex/EagerLinkingTBDs/Debug -F/Users/nd/Library/Developer/Xcode/DerivedData/Stet-fbqwqmzpvnstjwernsgqykzlzypg/Build/Products/Debug/PackageFrameworks -F/Users/nd/Library/Developer/Xcode/DerivedData/Stet-fbqwqmzpvnstjwernsgqykzlzypg/Build/Products/Debug/PackageFrameworks -F/Users/nd/Library/Developer/Xcode/DerivedData/Stet-fbqwqmzpvnstjwernsgqykzlzypg/Build/Products/Debug/PackageFrameworks -F/Users/nd/Library/Developer/Xcode/DerivedData/Stet-fbqwqmzpvnstjwernsgqykzlzypg/Build/Products/Debug/PackageFrameworks -F/Users/nd/Library/Developer/Xcode/DerivedData/Stet-fbqwqmzpvnstjwernsgqykzlzypg/Build/Products/Debug/PackageFrameworks -F/Users/nd/Library/Developer/Xcode/DerivedData/Stet-fbqwqmzpvnstjwernsgqykzlzypg/Build/Products/Debug/PackageFrameworks -F/Users/nd/Library/Developer/Xcode/DerivedData/Stet-fbqwqmzpvnstjwernsgqykzlzypg/Build/Products/Debug -iframework /Applications/Xcode.app/Contents/Developer/Platforms/MacOSX.platform/Developer/Library/Frameworks -filelist /Users/nd/Library/Developer/Xcode/DerivedData/Stet-fbqwqmzpvnstjwernsgqykzlzypg/Build/Intermediates.noindex/Supabase.build/Debug/Helpers.build/Objects-normal/arm64/Helpers.LinkFileList -nostdlib -Xlinker -object_path_lto -Xlinker /Users/nd/Library/Developer/Xcode/DerivedData/Stet-fbqwqmzpvnstjwernsgqykzlzypg/Build/Intermediates.noindex/Supabase.build/Debug/Helpers.build/Objects-normal/arm64/Helpers_lto.o -Xlinker -no_deduplicate -Xlinker -debug_variant -Xlinker -dependency_info -Xlinker /Users/nd/Library/Developer/Xcode/DerivedData/Stet-fbqwqmzpvnstjwernsgqykzlzypg/Build/Intermediates.noindex/Supabase.build/Debug/Helpers.build/Objects-normal/arm64/Helpers_dependency_info.dat -fobjc-link-runtime -L/Applications/Xcode.app/Contents/Developer/Toolchains/XcodeDefault.xctoolchain/usr/lib/swift/macosx -L/usr/lib/swift -Xlinker -add_ast_path -Xlinker /Users/nd/Library/Developer/Xcode/DerivedData/Stet-fbqwqmzpvnstjwernsgqykzlzypg/Build/Intermediates.noindex/Supabase.build/Debug/Helpers.build/Objects-normal/arm64/Helpers.swiftmodule @/Users/nd/Library/Developer/Xcode/DerivedData/Stet-fbqwqmzpvnstjwernsgqykzlzypg/Build/Intermediates.noindex/Supabase.build/Debug/Helpers.build/Objects-normal/arm64/Helpers-linker-args.resp -o /Users/nd/Library/Developer/Xcode/DerivedData/Stet-fbqwqmzpvnstjwernsgqykzlzypg/Build/Products/Debug/Helpers.o

ExtractAppIntentsMetadata (in target 'NIOCore' from project 'swift-nio')
    cd /Users/nd/Library/Developer/Xcode/DerivedData/Stet-fbqwqmzpvnstjwernsgqykzlzypg/SourcePackages/checkouts/swift-nio
    /Applications/Xcode.app/Contents/Developer/Toolchains/XcodeDefault.xctoolchain/usr/bin/appintentsmetadataprocessor --toolchain-dir /var/run/com.apple.security.cryptexd/mnt/com.apple.MobileAsset.MetalToolchain-v17.5.188.0.XybBjs/Metal.xctoolchain --module-name NIOCore --sdk-root /Applications/Xcode.app/Contents/Developer/Platforms/MacOSX.platform/Developer/SDKs/MacOSX26.4.sdk --xcode-version 17E202 --platform-family macOS --deployment-target 10.13 --bundle-identifier swift-nio.NIOCore --output /Users/nd/Library/Developer/Xcode/DerivedData/Stet-fbqwqmzpvnstjwernsgqykzlzypg/Build/Products/Debug/NIOCore.appintents --target-triple arm64-apple-macos10.13 --binary-file /Users/nd/Library/Developer/Xcode/DerivedData/Stet-fbqwqmzpvnstjwernsgqykzlzypg/Build/Products/Debug/NIOCore.o --dependency-file /Users/nd/Library/Developer/Xcode/DerivedData/Stet-fbqwqmzpvnstjwernsgqykzlzypg/Build/Intermediates.noindex/swift-nio.build/Debug/NIOCore.build/Objects-normal/arm64/NIOCore_dependency_info.dat --stringsdata-file /Users/nd/Library/Developer/Xcode/DerivedData/Stet-fbqwqmzpvnstjwernsgqykzlzypg/Build/Intermediates.noindex/swift-nio.build/Debug/NIOCore.build/Objects-normal/arm64/ExtractedAppShortcutsMetadata.stringsdata --source-file-list /Users/nd/Library/Developer/Xcode/DerivedData/Stet-fbqwqmzpvnstjwernsgqykzlzypg/Build/Intermediates.noindex/swift-nio.build/Debug/NIOCore.build/Objects-normal/arm64/NIOCore.SwiftFileList --metadata-file-list /Users/nd/Library/Developer/Xcode/DerivedData/Stet-fbqwqmzpvnstjwernsgqykzlzypg/Build/Intermediates.noindex/swift-nio.build/Debug/NIOCore.build/NIOCore.DependencyMetadataFileList --static-metadata-file-list /Users/nd/Library/Developer/Xcode/DerivedData/Stet-fbqwqmzpvnstjwernsgqykzlzypg/Build/Intermediates.noindex/swift-nio.build/Debug/NIOCore.build/NIOCore.DependencyStaticMetadataFileList --swift-const-vals-list /Users/nd/Library/Developer/Xcode/DerivedData/Stet-fbqwqmzpvnstjwernsgqykzlzypg/Build/Intermediates.noindex/swift-nio.build/Debug/NIOCore.build/Objects-normal/arm64/NIOCore.SwiftConstValuesFileList --force --compile-time-extraction --deployment-aware-processing --validate-assistant-intents --no-app-shortcuts-localization
2026-04-20 02:43:12.960 appintentsmetadataprocessor[71245:2079544] Starting appintentsmetadataprocessor export
2026-04-20 02:43:12.995 appintentsmetadataprocessor[71245:2079544] Extracted no relevant App Intents symbols, skipping writing output

ExtractAppIntentsMetadata (in target 'Helpers' from project 'Supabase')
    cd /Users/nd/Library/Developer/Xcode/DerivedData/Stet-fbqwqmzpvnstjwernsgqykzlzypg/SourcePackages/checkouts/supabase-swift
    /Applications/Xcode.app/Contents/Developer/Toolchains/XcodeDefault.xctoolchain/usr/bin/appintentsmetadataprocessor --toolchain-dir /var/run/com.apple.security.cryptexd/mnt/com.apple.MobileAsset.MetalToolchain-v17.5.188.0.XybBjs/Metal.xctoolchain --module-name Helpers --sdk-root /Applications/Xcode.app/Contents/Developer/Platforms/MacOSX.platform/Developer/SDKs/MacOSX26.4.sdk --xcode-version 17E202 --platform-family macOS --deployment-target 10.15 --bundle-identifier supabase-swift.Helpers --output /Users/nd/Library/Developer/Xcode/DerivedData/Stet-fbqwqmzpvnstjwernsgqykzlzypg/Build/Products/Debug/Helpers.appintents --target-triple arm64-apple-macos10.15 --binary-file /Users/nd/Library/Developer/Xcode/DerivedData/Stet-fbqwqmzpvnstjwernsgqykzlzypg/Build/Products/Debug/Helpers.o --dependency-file /Users/nd/Library/Developer/Xcode/DerivedData/Stet-fbqwqmzpvnstjwernsgqykzlzypg/Build/Intermediates.noindex/Supabase.build/Debug/Helpers.build/Objects-normal/arm64/Helpers_dependency_info.dat --stringsdata-file /Users/nd/Library/Developer/Xcode/DerivedData/Stet-fbqwqmzpvnstjwernsgqykzlzypg/Build/Intermediates.noindex/Supabase.build/Debug/Helpers.build/Objects-normal/arm64/ExtractedAppShortcutsMetadata.stringsdata --source-file-list /Users/nd/Library/Developer/Xcode/DerivedData/Stet-fbqwqmzpvnstjwernsgqykzlzypg/Build/Intermediates.noindex/Supabase.build/Debug/Helpers.build/Objects-normal/arm64/Helpers.SwiftFileList --metadata-file-list /Users/nd/Library/Developer/Xcode/DerivedData/Stet-fbqwqmzpvnstjwernsgqykzlzypg/Build/Intermediates.noindex/Supabase.build/Debug/Helpers.build/Helpers.DependencyMetadataFileList --static-metadata-file-list /Users/nd/Library/Developer/Xcode/DerivedData/Stet-fbqwqmzpvnstjwernsgqykzlzypg/Build/Intermediates.noindex/Supabase.build/Debug/Helpers.build/Helpers.DependencyStaticMetadataFileList --swift-const-vals-list /Users/nd/Library/Developer/Xcode/DerivedData/Stet-fbqwqmzpvnstjwernsgqykzlzypg/Build/Intermediates.noindex/Supabase.build/Debug/Helpers.build/Objects-normal/arm64/Helpers.SwiftConstValuesFileList --force --compile-time-extraction --deployment-aware-processing --validate-assistant-intents --no-app-shortcuts-localization
2026-04-20 02:43:12.959 appintentsmetadataprocessor[71246:2079545] Starting appintentsmetadataprocessor export
2026-04-20 02:43:12.987 appintentsmetadataprocessor[71246:2079545] Extracted no relevant App Intents symbols, skipping writing output

RegisterExecutionPolicyException /Users/nd/Library/Developer/Xcode/DerivedData/Stet-fbqwqmzpvnstjwernsgqykzlzypg/Build/Products/Debug/Helpers.o (in target 'Helpers' from project 'Supabase')
    cd /Users/nd/Library/Developer/Xcode/DerivedData/Stet-fbqwqmzpvnstjwernsgqykzlzypg/SourcePackages/checkouts/supabase-swift
    builtin-RegisterExecutionPolicyException /Users/nd/Library/Developer/Xcode/DerivedData/Stet-fbqwqmzpvnstjwernsgqykzlzypg/Build/Products/Debug/Helpers.o

RegisterExecutionPolicyException /Users/nd/Library/Developer/Xcode/DerivedData/Stet-fbqwqmzpvnstjwernsgqykzlzypg/Build/Products/Debug/NIOCore.o (in target 'NIOCore' from project 'swift-nio')
    cd /Users/nd/Library/Developer/Xcode/DerivedData/Stet-fbqwqmzpvnstjwernsgqykzlzypg/SourcePackages/checkouts/swift-nio
    builtin-RegisterExecutionPolicyException /Users/nd/Library/Developer/Xcode/DerivedData/Stet-fbqwqmzpvnstjwernsgqykzlzypg/Build/Products/Debug/NIOCore.o

ExtractAppIntentsMetadata (in target 'OpenAI' from project 'OpenAI')
    cd /Users/nd/Library/Developer/Xcode/DerivedData/Stet-fbqwqmzpvnstjwernsgqykzlzypg/SourcePackages/checkouts/OpenAI
    /Applications/Xcode.app/Contents/Developer/Toolchains/XcodeDefault.xctoolchain/usr/bin/appintentsmetadataprocessor --toolchain-dir /var/run/com.apple.security.cryptexd/mnt/com.apple.MobileAsset.MetalToolchain-v17.5.188.0.XybBjs/Metal.xctoolchain --module-name OpenAI --sdk-root /Applications/Xcode.app/Contents/Developer/Platforms/MacOSX.platform/Developer/SDKs/MacOSX26.4.sdk --xcode-version 17E202 --platform-family macOS --deployment-target 10.15 --bundle-identifier openai.OpenAI --output /Users/nd/Library/Developer/Xcode/DerivedData/Stet-fbqwqmzpvnstjwernsgqykzlzypg/Build/Products/Debug/OpenAI.appintents --target-triple arm64-apple-macos10.15 --binary-file /Users/nd/Library/Developer/Xcode/DerivedData/Stet-fbqwqmzpvnstjwernsgqykzlzypg/Build/Products/Debug/OpenAI.o --dependency-file /Users/nd/Library/Developer/Xcode/DerivedData/Stet-fbqwqmzpvnstjwernsgqykzlzypg/Build/Intermediates.noindex/OpenAI.build/Debug/OpenAI.build/Objects-normal/arm64/OpenAI_dependency_info.dat --stringsdata-file /Users/nd/Library/Developer/Xcode/DerivedData/Stet-fbqwqmzpvnstjwernsgqykzlzypg/Build/Intermediates.noindex/OpenAI.build/Debug/OpenAI.build/Objects-normal/arm64/ExtractedAppShortcutsMetadata.stringsdata --source-file-list /Users/nd/Library/Developer/Xcode/DerivedData/Stet-fbqwqmzpvnstjwernsgqykzlzypg/Build/Intermediates.noindex/OpenAI.build/Debug/OpenAI.build/Objects-normal/arm64/OpenAI.SwiftFileList --metadata-file-list /Users/nd/Library/Developer/Xcode/DerivedData/Stet-fbqwqmzpvnstjwernsgqykzlzypg/Build/Intermediates.noindex/OpenAI.build/Debug/OpenAI.build/OpenAI.DependencyMetadataFileList --static-metadata-file-list /Users/nd/Library/Developer/Xcode/DerivedData/Stet-fbqwqmzpvnstjwernsgqykzlzypg/Build/Intermediates.noindex/OpenAI.build/Debug/OpenAI.build/OpenAI.DependencyStaticMetadataFileList --swift-const-vals-list /Users/nd/Library/Developer/Xcode/DerivedData/Stet-fbqwqmzpvnstjwernsgqykzlzypg/Build/Intermediates.noindex/OpenAI.build/Debug/OpenAI.build/Objects-normal/arm64/OpenAI.SwiftConstValuesFileList --force --compile-time-extraction --deployment-aware-processing --validate-assistant-intents --no-app-shortcuts-localization
2026-04-20 02:43:13.017 appintentsmetadataprocessor[71251:2079581] Starting appintentsmetadataprocessor export
2026-04-20 02:43:13.067 appintentsmetadataprocessor[71251:2079581] Extracted no relevant App Intents symbols, skipping writing output

Ld /Users/nd/Library/Developer/Xcode/DerivedData/Stet-fbqwqmzpvnstjwernsgqykzlzypg/Build/Products/Debug/PostgREST.o normal (in target 'PostgREST' from project 'Supabase')
    cd /Users/nd/Library/Developer/Xcode/DerivedData/Stet-fbqwqmzpvnstjwernsgqykzlzypg/SourcePackages/checkouts/supabase-swift
    /Applications/Xcode.app/Contents/Developer/Toolchains/XcodeDefault.xctoolchain/usr/bin/clang -Xlinker -reproducible -target arm64-apple-macos10.15 -r -isysroot /Applications/Xcode.app/Contents/Developer/Platforms/MacOSX.platform/Developer/SDKs/MacOSX26.4.sdk -O0 -w -F/Users/nd/Library/Developer/Xcode/DerivedData/Stet-fbqwqmzpvnstjwernsgqykzlzypg/Build/Intermediates.noindex/EagerLinkingTBDs/Debug -F/Users/nd/Library/Developer/Xcode/DerivedData/Stet-fbqwqmzpvnstjwernsgqykzlzypg/Build/Products/Debug/PackageFrameworks -F/Users/nd/Library/Developer/Xcode/DerivedData/Stet-fbqwqmzpvnstjwernsgqykzlzypg/Build/Products/Debug/PackageFrameworks -F/Users/nd/Library/Developer/Xcode/DerivedData/Stet-fbqwqmzpvnstjwernsgqykzlzypg/Build/Products/Debug/PackageFrameworks -F/Users/nd/Library/Developer/Xcode/DerivedData/Stet-fbqwqmzpvnstjwernsgqykzlzypg/Build/Products/Debug/PackageFrameworks -F/Users/nd/Library/Developer/Xcode/DerivedData/Stet-fbqwqmzpvnstjwernsgqykzlzypg/Build/Products/Debug/PackageFrameworks -F/Users/nd/Library/Developer/Xcode/DerivedData/Stet-fbqwqmzpvnstjwernsgqykzlzypg/Build/Products/Debug/PackageFrameworks -F/Users/nd/Library/Developer/Xcode/DerivedData/Stet-fbqwqmzpvnstjwernsgqykzlzypg/Build/Products/Debug/PackageFrameworks -F/Users/nd/Library/Developer/Xcode/DerivedData/Stet-fbqwqmzpvnstjwernsgqykzlzypg/Build/Products/Debug -iframework /Applications/Xcode.app/Contents/Developer/Platforms/MacOSX.platform/Developer/Library/Frameworks -filelist /Users/nd/Library/Developer/Xcode/DerivedData/Stet-fbqwqmzpvnstjwernsgqykzlzypg/Build/Intermediates.noindex/Supabase.build/Debug/PostgREST.build/Objects-normal/arm64/PostgREST.LinkFileList -nostdlib -Xlinker -object_path_lto -Xlinker /Users/nd/Library/Developer/Xcode/DerivedData/Stet-fbqwqmzpvnstjwernsgqykzlzypg/Build/Intermediates.noindex/Supabase.build/Debug/PostgREST.build/Objects-normal/arm64/PostgREST_lto.o -Xlinker -no_deduplicate -Xlinker -debug_variant -Xlinker -dependency_info -Xlinker /Users/nd/Library/Developer/Xcode/DerivedData/Stet-fbqwqmzpvnstjwernsgqykzlzypg/Build/Intermediates.noindex/Supabase.build/Debug/PostgREST.build/Objects-normal/arm64/PostgREST_dependency_info.dat -fobjc-link-runtime -L/Applications/Xcode.app/Contents/Developer/Toolchains/XcodeDefault.xctoolchain/usr/lib/swift/macosx -L/usr/lib/swift -Xlinker -add_ast_path -Xlinker /Users/nd/Library/Developer/Xcode/DerivedData/Stet-fbqwqmzpvnstjwernsgqykzlzypg/Build/Intermediates.noindex/Supabase.build/Debug/PostgREST.build/Objects-normal/arm64/PostgREST.swiftmodule @/Users/nd/Library/Developer/Xcode/DerivedData/Stet-fbqwqmzpvnstjwernsgqykzlzypg/Build/Intermediates.noindex/Supabase.build/Debug/PostgREST.build/Objects-normal/arm64/PostgREST-linker-args.resp -o /Users/nd/Library/Developer/Xcode/DerivedData/Stet-fbqwqmzpvnstjwernsgqykzlzypg/Build/Products/Debug/PostgREST.o

Ld /Users/nd/Library/Developer/Xcode/DerivedData/Stet-fbqwqmzpvnstjwernsgqykzlzypg/Build/Products/Debug/Storage.o normal (in target 'Storage' from project 'Supabase')
    cd /Users/nd/Library/Developer/Xcode/DerivedData/Stet-fbqwqmzpvnstjwernsgqykzlzypg/SourcePackages/checkouts/supabase-swift
    /Applications/Xcode.app/Contents/Developer/Toolchains/XcodeDefault.xctoolchain/usr/bin/clang -Xlinker -reproducible -target arm64-apple-macos10.15 -r -isysroot /Applications/Xcode.app/Contents/Developer/Platforms/MacOSX.platform/Developer/SDKs/MacOSX26.4.sdk -O0 -w -F/Users/nd/Library/Developer/Xcode/DerivedData/Stet-fbqwqmzpvnstjwernsgqykzlzypg/Build/Intermediates.noindex/EagerLinkingTBDs/Debug -F/Users/nd/Library/Developer/Xcode/DerivedData/Stet-fbqwqmzpvnstjwernsgqykzlzypg/Build/Products/Debug/PackageFrameworks -F/Users/nd/Library/Developer/Xcode/DerivedData/Stet-fbqwqmzpvnstjwernsgqykzlzypg/Build/Products/Debug/PackageFrameworks -F/Users/nd/Library/Developer/Xcode/DerivedData/Stet-fbqwqmzpvnstjwernsgqykzlzypg/Build/Products/Debug/PackageFrameworks -F/Users/nd/Library/Developer/Xcode/DerivedData/Stet-fbqwqmzpvnstjwernsgqykzlzypg/Build/Products/Debug/PackageFrameworks -F/Users/nd/Library/Developer/Xcode/DerivedData/Stet-fbqwqmzpvnstjwernsgqykzlzypg/Build/Products/Debug/PackageFrameworks -F/Users/nd/Library/Developer/Xcode/DerivedData/Stet-fbqwqmzpvnstjwernsgqykzlzypg/Build/Products/Debug/PackageFrameworks -F/Users/nd/Library/Developer/Xcode/DerivedData/Stet-fbqwqmzpvnstjwernsgqykzlzypg/Build/Products/Debug/PackageFrameworks -F/Users/nd/Library/Developer/Xcode/DerivedData/Stet-fbqwqmzpvnstjwernsgqykzlzypg/Build/Products/Debug -iframework /Applications/Xcode.app/Contents/Developer/Platforms/MacOSX.platform/Developer/Library/Frameworks -filelist /Users/nd/Library/Developer/Xcode/DerivedData/Stet-fbqwqmzpvnstjwernsgqykzlzypg/Build/Intermediates.noindex/Supabase.build/Debug/Storage.build/Objects-normal/arm64/Storage.LinkFileList -nostdlib -Xlinker -object_path_lto -Xlinker /Users/nd/Library/Developer/Xcode/DerivedData/Stet-fbqwqmzpvnstjwernsgqykzlzypg/Build/Intermediates.noindex/Supabase.build/Debug/Storage.build/Objects-normal/arm64/Storage_lto.o -Xlinker -no_deduplicate -Xlinker -debug_variant -Xlinker -dependency_info -Xlinker /Users/nd/Library/Developer/Xcode/DerivedData/Stet-fbqwqmzpvnstjwernsgqykzlzypg/Build/Intermediates.noindex/Supabase.build/Debug/Storage.build/Objects-normal/arm64/Storage_dependency_info.dat -fobjc-link-runtime -L/Applications/Xcode.app/Contents/Developer/Toolchains/XcodeDefault.xctoolchain/usr/lib/swift/macosx -L/usr/lib/swift -Xlinker -add_ast_path -Xlinker /Users/nd/Library/Developer/Xcode/DerivedData/Stet-fbqwqmzpvnstjwernsgqykzlzypg/Build/Intermediates.noindex/Supabase.build/Debug/Storage.build/Objects-normal/arm64/Storage.swiftmodule @/Users/nd/Library/Developer/Xcode/DerivedData/Stet-fbqwqmzpvnstjwernsgqykzlzypg/Build/Intermediates.noindex/Supabase.build/Debug/Storage.build/Objects-normal/arm64/Storage-linker-args.resp -o /Users/nd/Library/Developer/Xcode/DerivedData/Stet-fbqwqmzpvnstjwernsgqykzlzypg/Build/Products/Debug/Storage.o

Ld /Users/nd/Library/Developer/Xcode/DerivedData/Stet-fbqwqmzpvnstjwernsgqykzlzypg/Build/Products/Debug/Realtime.o normal (in target 'Realtime' from project 'Supabase')
    cd /Users/nd/Library/Developer/Xcode/DerivedData/Stet-fbqwqmzpvnstjwernsgqykzlzypg/SourcePackages/checkouts/supabase-swift
    /Applications/Xcode.app/Contents/Developer/Toolchains/XcodeDefault.xctoolchain/usr/bin/clang -Xlinker -reproducible -target arm64-apple-macos10.15 -r -isysroot /Applications/Xcode.app/Contents/Developer/Platforms/MacOSX.platform/Developer/SDKs/MacOSX26.4.sdk -O0 -w -F/Users/nd/Library/Developer/Xcode/DerivedData/Stet-fbqwqmzpvnstjwernsgqykzlzypg/Build/Intermediates.noindex/EagerLinkingTBDs/Debug -F/Users/nd/Library/Developer/Xcode/DerivedData/Stet-fbqwqmzpvnstjwernsgqykzlzypg/Build/Products/Debug/PackageFrameworks -F/Users/nd/Library/Developer/Xcode/DerivedData/Stet-fbqwqmzpvnstjwernsgqykzlzypg/Build/Products/Debug/PackageFrameworks -F/Users/nd/Library/Developer/Xcode/DerivedData/Stet-fbqwqmzpvnstjwernsgqykzlzypg/Build/Products/Debug/PackageFrameworks -F/Users/nd/Library/Developer/Xcode/DerivedData/Stet-fbqwqmzpvnstjwernsgqykzlzypg/Build/Products/Debug/PackageFrameworks -F/Users/nd/Library/Developer/Xcode/DerivedData/Stet-fbqwqmzpvnstjwernsgqykzlzypg/Build/Products/Debug/PackageFrameworks -F/Users/nd/Library/Developer/Xcode/DerivedData/Stet-fbqwqmzpvnstjwernsgqykzlzypg/Build/Products/Debug/PackageFrameworks -F/Users/nd/Library/Developer/Xcode/DerivedData/Stet-fbqwqmzpvnstjwernsgqykzlzypg/Build/Products/Debug/PackageFrameworks -F/Users/nd/Library/Developer/Xcode/DerivedData/Stet-fbqwqmzpvnstjwernsgqykzlzypg/Build/Products/Debug -iframework /Applications/Xcode.app/Contents/Developer/Platforms/MacOSX.platform/Developer/Library/Frameworks -filelist /Users/nd/Library/Developer/Xcode/DerivedData/Stet-fbqwqmzpvnstjwernsgqykzlzypg/Build/Intermediates.noindex/Supabase.build/Debug/Realtime.build/Objects-normal/arm64/Realtime.LinkFileList -nostdlib -Xlinker -object_path_lto -Xlinker /Users/nd/Library/Developer/Xcode/DerivedData/Stet-fbqwqmzpvnstjwernsgqykzlzypg/Build/Intermediates.noindex/Supabase.build/Debug/Realtime.build/Objects-normal/arm64/Realtime_lto.o -Xlinker -no_deduplicate -Xlinker -debug_variant -Xlinker -dependency_info -Xlinker /Users/nd/Library/Developer/Xcode/DerivedData/Stet-fbqwqmzpvnstjwernsgqykzlzypg/Build/Intermediates.noindex/Supabase.build/Debug/Realtime.build/Objects-normal/arm64/Realtime_dependency_info.dat -fobjc-link-runtime -L/Applications/Xcode.app/Contents/Developer/Toolchains/XcodeDefault.xctoolchain/usr/lib/swift/macosx -L/usr/lib/swift -Xlinker -add_ast_path -Xlinker /Users/nd/Library/Developer/Xcode/DerivedData/Stet-fbqwqmzpvnstjwernsgqykzlzypg/Build/Intermediates.noindex/Supabase.build/Debug/Realtime.build/Objects-normal/arm64/Realtime.swiftmodule @/Users/nd/Library/Developer/Xcode/DerivedData/Stet-fbqwqmzpvnstjwernsgqykzlzypg/Build/Intermediates.noindex/Supabase.build/Debug/Realtime.build/Objects-normal/arm64/Realtime-linker-args.resp -o /Users/nd/Library/Developer/Xcode/DerivedData/Stet-fbqwqmzpvnstjwernsgqykzlzypg/Build/Products/Debug/Realtime.o

Ld /Users/nd/Library/Developer/Xcode/DerivedData/Stet-fbqwqmzpvnstjwernsgqykzlzypg/Build/Products/Debug/Functions.o normal (in target 'Functions' from project 'Supabase')
    cd /Users/nd/Library/Developer/Xcode/DerivedData/Stet-fbqwqmzpvnstjwernsgqykzlzypg/SourcePackages/checkouts/supabase-swift
    /Applications/Xcode.app/Contents/Developer/Toolchains/XcodeDefault.xctoolchain/usr/bin/clang -Xlinker -reproducible -target arm64-apple-macos10.15 -r -isysroot /Applications/Xcode.app/Contents/Developer/Platforms/MacOSX.platform/Developer/SDKs/MacOSX26.4.sdk -O0 -w -F/Users/nd/Library/Developer/Xcode/DerivedData/Stet-fbqwqmzpvnstjwernsgqykzlzypg/Build/Intermediates.noindex/EagerLinkingTBDs/Debug -F/Users/nd/Library/Developer/Xcode/DerivedData/Stet-fbqwqmzpvnstjwernsgqykzlzypg/Build/Products/Debug/PackageFrameworks -F/Users/nd/Library/Developer/Xcode/DerivedData/Stet-fbqwqmzpvnstjwernsgqykzlzypg/Build/Products/Debug/PackageFrameworks -F/Users/nd/Library/Developer/Xcode/DerivedData/Stet-fbqwqmzpvnstjwernsgqykzlzypg/Build/Products/Debug/PackageFrameworks -F/Users/nd/Library/Developer/Xcode/DerivedData/Stet-fbqwqmzpvnstjwernsgqykzlzypg/Build/Products/Debug/PackageFrameworks -F/Users/nd/Library/Developer/Xcode/DerivedData/Stet-fbqwqmzpvnstjwernsgqykzlzypg/Build/Products/Debug/PackageFrameworks -F/Users/nd/Library/Developer/Xcode/DerivedData/Stet-fbqwqmzpvnstjwernsgqykzlzypg/Build/Products/Debug/PackageFrameworks -F/Users/nd/Library/Developer/Xcode/DerivedData/Stet-fbqwqmzpvnstjwernsgqykzlzypg/Build/Products/Debug/PackageFrameworks -F/Users/nd/Library/Developer/Xcode/DerivedData/Stet-fbqwqmzpvnstjwernsgqykzlzypg/Build/Products/Debug -iframework /Applications/Xcode.app/Contents/Developer/Platforms/MacOSX.platform/Developer/Library/Frameworks -filelist /Users/nd/Library/Developer/Xcode/DerivedData/Stet-fbqwqmzpvnstjwernsgqykzlzypg/Build/Intermediates.noindex/Supabase.build/Debug/Functions.build/Objects-normal/arm64/Functions.LinkFileList -nostdlib -Xlinker -object_path_lto -Xlinker /Users/nd/Library/Developer/Xcode/DerivedData/Stet-fbqwqmzpvnstjwernsgqykzlzypg/Build/Intermediates.noindex/Supabase.build/Debug/Functions.build/Objects-normal/arm64/Functions_lto.o -Xlinker -no_deduplicate -Xlinker -debug_variant -Xlinker -dependency_info -Xlinker /Users/nd/Library/Developer/Xcode/DerivedData/Stet-fbqwqmzpvnstjwernsgqykzlzypg/Build/Intermediates.noindex/Supabase.build/Debug/Functions.build/Objects-normal/arm64/Functions_dependency_info.dat -fobjc-link-runtime -L/Applications/Xcode.app/Contents/Developer/Toolchains/XcodeDefault.xctoolchain/usr/lib/swift/macosx -L/usr/lib/swift -Xlinker -add_ast_path -Xlinker /Users/nd/Library/Developer/Xcode/DerivedData/Stet-fbqwqmzpvnstjwernsgqykzlzypg/Build/Intermediates.noindex/Supabase.build/Debug/Functions.build/Objects-normal/arm64/Functions.swiftmodule @/Users/nd/Library/Developer/Xcode/DerivedData/Stet-fbqwqmzpvnstjwernsgqykzlzypg/Build/Intermediates.noindex/Supabase.build/Debug/Functions.build/Objects-normal/arm64/Functions-linker-args.resp -o /Users/nd/Library/Developer/Xcode/DerivedData/Stet-fbqwqmzpvnstjwernsgqykzlzypg/Build/Products/Debug/Functions.o

Ld /Users/nd/Library/Developer/Xcode/DerivedData/Stet-fbqwqmzpvnstjwernsgqykzlzypg/Build/Products/Debug/Auth.o normal (in target 'Auth' from project 'Supabase')
    cd /Users/nd/Library/Developer/Xcode/DerivedData/Stet-fbqwqmzpvnstjwernsgqykzlzypg/SourcePackages/checkouts/supabase-swift
    /Applications/Xcode.app/Contents/Developer/Toolchains/XcodeDefault.xctoolchain/usr/bin/clang -Xlinker -reproducible -target arm64-apple-macos10.15 -r -isysroot /Applications/Xcode.app/Contents/Developer/Platforms/MacOSX.platform/Developer/SDKs/MacOSX26.4.sdk -O0 -w -F/Users/nd/Library/Developer/Xcode/DerivedData/Stet-fbqwqmzpvnstjwernsgqykzlzypg/Build/Intermediates.noindex/EagerLinkingTBDs/Debug -F/Users/nd/Library/Developer/Xcode/DerivedData/Stet-fbqwqmzpvnstjwernsgqykzlzypg/Build/Products/Debug/PackageFrameworks -F/Users/nd/Library/Developer/Xcode/DerivedData/Stet-fbqwqmzpvnstjwernsgqykzlzypg/Build/Products/Debug/PackageFrameworks -F/Users/nd/Library/Developer/Xcode/DerivedData/Stet-fbqwqmzpvnstjwernsgqykzlzypg/Build/Products/Debug/PackageFrameworks -F/Users/nd/Library/Developer/Xcode/DerivedData/Stet-fbqwqmzpvnstjwernsgqykzlzypg/Build/Products/Debug/PackageFrameworks -F/Users/nd/Library/Developer/Xcode/DerivedData/Stet-fbqwqmzpvnstjwernsgqykzlzypg/Build/Products/Debug/PackageFrameworks -F/Users/nd/Library/Developer/Xcode/DerivedData/Stet-fbqwqmzpvnstjwernsgqykzlzypg/Build/Products/Debug/PackageFrameworks -F/Users/nd/Library/Developer/Xcode/DerivedData/Stet-fbqwqmzpvnstjwernsgqykzlzypg/Build/Products/Debug/PackageFrameworks -F/Users/nd/Library/Developer/Xcode/DerivedData/Stet-fbqwqmzpvnstjwernsgqykzlzypg/Build/Products/Debug/PackageFrameworks -F/Users/nd/Library/Developer/Xcode/DerivedData/Stet-fbqwqmzpvnstjwernsgqykzlzypg/Build/Products/Debug -iframework /Applications/Xcode.app/Contents/Developer/Platforms/MacOSX.platform/Developer/Library/Frameworks -filelist /Users/nd/Library/Developer/Xcode/DerivedData/Stet-fbqwqmzpvnstjwernsgqykzlzypg/Build/Intermediates.noindex/Supabase.build/Debug/Auth.build/Objects-normal/arm64/Auth.LinkFileList -nostdlib -Xlinker -object_path_lto -Xlinker /Users/nd/Library/Developer/Xcode/DerivedData/Stet-fbqwqmzpvnstjwernsgqykzlzypg/Build/Intermediates.noindex/Supabase.build/Debug/Auth.build/Objects-normal/arm64/Auth_lto.o -Xlinker -no_deduplicate -Xlinker -debug_variant -Xlinker -dependency_info -Xlinker /Users/nd/Library/Developer/Xcode/DerivedData/Stet-fbqwqmzpvnstjwernsgqykzlzypg/Build/Intermediates.noindex/Supabase.build/Debug/Auth.build/Objects-normal/arm64/Auth_dependency_info.dat -fobjc-link-runtime -L/Applications/Xcode.app/Contents/Developer/Toolchains/XcodeDefault.xctoolchain/usr/lib/swift/macosx -L/usr/lib/swift -Xlinker -add_ast_path -Xlinker /Users/nd/Library/Developer/Xcode/DerivedData/Stet-fbqwqmzpvnstjwernsgqykzlzypg/Build/Intermediates.noindex/Supabase.build/Debug/Auth.build/Objects-normal/arm64/Auth.swiftmodule @/Users/nd/Library/Developer/Xcode/DerivedData/Stet-fbqwqmzpvnstjwernsgqykzlzypg/Build/Intermediates.noindex/Supabase.build/Debug/Auth.build/Objects-normal/arm64/Auth-linker-args.resp -o /Users/nd/Library/Developer/Xcode/DerivedData/Stet-fbqwqmzpvnstjwernsgqykzlzypg/Build/Products/Debug/Auth.o

Ld /Users/nd/Library/Developer/Xcode/DerivedData/Stet-fbqwqmzpvnstjwernsgqykzlzypg/Build/Products/Debug/EventSource.o normal (in target 'EventSource' from project 'EventSource')
    cd /Users/nd/Library/Developer/Xcode/DerivedData/Stet-fbqwqmzpvnstjwernsgqykzlzypg/SourcePackages/checkouts/EventSource
    /Applications/Xcode.app/Contents/Developer/Toolchains/XcodeDefault.xctoolchain/usr/bin/clang -Xlinker -reproducible -target arm64-apple-macos12.0 -r -isysroot /Applications/Xcode.app/Contents/Developer/Platforms/MacOSX.platform/Developer/SDKs/MacOSX26.4.sdk -O0 -w -F/Users/nd/Library/Developer/Xcode/DerivedData/Stet-fbqwqmzpvnstjwernsgqykzlzypg/Build/Intermediates.noindex/EagerLinkingTBDs/Debug -F/Users/nd/Library/Developer/Xcode/DerivedData/Stet-fbqwqmzpvnstjwernsgqykzlzypg/Build/Products/Debug/PackageFrameworks -F/Users/nd/Library/Developer/Xcode/DerivedData/Stet-fbqwqmzpvnstjwernsgqykzlzypg/Build/Products/Debug/PackageFrameworks -F/Users/nd/Library/Developer/Xcode/DerivedData/Stet-fbqwqmzpvnstjwernsgqykzlzypg/Build/Products/Debug/PackageFrameworks -F/Users/nd/Library/Developer/Xcode/DerivedData/Stet-fbqwqmzpvnstjwernsgqykzlzypg/Build/Products/Debug/PackageFrameworks -F/Users/nd/Library/Developer/Xcode/DerivedData/Stet-fbqwqmzpvnstjwernsgqykzlzypg/Build/Products/Debug/PackageFrameworks -F/Users/nd/Library/Developer/Xcode/DerivedData/Stet-fbqwqmzpvnstjwernsgqykzlzypg/Build/Products/Debug/PackageFrameworks -F/Users/nd/Library/Developer/Xcode/DerivedData/Stet-fbqwqmzpvnstjwernsgqykzlzypg/Build/Products/Debug/PackageFrameworks -F/Users/nd/Library/Developer/Xcode/DerivedData/Stet-fbqwqmzpvnstjwernsgqykzlzypg/Build/Products/Debug/PackageFrameworks -F/Users/nd/Library/Developer/Xcode/DerivedData/Stet-fbqwqmzpvnstjwernsgqykzlzypg/Build/Products/Debug/PackageFrameworks -F/Users/nd/Library/Developer/Xcode/DerivedData/Stet-fbqwqmzpvnstjwernsgqykzlzypg/Build/Products/Debug/PackageFrameworks -F/Users/nd/Library/Developer/Xcode/DerivedData/Stet-fbqwqmzpvnstjwernsgqykzlzypg/Build/Products/Debug/PackageFrameworks -F/Users/nd/Library/Developer/Xcode/DerivedData/Stet-fbqwqmzpvnstjwernsgqykzlzypg/Build/Products/Debug/PackageFrameworks -F/Users/nd/Library/Developer/Xcode/DerivedData/Stet-fbqwqmzpvnstjwernsgqykzlzypg/Build/Products/Debug/PackageFrameworks -F/Users/nd/Library/Developer/Xcode/DerivedData/Stet-fbqwqmzpvnstjwernsgqykzlzypg/Build/Products/Debug/PackageFrameworks -F/Users/nd/Library/Developer/Xcode/DerivedData/Stet-fbqwqmzpvnstjwernsgqykzlzypg/Build/Products/Debug/PackageFrameworks -F/Users/nd/Library/Developer/Xcode/DerivedData/Stet-fbqwqmzpvnstjwernsgqykzlzypg/Build/Products/Debug -iframework /Applications/Xcode.app/Contents/Developer/Platforms/MacOSX.platform/Developer/Library/Frameworks -filelist /Users/nd/Library/Developer/Xcode/DerivedData/Stet-fbqwqmzpvnstjwernsgqykzlzypg/Build/Intermediates.noindex/EventSource.build/Debug/EventSource.build/Objects-normal/arm64/EventSource.LinkFileList -nostdlib -Xlinker -object_path_lto -Xlinker /Users/nd/Library/Developer/Xcode/DerivedData/Stet-fbqwqmzpvnstjwernsgqykzlzypg/Build/Intermediates.noindex/EventSource.build/Debug/EventSource.build/Objects-normal/arm64/EventSource_lto.o -Xlinker -no_deduplicate -Xlinker -debug_variant -Xlinker -dependency_info -Xlinker /Users/nd/Library/Developer/Xcode/DerivedData/Stet-fbqwqmzpvnstjwernsgqykzlzypg/Build/Intermediates.noindex/EventSource.build/Debug/EventSource.build/Objects-normal/arm64/EventSource_dependency_info.dat -fobjc-link-runtime -L/Applications/Xcode.app/Contents/Developer/Toolchains/XcodeDefault.xctoolchain/usr/lib/swift/macosx -L/usr/lib/swift -Xlinker -add_ast_path -Xlinker /Users/nd/Library/Developer/Xcode/DerivedData/Stet-fbqwqmzpvnstjwernsgqykzlzypg/Build/Intermediates.noindex/EventSource.build/Debug/EventSource.build/Objects-normal/arm64/EventSource.swiftmodule @/Users/nd/Library/Developer/Xcode/DerivedData/Stet-fbqwqmzpvnstjwernsgqykzlzypg/Build/Intermediates.noindex/EventSource.build/Debug/EventSource.build/Objects-normal/arm64/EventSource-linker-args.resp -o /Users/nd/Library/Developer/Xcode/DerivedData/Stet-fbqwqmzpvnstjwernsgqykzlzypg/Build/Products/Debug/EventSource.o

ExtractAppIntentsMetadata (in target 'Functions' from project 'Supabase')
    cd /Users/nd/Library/Developer/Xcode/DerivedData/Stet-fbqwqmzpvnstjwernsgqykzlzypg/SourcePackages/checkouts/supabase-swift
    /Applications/Xcode.app/Contents/Developer/Toolchains/XcodeDefault.xctoolchain/usr/bin/appintentsmetadataprocessor --toolchain-dir /var/run/com.apple.security.cryptexd/mnt/com.apple.MobileAsset.MetalToolchain-v17.5.188.0.XybBjs/Metal.xctoolchain --module-name Functions --sdk-root /Applications/Xcode.app/Contents/Developer/Platforms/MacOSX.platform/Developer/SDKs/MacOSX26.4.sdk --xcode-version 17E202 --platform-family macOS --deployment-target 10.15 --bundle-identifier supabase-swift.Functions --output /Users/nd/Library/Developer/Xcode/DerivedData/Stet-fbqwqmzpvnstjwernsgqykzlzypg/Build/Products/Debug/Functions.appintents --target-triple arm64-apple-macos10.15 --binary-file /Users/nd/Library/Developer/Xcode/DerivedData/Stet-fbqwqmzpvnstjwernsgqykzlzypg/Build/Products/Debug/Functions.o --dependency-file /Users/nd/Library/Developer/Xcode/DerivedData/Stet-fbqwqmzpvnstjwernsgqykzlzypg/Build/Intermediates.noindex/Supabase.build/Debug/Functions.build/Objects-normal/arm64/Functions_dependency_info.dat --stringsdata-file /Users/nd/Library/Developer/Xcode/DerivedData/Stet-fbqwqmzpvnstjwernsgqykzlzypg/Build/Intermediates.noindex/Supabase.build/Debug/Functions.build/Objects-normal/arm64/ExtractedAppShortcutsMetadata.stringsdata --source-file-list /Users/nd/Library/Developer/Xcode/DerivedData/Stet-fbqwqmzpvnstjwernsgqykzlzypg/Build/Intermediates.noindex/Supabase.build/Debug/Functions.build/Objects-normal/arm64/Functions.SwiftFileList --metadata-file-list /Users/nd/Library/Developer/Xcode/DerivedData/Stet-fbqwqmzpvnstjwernsgqykzlzypg/Build/Intermediates.noindex/Supabase.build/Debug/Functions.build/Functions.DependencyMetadataFileList --static-metadata-file-list /Users/nd/Library/Developer/Xcode/DerivedData/Stet-fbqwqmzpvnstjwernsgqykzlzypg/Build/Intermediates.noindex/Supabase.build/Debug/Functions.build/Functions.DependencyStaticMetadataFileList --swift-const-vals-list /Users/nd/Library/Developer/Xcode/DerivedData/Stet-fbqwqmzpvnstjwernsgqykzlzypg/Build/Intermediates.noindex/Supabase.build/Debug/Functions.build/Objects-normal/arm64/Functions.SwiftConstValuesFileList --force --compile-time-extraction --deployment-aware-processing --validate-assistant-intents --no-app-shortcuts-localization
2026-04-20 02:43:13.071 appintentsmetadataprocessor[71267:2079663] Starting appintentsmetadataprocessor export
2026-04-20 02:43:13.090 appintentsmetadataprocessor[71267:2079663] Extracted no relevant App Intents symbols, skipping writing output

ExtractAppIntentsMetadata (in target 'PostgREST' from project 'Supabase')
    cd /Users/nd/Library/Developer/Xcode/DerivedData/Stet-fbqwqmzpvnstjwernsgqykzlzypg/SourcePackages/checkouts/supabase-swift
    /Applications/Xcode.app/Contents/Developer/Toolchains/XcodeDefault.xctoolchain/usr/bin/appintentsmetadataprocessor --toolchain-dir /var/run/com.apple.security.cryptexd/mnt/com.apple.MobileAsset.MetalToolchain-v17.5.188.0.XybBjs/Metal.xctoolchain --module-name PostgREST --sdk-root /Applications/Xcode.app/Contents/Developer/Platforms/MacOSX.platform/Developer/SDKs/MacOSX26.4.sdk --xcode-version 17E202 --platform-family macOS --deployment-target 10.15 --bundle-identifier supabase-swift.PostgREST --output /Users/nd/Library/Developer/Xcode/DerivedData/Stet-fbqwqmzpvnstjwernsgqykzlzypg/Build/Products/Debug/PostgREST.appintents --target-triple arm64-apple-macos10.15 --binary-file /Users/nd/Library/Developer/Xcode/DerivedData/Stet-fbqwqmzpvnstjwernsgqykzlzypg/Build/Products/Debug/PostgREST.o --dependency-file /Users/nd/Library/Developer/Xcode/DerivedData/Stet-fbqwqmzpvnstjwernsgqykzlzypg/Build/Intermediates.noindex/Supabase.build/Debug/PostgREST.build/Objects-normal/arm64/PostgREST_dependency_info.dat --stringsdata-file /Users/nd/Library/Developer/Xcode/DerivedData/Stet-fbqwqmzpvnstjwernsgqykzlzypg/Build/Intermediates.noindex/Supabase.build/Debug/PostgREST.build/Objects-normal/arm64/ExtractedAppShortcutsMetadata.stringsdata --source-file-list /Users/nd/Library/Developer/Xcode/DerivedData/Stet-fbqwqmzpvnstjwernsgqykzlzypg/Build/Intermediates.noindex/Supabase.build/Debug/PostgREST.build/Objects-normal/arm64/PostgREST.SwiftFileList --metadata-file-list /Users/nd/Library/Developer/Xcode/DerivedData/Stet-fbqwqmzpvnstjwernsgqykzlzypg/Build/Intermediates.noindex/Supabase.build/Debug/PostgREST.build/PostgREST.DependencyMetadataFileList --static-metadata-file-list /Users/nd/Library/Developer/Xcode/DerivedData/Stet-fbqwqmzpvnstjwernsgqykzlzypg/Build/Intermediates.noindex/Supabase.build/Debug/PostgREST.build/PostgREST.DependencyStaticMetadataFileList --swift-const-vals-list /Users/nd/Library/Developer/Xcode/DerivedData/Stet-fbqwqmzpvnstjwernsgqykzlzypg/Build/Intermediates.noindex/Supabase.build/Debug/PostgREST.build/Objects-normal/arm64/PostgREST.SwiftConstValuesFileList --force --compile-time-extraction --deployment-aware-processing --validate-assistant-intents --no-app-shortcuts-localization
2026-04-20 02:43:13.076 appintentsmetadataprocessor[71268:2079664] Starting appintentsmetadataprocessor export
2026-04-20 02:43:13.093 appintentsmetadataprocessor[71268:2079664] Extracted no relevant App Intents symbols, skipping writing output

ExtractAppIntentsMetadata (in target 'Storage' from project 'Supabase')
    cd /Users/nd/Library/Developer/Xcode/DerivedData/Stet-fbqwqmzpvnstjwernsgqykzlzypg/SourcePackages/checkouts/supabase-swift
    /Applications/Xcode.app/Contents/Developer/Toolchains/XcodeDefault.xctoolchain/usr/bin/appintentsmetadataprocessor --toolchain-dir /var/run/com.apple.security.cryptexd/mnt/com.apple.MobileAsset.MetalToolchain-v17.5.188.0.XybBjs/Metal.xctoolchain --module-name Storage --sdk-root /Applications/Xcode.app/Contents/Developer/Platforms/MacOSX.platform/Developer/SDKs/MacOSX26.4.sdk --xcode-version 17E202 --platform-family macOS --deployment-target 10.15 --bundle-identifier supabase-swift.Storage --output /Users/nd/Library/Developer/Xcode/DerivedData/Stet-fbqwqmzpvnstjwernsgqykzlzypg/Build/Products/Debug/Storage.appintents --target-triple arm64-apple-macos10.15 --binary-file /Users/nd/Library/Developer/Xcode/DerivedData/Stet-fbqwqmzpvnstjwernsgqykzlzypg/Build/Products/Debug/Storage.o --dependency-file /Users/nd/Library/Developer/Xcode/DerivedData/Stet-fbqwqmzpvnstjwernsgqykzlzypg/Build/Intermediates.noindex/Supabase.build/Debug/Storage.build/Objects-normal/arm64/Storage_dependency_info.dat --stringsdata-file /Users/nd/Library/Developer/Xcode/DerivedData/Stet-fbqwqmzpvnstjwernsgqykzlzypg/Build/Intermediates.noindex/Supabase.build/Debug/Storage.build/Objects-normal/arm64/ExtractedAppShortcutsMetadata.stringsdata --source-file-list /Users/nd/Library/Developer/Xcode/DerivedData/Stet-fbqwqmzpvnstjwernsgqykzlzypg/Build/Intermediates.noindex/Supabase.build/Debug/Storage.build/Objects-normal/arm64/Storage.SwiftFileList --metadata-file-list /Users/nd/Library/Developer/Xcode/DerivedData/Stet-fbqwqmzpvnstjwernsgqykzlzypg/Build/Intermediates.noindex/Supabase.build/Debug/Storage.build/Storage.DependencyMetadataFileList --static-metadata-file-list /Users/nd/Library/Developer/Xcode/DerivedData/Stet-fbqwqmzpvnstjwernsgqykzlzypg/Build/Intermediates.noindex/Supabase.build/Debug/Storage.build/Storage.DependencyStaticMetadataFileList --swift-const-vals-list /Users/nd/Library/Developer/Xcode/DerivedData/Stet-fbqwqmzpvnstjwernsgqykzlzypg/Build/Intermediates.noindex/Supabase.build/Debug/Storage.build/Objects-normal/arm64/Storage.SwiftConstValuesFileList --force --compile-time-extraction --deployment-aware-processing --validate-assistant-intents --no-app-shortcuts-localization
2026-04-20 02:43:13.076 appintentsmetadataprocessor[71269:2079665] Starting appintentsmetadataprocessor export
2026-04-20 02:43:13.095 appintentsmetadataprocessor[71269:2079665] Extracted no relevant App Intents symbols, skipping writing output

ExtractAppIntentsMetadata (in target 'Realtime' from project 'Supabase')
    cd /Users/nd/Library/Developer/Xcode/DerivedData/Stet-fbqwqmzpvnstjwernsgqykzlzypg/SourcePackages/checkouts/supabase-swift
    /Applications/Xcode.app/Contents/Developer/Toolchains/XcodeDefault.xctoolchain/usr/bin/appintentsmetadataprocessor --toolchain-dir /var/run/com.apple.security.cryptexd/mnt/com.apple.MobileAsset.MetalToolchain-v17.5.188.0.XybBjs/Metal.xctoolchain --module-name Realtime --sdk-root /Applications/Xcode.app/Contents/Developer/Platforms/MacOSX.platform/Developer/SDKs/MacOSX26.4.sdk --xcode-version 17E202 --platform-family macOS --deployment-target 10.15 --bundle-identifier supabase-swift.Realtime --output /Users/nd/Library/Developer/Xcode/DerivedData/Stet-fbqwqmzpvnstjwernsgqykzlzypg/Build/Products/Debug/Realtime.appintents --target-triple arm64-apple-macos10.15 --binary-file /Users/nd/Library/Developer/Xcode/DerivedData/Stet-fbqwqmzpvnstjwernsgqykzlzypg/Build/Products/Debug/Realtime.o --dependency-file /Users/nd/Library/Developer/Xcode/DerivedData/Stet-fbqwqmzpvnstjwernsgqykzlzypg/Build/Intermediates.noindex/Supabase.build/Debug/Realtime.build/Objects-normal/arm64/Realtime_dependency_info.dat --stringsdata-file /Users/nd/Library/Developer/Xcode/DerivedData/Stet-fbqwqmzpvnstjwernsgqykzlzypg/Build/Intermediates.noindex/Supabase.build/Debug/Realtime.build/Objects-normal/arm64/ExtractedAppShortcutsMetadata.stringsdata --source-file-list /Users/nd/Library/Developer/Xcode/DerivedData/Stet-fbqwqmzpvnstjwernsgqykzlzypg/Build/Intermediates.noindex/Supabase.build/Debug/Realtime.build/Objects-normal/arm64/Realtime.SwiftFileList --metadata-file-list /Users/nd/Library/Developer/Xcode/DerivedData/Stet-fbqwqmzpvnstjwernsgqykzlzypg/Build/Intermediates.noindex/Supabase.build/Debug/Realtime.build/Realtime.DependencyMetadataFileList --static-metadata-file-list /Users/nd/Library/Developer/Xcode/DerivedData/Stet-fbqwqmzpvnstjwernsgqykzlzypg/Build/Intermediates.noindex/Supabase.build/Debug/Realtime.build/Realtime.DependencyStaticMetadataFileList --swift-const-vals-list /Users/nd/Library/Developer/Xcode/DerivedData/Stet-fbqwqmzpvnstjwernsgqykzlzypg/Build/Intermediates.noindex/Supabase.build/Debug/Realtime.build/Objects-normal/arm64/Realtime.SwiftConstValuesFileList --force --compile-time-extraction --deployment-aware-processing --validate-assistant-intents --no-app-shortcuts-localization
2026-04-20 02:43:13.077 appintentsmetadataprocessor[71270:2079666] Starting appintentsmetadataprocessor export
2026-04-20 02:43:13.096 appintentsmetadataprocessor[71270:2079666] Extracted no relevant App Intents symbols, skipping writing output

ExtractAppIntentsMetadata (in target 'Auth' from project 'Supabase')
    cd /Users/nd/Library/Developer/Xcode/DerivedData/Stet-fbqwqmzpvnstjwernsgqykzlzypg/SourcePackages/checkouts/supabase-swift
    /Applications/Xcode.app/Contents/Developer/Toolchains/XcodeDefault.xctoolchain/usr/bin/appintentsmetadataprocessor --toolchain-dir /var/run/com.apple.security.cryptexd/mnt/com.apple.MobileAsset.MetalToolchain-v17.5.188.0.XybBjs/Metal.xctoolchain --module-name Auth --sdk-root /Applications/Xcode.app/Contents/Developer/Platforms/MacOSX.platform/Developer/SDKs/MacOSX26.4.sdk --xcode-version 17E202 --platform-family macOS --deployment-target 10.15 --bundle-identifier supabase-swift.Auth --output /Users/nd/Library/Developer/Xcode/DerivedData/Stet-fbqwqmzpvnstjwernsgqykzlzypg/Build/Products/Debug/Auth.appintents --target-triple arm64-apple-macos10.15 --binary-file /Users/nd/Library/Developer/Xcode/DerivedData/Stet-fbqwqmzpvnstjwernsgqykzlzypg/Build/Products/Debug/Auth.o --dependency-file /Users/nd/Library/Developer/Xcode/DerivedData/Stet-fbqwqmzpvnstjwernsgqykzlzypg/Build/Intermediates.noindex/Supabase.build/Debug/Auth.build/Objects-normal/arm64/Auth_dependency_info.dat --stringsdata-file /Users/nd/Library/Developer/Xcode/DerivedData/Stet-fbqwqmzpvnstjwernsgqykzlzypg/Build/Intermediates.noindex/Supabase.build/Debug/Auth.build/Objects-normal/arm64/ExtractedAppShortcutsMetadata.stringsdata --source-file-list /Users/nd/Library/Developer/Xcode/DerivedData/Stet-fbqwqmzpvnstjwernsgqykzlzypg/Build/Intermediates.noindex/Supabase.build/Debug/Auth.build/Objects-normal/arm64/Auth.SwiftFileList --metadata-file-list /Users/nd/Library/Developer/Xcode/DerivedData/Stet-fbqwqmzpvnstjwernsgqykzlzypg/Build/Intermediates.noindex/Supabase.build/Debug/Auth.build/Auth.DependencyMetadataFileList --static-metadata-file-list /Users/nd/Library/Developer/Xcode/DerivedData/Stet-fbqwqmzpvnstjwernsgqykzlzypg/Build/Intermediates.noindex/Supabase.build/Debug/Auth.build/Auth.DependencyStaticMetadataFileList --swift-const-vals-list /Users/nd/Library/Developer/Xcode/DerivedData/Stet-fbqwqmzpvnstjwernsgqykzlzypg/Build/Intermediates.noindex/Supabase.build/Debug/Auth.build/Objects-normal/arm64/Auth.SwiftConstValuesFileList --force --compile-time-extraction --deployment-aware-processing --validate-assistant-intents --no-app-shortcuts-localization
2026-04-20 02:43:13.076 appintentsmetadataprocessor[71271:2079671] Starting appintentsmetadataprocessor export
2026-04-20 02:43:13.100 appintentsmetadataprocessor[71271:2079671] Extracted no relevant App Intents symbols, skipping writing output

ExtractAppIntentsMetadata (in target 'EventSource' from project 'EventSource')
    cd /Users/nd/Library/Developer/Xcode/DerivedData/Stet-fbqwqmzpvnstjwernsgqykzlzypg/SourcePackages/checkouts/EventSource
    /Applications/Xcode.app/Contents/Developer/Toolchains/XcodeDefault.xctoolchain/usr/bin/appintentsmetadataprocessor --toolchain-dir /var/run/com.apple.security.cryptexd/mnt/com.apple.MobileAsset.MetalToolchain-v17.5.188.0.XybBjs/Metal.xctoolchain --module-name EventSource --sdk-root /Applications/Xcode.app/Contents/Developer/Platforms/MacOSX.platform/Developer/SDKs/MacOSX26.4.sdk --xcode-version 17E202 --platform-family macOS --deployment-target 12.0 --bundle-identifier eventsource.EventSource --output /Users/nd/Library/Developer/Xcode/DerivedData/Stet-fbqwqmzpvnstjwernsgqykzlzypg/Build/Products/Debug/EventSource.appintents --target-triple arm64-apple-macos12.0 --binary-file /Users/nd/Library/Developer/Xcode/DerivedData/Stet-fbqwqmzpvnstjwernsgqykzlzypg/Build/Products/Debug/EventSource.o --dependency-file /Users/nd/Library/Developer/Xcode/DerivedData/Stet-fbqwqmzpvnstjwernsgqykzlzypg/Build/Intermediates.noindex/EventSource.build/Debug/EventSource.build/Objects-normal/arm64/EventSource_dependency_info.dat --stringsdata-file /Users/nd/Library/Developer/Xcode/DerivedData/Stet-fbqwqmzpvnstjwernsgqykzlzypg/Build/Intermediates.noindex/EventSource.build/Debug/EventSource.build/Objects-normal/arm64/ExtractedAppShortcutsMetadata.stringsdata --source-file-list /Users/nd/Library/Developer/Xcode/DerivedData/Stet-fbqwqmzpvnstjwernsgqykzlzypg/Build/Intermediates.noindex/EventSource.build/Debug/EventSource.build/Objects-normal/arm64/EventSource.SwiftFileList --metadata-file-list /Users/nd/Library/Developer/Xcode/DerivedData/Stet-fbqwqmzpvnstjwernsgqykzlzypg/Build/Intermediates.noindex/EventSource.build/Debug/EventSource.build/EventSource.DependencyMetadataFileList --static-metadata-file-list /Users/nd/Library/Developer/Xcode/DerivedData/Stet-fbqwqmzpvnstjwernsgqykzlzypg/Build/Intermediates.noindex/EventSource.build/Debug/EventSource.build/EventSource.DependencyStaticMetadataFileList --swift-const-vals-list /Users/nd/Library/Developer/Xcode/DerivedData/Stet-fbqwqmzpvnstjwernsgqykzlzypg/Build/Intermediates.noindex/EventSource.build/Debug/EventSource.build/Objects-normal/arm64/EventSource.SwiftConstValuesFileList --force --compile-time-extraction --deployment-aware-processing --validate-assistant-intents --no-app-shortcuts-localization
2026-04-20 02:43:13.082 appintentsmetadataprocessor[71272:2079682] Starting appintentsmetadataprocessor export
2026-04-20 02:43:13.102 appintentsmetadataprocessor[71272:2079682] Extracted no relevant App Intents symbols, skipping writing output

RegisterExecutionPolicyException /Users/nd/Library/Developer/Xcode/DerivedData/Stet-fbqwqmzpvnstjwernsgqykzlzypg/Build/Products/Debug/OpenAI.o (in target 'OpenAI' from project 'OpenAI')
    cd /Users/nd/Library/Developer/Xcode/DerivedData/Stet-fbqwqmzpvnstjwernsgqykzlzypg/SourcePackages/checkouts/OpenAI
    builtin-RegisterExecutionPolicyException /Users/nd/Library/Developer/Xcode/DerivedData/Stet-fbqwqmzpvnstjwernsgqykzlzypg/Build/Products/Debug/OpenAI.o

RegisterExecutionPolicyException /Users/nd/Library/Developer/Xcode/DerivedData/Stet-fbqwqmzpvnstjwernsgqykzlzypg/Build/Products/Debug/Auth.o (in target 'Auth' from project 'Supabase')
    cd /Users/nd/Library/Developer/Xcode/DerivedData/Stet-fbqwqmzpvnstjwernsgqykzlzypg/SourcePackages/checkouts/supabase-swift
    builtin-RegisterExecutionPolicyException /Users/nd/Library/Developer/Xcode/DerivedData/Stet-fbqwqmzpvnstjwernsgqykzlzypg/Build/Products/Debug/Auth.o

RegisterExecutionPolicyException /Users/nd/Library/Developer/Xcode/DerivedData/Stet-fbqwqmzpvnstjwernsgqykzlzypg/Build/Products/Debug/EventSource.o (in target 'EventSource' from project 'EventSource')
    cd /Users/nd/Library/Developer/Xcode/DerivedData/Stet-fbqwqmzpvnstjwernsgqykzlzypg/SourcePackages/checkouts/EventSource
    builtin-RegisterExecutionPolicyException /Users/nd/Library/Developer/Xcode/DerivedData/Stet-fbqwqmzpvnstjwernsgqykzlzypg/Build/Products/Debug/EventSource.o

RegisterExecutionPolicyException /Users/nd/Library/Developer/Xcode/DerivedData/Stet-fbqwqmzpvnstjwernsgqykzlzypg/Build/Products/Debug/Functions.o (in target 'Functions' from project 'Supabase')
    cd /Users/nd/Library/Developer/Xcode/DerivedData/Stet-fbqwqmzpvnstjwernsgqykzlzypg/SourcePackages/checkouts/supabase-swift
    builtin-RegisterExecutionPolicyException /Users/nd/Library/Developer/Xcode/DerivedData/Stet-fbqwqmzpvnstjwernsgqykzlzypg/Build/Products/Debug/Functions.o

Ld /Users/nd/Library/Developer/Xcode/DerivedData/Stet-fbqwqmzpvnstjwernsgqykzlzypg/Build/Products/Debug/HuggingFace.o normal (in target 'HuggingFace' from project 'swift-huggingface')
    cd /Users/nd/Library/Developer/Xcode/DerivedData/Stet-fbqwqmzpvnstjwernsgqykzlzypg/SourcePackages/checkouts/swift-huggingface
    /Applications/Xcode.app/Contents/Developer/Toolchains/XcodeDefault.xctoolchain/usr/bin/clang -Xlinker -reproducible -target arm64-apple-macos13.0 -r -isysroot /Applications/Xcode.app/Contents/Developer/Platforms/MacOSX.platform/Developer/SDKs/MacOSX26.4.sdk -O0 -w -F/Users/nd/Library/Developer/Xcode/DerivedData/Stet-fbqwqmzpvnstjwernsgqykzlzypg/Build/Intermediates.noindex/EagerLinkingTBDs/Debug -F/Users/nd/Library/Developer/Xcode/DerivedData/Stet-fbqwqmzpvnstjwernsgqykzlzypg/Build/Products/Debug/PackageFrameworks -F/Users/nd/Library/Developer/Xcode/DerivedData/Stet-fbqwqmzpvnstjwernsgqykzlzypg/Build/Products/Debug/PackageFrameworks -F/Users/nd/Library/Developer/Xcode/DerivedData/Stet-fbqwqmzpvnstjwernsgqykzlzypg/Build/Products/Debug/PackageFrameworks -F/Users/nd/Library/Developer/Xcode/DerivedData/Stet-fbqwqmzpvnstjwernsgqykzlzypg/Build/Products/Debug/PackageFrameworks -F/Users/nd/Library/Developer/Xcode/DerivedData/Stet-fbqwqmzpvnstjwernsgqykzlzypg/Build/Products/Debug/PackageFrameworks -F/Users/nd/Library/Developer/Xcode/DerivedData/Stet-fbqwqmzpvnstjwernsgqykzlzypg/Build/Products/Debug/PackageFrameworks -F/Users/nd/Library/Developer/Xcode/DerivedData/Stet-fbqwqmzpvnstjwernsgqykzlzypg/Build/Products/Debug/PackageFrameworks -F/Users/nd/Library/Developer/Xcode/DerivedData/Stet-fbqwqmzpvnstjwernsgqykzlzypg/Build/Products/Debug/PackageFrameworks -F/Users/nd/Library/Developer/Xcode/DerivedData/Stet-fbqwqmzpvnstjwernsgqykzlzypg/Build/Products/Debug/PackageFrameworks -F/Users/nd/Library/Developer/Xcode/DerivedData/Stet-fbqwqmzpvnstjwernsgqykzlzypg/Build/Products/Debug/PackageFrameworks -F/Users/nd/Library/Developer/Xcode/DerivedData/Stet-fbqwqmzpvnstjwernsgqykzlzypg/Build/Products/Debug/PackageFrameworks -F/Users/nd/Library/Developer/Xcode/DerivedData/Stet-fbqwqmzpvnstjwernsgqykzlzypg/Build/Products/Debug/PackageFrameworks -F/Users/nd/Library/Developer/Xcode/DerivedData/Stet-fbqwqmzpvnstjwernsgqykzlzypg/Build/Products/Debug/PackageFrameworks -F/Users/nd/Library/Developer/Xcode/DerivedData/Stet-fbqwqmzpvnstjwernsgqykzlzypg/Build/Products/Debug/PackageFrameworks -F/Users/nd/Library/Developer/Xcode/DerivedData/Stet-fbqwqmzpvnstjwernsgqykzlzypg/Build/Products/Debug/PackageFrameworks -F/Users/nd/Library/Developer/Xcode/DerivedData/Stet-fbqwqmzpvnstjwernsgqykzlzypg/Build/Products/Debug/PackageFrameworks -F/Users/nd/Library/Developer/Xcode/DerivedData/Stet-fbqwqmzpvnstjwernsgqykzlzypg/Build/Products/Debug/PackageFrameworks -F/Users/nd/Library/Developer/Xcode/DerivedData/Stet-fbqwqmzpvnstjwernsgqykzlzypg/Build/Products/Debug -iframework /Applications/Xcode.app/Contents/Developer/Platforms/MacOSX.platform/Developer/Library/Frameworks -filelist /Users/nd/Library/Developer/Xcode/DerivedData/Stet-fbqwqmzpvnstjwernsgqykzlzypg/Build/Intermediates.noindex/swift-huggingface.build/Debug/HuggingFace.build/Objects-normal/arm64/HuggingFace.LinkFileList -nostdlib -Xlinker -object_path_lto -Xlinker /Users/nd/Library/Developer/Xcode/DerivedData/Stet-fbqwqmzpvnstjwernsgqykzlzypg/Build/Intermediates.noindex/swift-huggingface.build/Debug/HuggingFace.build/Objects-normal/arm64/HuggingFace_lto.o -Xlinker -no_deduplicate -Xlinker -debug_variant -Xlinker -dependency_info -Xlinker /Users/nd/Library/Developer/Xcode/DerivedData/Stet-fbqwqmzpvnstjwernsgqykzlzypg/Build/Intermediates.noindex/swift-huggingface.build/Debug/HuggingFace.build/Objects-normal/arm64/HuggingFace_dependency_info.dat -fobjc-link-runtime -L/Applications/Xcode.app/Contents/Developer/Toolchains/XcodeDefault.xctoolchain/usr/lib/swift/macosx -L/usr/lib/swift -Xlinker -add_ast_path -Xlinker /Users/nd/Library/Developer/Xcode/DerivedData/Stet-fbqwqmzpvnstjwernsgqykzlzypg/Build/Intermediates.noindex/swift-huggingface.build/Debug/HuggingFace.build/Objects-normal/arm64/HuggingFace.swiftmodule @/Users/nd/Library/Developer/Xcode/DerivedData/Stet-fbqwqmzpvnstjwernsgqykzlzypg/Build/Intermediates.noindex/swift-huggingface.build/Debug/HuggingFace.build/Objects-normal/arm64/HuggingFace-linker-args.resp -o /Users/nd/Library/Developer/Xcode/DerivedData/Stet-fbqwqmzpvnstjwernsgqykzlzypg/Build/Products/Debug/HuggingFace.o

RegisterExecutionPolicyException /Users/nd/Library/Developer/Xcode/DerivedData/Stet-fbqwqmzpvnstjwernsgqykzlzypg/Build/Products/Debug/PostgREST.o (in target 'PostgREST' from project 'Supabase')
    cd /Users/nd/Library/Developer/Xcode/DerivedData/Stet-fbqwqmzpvnstjwernsgqykzlzypg/SourcePackages/checkouts/supabase-swift
    builtin-RegisterExecutionPolicyException /Users/nd/Library/Developer/Xcode/DerivedData/Stet-fbqwqmzpvnstjwernsgqykzlzypg/Build/Products/Debug/PostgREST.o

RegisterExecutionPolicyException /Users/nd/Library/Developer/Xcode/DerivedData/Stet-fbqwqmzpvnstjwernsgqykzlzypg/Build/Products/Debug/Realtime.o (in target 'Realtime' from project 'Supabase')
    cd /Users/nd/Library/Developer/Xcode/DerivedData/Stet-fbqwqmzpvnstjwernsgqykzlzypg/SourcePackages/checkouts/supabase-swift
    builtin-RegisterExecutionPolicyException /Users/nd/Library/Developer/Xcode/DerivedData/Stet-fbqwqmzpvnstjwernsgqykzlzypg/Build/Products/Debug/Realtime.o

RegisterExecutionPolicyException /Users/nd/Library/Developer/Xcode/DerivedData/Stet-fbqwqmzpvnstjwernsgqykzlzypg/Build/Products/Debug/Storage.o (in target 'Storage' from project 'Supabase')
    cd /Users/nd/Library/Developer/Xcode/DerivedData/Stet-fbqwqmzpvnstjwernsgqykzlzypg/SourcePackages/checkouts/supabase-swift
    builtin-RegisterExecutionPolicyException /Users/nd/Library/Developer/Xcode/DerivedData/Stet-fbqwqmzpvnstjwernsgqykzlzypg/Build/Products/Debug/Storage.o

Ld /Users/nd/Library/Developer/Xcode/DerivedData/Stet-fbqwqmzpvnstjwernsgqykzlzypg/Build/Products/Debug/Supabase.o normal (in target 'Supabase' from project 'Supabase')
    cd /Users/nd/Library/Developer/Xcode/DerivedData/Stet-fbqwqmzpvnstjwernsgqykzlzypg/SourcePackages/checkouts/supabase-swift
    /Applications/Xcode.app/Contents/Developer/Toolchains/XcodeDefault.xctoolchain/usr/bin/clang -Xlinker -reproducible -target arm64-apple-macos10.15 -r -isysroot /Applications/Xcode.app/Contents/Developer/Platforms/MacOSX.platform/Developer/SDKs/MacOSX26.4.sdk -O0 -w -F/Users/nd/Library/Developer/Xcode/DerivedData/Stet-fbqwqmzpvnstjwernsgqykzlzypg/Build/Intermediates.noindex/EagerLinkingTBDs/Debug -F/Users/nd/Library/Developer/Xcode/DerivedData/Stet-fbqwqmzpvnstjwernsgqykzlzypg/Build/Products/Debug/PackageFrameworks -F/Users/nd/Library/Developer/Xcode/DerivedData/Stet-fbqwqmzpvnstjwernsgqykzlzypg/Build/Products/Debug/PackageFrameworks -F/Users/nd/Library/Developer/Xcode/DerivedData/Stet-fbqwqmzpvnstjwernsgqykzlzypg/Build/Products/Debug/PackageFrameworks -F/Users/nd/Library/Developer/Xcode/DerivedData/Stet-fbqwqmzpvnstjwernsgqykzlzypg/Build/Products/Debug/PackageFrameworks -F/Users/nd/Library/Developer/Xcode/DerivedData/Stet-fbqwqmzpvnstjwernsgqykzlzypg/Build/Products/Debug/PackageFrameworks -F/Users/nd/Library/Developer/Xcode/DerivedData/Stet-fbqwqmzpvnstjwernsgqykzlzypg/Build/Products/Debug/PackageFrameworks -F/Users/nd/Library/Developer/Xcode/DerivedData/Stet-fbqwqmzpvnstjwernsgqykzlzypg/Build/Products/Debug/PackageFrameworks -F/Users/nd/Library/Developer/Xcode/DerivedData/Stet-fbqwqmzpvnstjwernsgqykzlzypg/Build/Products/Debug/PackageFrameworks -F/Users/nd/Library/Developer/Xcode/DerivedData/Stet-fbqwqmzpvnstjwernsgqykzlzypg/Build/Products/Debug/PackageFrameworks -F/Users/nd/Library/Developer/Xcode/DerivedData/Stet-fbqwqmzpvnstjwernsgqykzlzypg/Build/Products/Debug/PackageFrameworks -F/Users/nd/Library/Developer/Xcode/DerivedData/Stet-fbqwqmzpvnstjwernsgqykzlzypg/Build/Products/Debug/PackageFrameworks -F/Users/nd/Library/Developer/Xcode/DerivedData/Stet-fbqwqmzpvnstjwernsgqykzlzypg/Build/Products/Debug/PackageFrameworks -F/Users/nd/Library/Developer/Xcode/DerivedData/Stet-fbqwqmzpvnstjwernsgqykzlzypg/Build/Products/Debug/PackageFrameworks -F/Users/nd/Library/Developer/Xcode/DerivedData/Stet-fbqwqmzpvnstjwernsgqykzlzypg/Build/Products/Debug -iframework /Applications/Xcode.app/Contents/Developer/Platforms/MacOSX.platform/Developer/Library/Frameworks -filelist /Users/nd/Library/Developer/Xcode/DerivedData/Stet-fbqwqmzpvnstjwernsgqykzlzypg/Build/Intermediates.noindex/Supabase.build/Debug/Supabase.build/Objects-normal/arm64/Supabase.LinkFileList -nostdlib -Xlinker -object_path_lto -Xlinker /Users/nd/Library/Developer/Xcode/DerivedData/Stet-fbqwqmzpvnstjwernsgqykzlzypg/Build/Intermediates.noindex/Supabase.build/Debug/Supabase.build/Objects-normal/arm64/Supabase_lto.o -Xlinker -no_deduplicate -Xlinker -debug_variant -Xlinker -dependency_info -Xlinker /Users/nd/Library/Developer/Xcode/DerivedData/Stet-fbqwqmzpvnstjwernsgqykzlzypg/Build/Intermediates.noindex/Supabase.build/Debug/Supabase.build/Objects-normal/arm64/Supabase_dependency_info.dat -fobjc-link-runtime -L/Applications/Xcode.app/Contents/Developer/Toolchains/XcodeDefault.xctoolchain/usr/lib/swift/macosx -L/usr/lib/swift -Xlinker -add_ast_path -Xlinker /Users/nd/Library/Developer/Xcode/DerivedData/Stet-fbqwqmzpvnstjwernsgqykzlzypg/Build/Intermediates.noindex/Supabase.build/Debug/Supabase.build/Objects-normal/arm64/Supabase.swiftmodule @/Users/nd/Library/Developer/Xcode/DerivedData/Stet-fbqwqmzpvnstjwernsgqykzlzypg/Build/Intermediates.noindex/Supabase.build/Debug/Supabase.build/Objects-normal/arm64/Supabase-linker-args.resp -o /Users/nd/Library/Developer/Xcode/DerivedData/Stet-fbqwqmzpvnstjwernsgqykzlzypg/Build/Products/Debug/Supabase.o

ExtractAppIntentsMetadata (in target 'HuggingFace' from project 'swift-huggingface')
    cd /Users/nd/Library/Developer/Xcode/DerivedData/Stet-fbqwqmzpvnstjwernsgqykzlzypg/SourcePackages/checkouts/swift-huggingface
    /Applications/Xcode.app/Contents/Developer/Toolchains/XcodeDefault.xctoolchain/usr/bin/appintentsmetadataprocessor --toolchain-dir /var/run/com.apple.security.cryptexd/mnt/com.apple.MobileAsset.MetalToolchain-v17.5.188.0.XybBjs/Metal.xctoolchain --module-name HuggingFace --sdk-root /Applications/Xcode.app/Contents/Developer/Platforms/MacOSX.platform/Developer/SDKs/MacOSX26.4.sdk --xcode-version 17E202 --platform-family macOS --deployment-target 13.0 --bundle-identifier swift-huggingface.HuggingFace --output /Users/nd/Library/Developer/Xcode/DerivedData/Stet-fbqwqmzpvnstjwernsgqykzlzypg/Build/Products/Debug/HuggingFace.appintents --target-triple arm64-apple-macos13.0 --binary-file /Users/nd/Library/Developer/Xcode/DerivedData/Stet-fbqwqmzpvnstjwernsgqykzlzypg/Build/Products/Debug/HuggingFace.o --dependency-file /Users/nd/Library/Developer/Xcode/DerivedData/Stet-fbqwqmzpvnstjwernsgqykzlzypg/Build/Intermediates.noindex/swift-huggingface.build/Debug/HuggingFace.build/Objects-normal/arm64/HuggingFace_dependency_info.dat --stringsdata-file /Users/nd/Library/Developer/Xcode/DerivedData/Stet-fbqwqmzpvnstjwernsgqykzlzypg/Build/Intermediates.noindex/swift-huggingface.build/Debug/HuggingFace.build/Objects-normal/arm64/ExtractedAppShortcutsMetadata.stringsdata --source-file-list /Users/nd/Library/Developer/Xcode/DerivedData/Stet-fbqwqmzpvnstjwernsgqykzlzypg/Build/Intermediates.noindex/swift-huggingface.build/Debug/HuggingFace.build/Objects-normal/arm64/HuggingFace.SwiftFileList --metadata-file-list /Users/nd/Library/Developer/Xcode/DerivedData/Stet-fbqwqmzpvnstjwernsgqykzlzypg/Build/Intermediates.noindex/swift-huggingface.build/Debug/HuggingFace.build/HuggingFace.DependencyMetadataFileList --static-metadata-file-list /Users/nd/Library/Developer/Xcode/DerivedData/Stet-fbqwqmzpvnstjwernsgqykzlzypg/Build/Intermediates.noindex/swift-huggingface.build/Debug/HuggingFace.build/HuggingFace.DependencyStaticMetadataFileList --swift-const-vals-list /Users/nd/Library/Developer/Xcode/DerivedData/Stet-fbqwqmzpvnstjwernsgqykzlzypg/Build/Intermediates.noindex/swift-huggingface.build/Debug/HuggingFace.build/Objects-normal/arm64/HuggingFace.SwiftConstValuesFileList --force --compile-time-extraction --deployment-aware-processing --validate-assistant-intents --no-app-shortcuts-localization
2026-04-20 02:43:13.202 appintentsmetadataprocessor[71277:2079719] Starting appintentsmetadataprocessor export
2026-04-20 02:43:13.218 appintentsmetadataprocessor[71277:2079719] Extracted no relevant App Intents symbols, skipping writing output

ExtractAppIntentsMetadata (in target 'Supabase' from project 'Supabase')
    cd /Users/nd/Library/Developer/Xcode/DerivedData/Stet-fbqwqmzpvnstjwernsgqykzlzypg/SourcePackages/checkouts/supabase-swift
    /Applications/Xcode.app/Contents/Developer/Toolchains/XcodeDefault.xctoolchain/usr/bin/appintentsmetadataprocessor --toolchain-dir /var/run/com.apple.security.cryptexd/mnt/com.apple.MobileAsset.MetalToolchain-v17.5.188.0.XybBjs/Metal.xctoolchain --module-name Supabase --sdk-root /Applications/Xcode.app/Contents/Developer/Platforms/MacOSX.platform/Developer/SDKs/MacOSX26.4.sdk --xcode-version 17E202 --platform-family macOS --deployment-target 10.15 --bundle-identifier supabase-swift.Supabase --output /Users/nd/Library/Developer/Xcode/DerivedData/Stet-fbqwqmzpvnstjwernsgqykzlzypg/Build/Products/Debug/Supabase.appintents --target-triple arm64-apple-macos10.15 --binary-file /Users/nd/Library/Developer/Xcode/DerivedData/Stet-fbqwqmzpvnstjwernsgqykzlzypg/Build/Products/Debug/Supabase.o --dependency-file /Users/nd/Library/Developer/Xcode/DerivedData/Stet-fbqwqmzpvnstjwernsgqykzlzypg/Build/Intermediates.noindex/Supabase.build/Debug/Supabase.build/Objects-normal/arm64/Supabase_dependency_info.dat --stringsdata-file /Users/nd/Library/Developer/Xcode/DerivedData/Stet-fbqwqmzpvnstjwernsgqykzlzypg/Build/Intermediates.noindex/Supabase.build/Debug/Supabase.build/Objects-normal/arm64/ExtractedAppShortcutsMetadata.stringsdata --source-file-list /Users/nd/Library/Developer/Xcode/DerivedData/Stet-fbqwqmzpvnstjwernsgqykzlzypg/Build/Intermediates.noindex/Supabase.build/Debug/Supabase.build/Objects-normal/arm64/Supabase.SwiftFileList --metadata-file-list /Users/nd/Library/Developer/Xcode/DerivedData/Stet-fbqwqmzpvnstjwernsgqykzlzypg/Build/Intermediates.noindex/Supabase.build/Debug/Supabase.build/Supabase.DependencyMetadataFileList --static-metadata-file-list /Users/nd/Library/Developer/Xcode/DerivedData/Stet-fbqwqmzpvnstjwernsgqykzlzypg/Build/Intermediates.noindex/Supabase.build/Debug/Supabase.build/Supabase.DependencyStaticMetadataFileList --swift-const-vals-list /Users/nd/Library/Developer/Xcode/DerivedData/Stet-fbqwqmzpvnstjwernsgqykzlzypg/Build/Intermediates.noindex/Supabase.build/Debug/Supabase.build/Objects-normal/arm64/Supabase.SwiftConstValuesFileList --force --compile-time-extraction --deployment-aware-processing --validate-assistant-intents --no-app-shortcuts-localization
2026-04-20 02:43:13.211 appintentsmetadataprocessor[71278:2079732] Starting appintentsmetadataprocessor export
2026-04-20 02:43:13.218 appintentsmetadataprocessor[71278:2079732] Extracted no relevant App Intents symbols, skipping writing output

RegisterExecutionPolicyException /Users/nd/Library/Developer/Xcode/DerivedData/Stet-fbqwqmzpvnstjwernsgqykzlzypg/Build/Products/Debug/Supabase.o (in target 'Supabase' from project 'Supabase')
    cd /Users/nd/Library/Developer/Xcode/DerivedData/Stet-fbqwqmzpvnstjwernsgqykzlzypg/SourcePackages/checkouts/supabase-swift
    builtin-RegisterExecutionPolicyException /Users/nd/Library/Developer/Xcode/DerivedData/Stet-fbqwqmzpvnstjwernsgqykzlzypg/Build/Products/Debug/Supabase.o

RegisterExecutionPolicyException /Users/nd/Library/Developer/Xcode/DerivedData/Stet-fbqwqmzpvnstjwernsgqykzlzypg/Build/Products/Debug/HuggingFace.o (in target 'HuggingFace' from project 'swift-huggingface')
    cd /Users/nd/Library/Developer/Xcode/DerivedData/Stet-fbqwqmzpvnstjwernsgqykzlzypg/SourcePackages/checkouts/swift-huggingface
    builtin-RegisterExecutionPolicyException /Users/nd/Library/Developer/Xcode/DerivedData/Stet-fbqwqmzpvnstjwernsgqykzlzypg/Build/Products/Debug/HuggingFace.o

Ld /Users/nd/Library/Developer/Xcode/DerivedData/Stet-fbqwqmzpvnstjwernsgqykzlzypg/Build/Products/Debug/Hub.o normal (in target 'Hub' from project 'swift-transformers')
    cd /Users/nd/Library/Developer/Xcode/DerivedData/Stet-fbqwqmzpvnstjwernsgqykzlzypg/SourcePackages/checkouts/swift-transformers
    /Applications/Xcode.app/Contents/Developer/Toolchains/XcodeDefault.xctoolchain/usr/bin/clang -Xlinker -reproducible -target arm64-apple-macos13.0 -r -isysroot /Applications/Xcode.app/Contents/Developer/Platforms/MacOSX.platform/Developer/SDKs/MacOSX26.4.sdk -O0 -w -F/Users/nd/Library/Developer/Xcode/DerivedData/Stet-fbqwqmzpvnstjwernsgqykzlzypg/Build/Intermediates.noindex/EagerLinkingTBDs/Debug -F/Users/nd/Library/Developer/Xcode/DerivedData/Stet-fbqwqmzpvnstjwernsgqykzlzypg/Build/Products/Debug/PackageFrameworks -F/Users/nd/Library/Developer/Xcode/DerivedData/Stet-fbqwqmzpvnstjwernsgqykzlzypg/Build/Products/Debug/PackageFrameworks -F/Users/nd/Library/Developer/Xcode/DerivedData/Stet-fbqwqmzpvnstjwernsgqykzlzypg/Build/Products/Debug/PackageFrameworks -F/Users/nd/Library/Developer/Xcode/DerivedData/Stet-fbqwqmzpvnstjwernsgqykzlzypg/Build/Products/Debug/PackageFrameworks -F/Users/nd/Library/Developer/Xcode/DerivedData/Stet-fbqwqmzpvnstjwernsgqykzlzypg/Build/Products/Debug/PackageFrameworks -F/Users/nd/Library/Developer/Xcode/DerivedData/Stet-fbqwqmzpvnstjwernsgqykzlzypg/Build/Products/Debug/PackageFrameworks -F/Users/nd/Library/Developer/Xcode/DerivedData/Stet-fbqwqmzpvnstjwernsgqykzlzypg/Build/Products/Debug/PackageFrameworks -F/Users/nd/Library/Developer/Xcode/DerivedData/Stet-fbqwqmzpvnstjwernsgqykzlzypg/Build/Products/Debug/PackageFrameworks -F/Users/nd/Library/Developer/Xcode/DerivedData/Stet-fbqwqmzpvnstjwernsgqykzlzypg/Build/Products/Debug/PackageFrameworks -F/Users/nd/Library/Developer/Xcode/DerivedData/Stet-fbqwqmzpvnstjwernsgqykzlzypg/Build/Products/Debug/PackageFrameworks -F/Users/nd/Library/Developer/Xcode/DerivedData/Stet-fbqwqmzpvnstjwernsgqykzlzypg/Build/Products/Debug/PackageFrameworks -F/Users/nd/Library/Developer/Xcode/DerivedData/Stet-fbqwqmzpvnstjwernsgqykzlzypg/Build/Products/Debug/PackageFrameworks -F/Users/nd/Library/Developer/Xcode/DerivedData/Stet-fbqwqmzpvnstjwernsgqykzlzypg/Build/Products/Debug/PackageFrameworks -F/Users/nd/Library/Developer/Xcode/DerivedData/Stet-fbqwqmzpvnstjwernsgqykzlzypg/Build/Products/Debug/PackageFrameworks -F/Users/nd/Library/Developer/Xcode/DerivedData/Stet-fbqwqmzpvnstjwernsgqykzlzypg/Build/Products/Debug/PackageFrameworks -F/Users/nd/Library/Developer/Xcode/DerivedData/Stet-fbqwqmzpvnstjwernsgqykzlzypg/Build/Products/Debug/PackageFrameworks -F/Users/nd/Library/Developer/Xcode/DerivedData/Stet-fbqwqmzpvnstjwernsgqykzlzypg/Build/Products/Debug/PackageFrameworks -F/Users/nd/Library/Developer/Xcode/DerivedData/Stet-fbqwqmzpvnstjwernsgqykzlzypg/Build/Products/Debug/PackageFrameworks -F/Users/nd/Library/Developer/Xcode/DerivedData/Stet-fbqwqmzpvnstjwernsgqykzlzypg/Build/Products/Debug/PackageFrameworks -F/Users/nd/Library/Developer/Xcode/DerivedData/Stet-fbqwqmzpvnstjwernsgqykzlzypg/Build/Products/Debug/PackageFrameworks -F/Users/nd/Library/Developer/Xcode/DerivedData/Stet-fbqwqmzpvnstjwernsgqykzlzypg/Build/Products/Debug/PackageFrameworks -F/Users/nd/Library/Developer/Xcode/DerivedData/Stet-fbqwqmzpvnstjwernsgqykzlzypg/Build/Products/Debug -iframework /Applications/Xcode.app/Contents/Developer/Platforms/MacOSX.platform/Developer/Library/Frameworks -filelist /Users/nd/Library/Developer/Xcode/DerivedData/Stet-fbqwqmzpvnstjwernsgqykzlzypg/Build/Intermediates.noindex/swift-transformers.build/Debug/Hub.build/Objects-normal/arm64/Hub.LinkFileList -nostdlib -Xlinker -object_path_lto -Xlinker /Users/nd/Library/Developer/Xcode/DerivedData/Stet-fbqwqmzpvnstjwernsgqykzlzypg/Build/Intermediates.noindex/swift-transformers.build/Debug/Hub.build/Objects-normal/arm64/Hub_lto.o -Xlinker -no_deduplicate -Xlinker -debug_variant -Xlinker -dependency_info -Xlinker /Users/nd/Library/Developer/Xcode/DerivedData/Stet-fbqwqmzpvnstjwernsgqykzlzypg/Build/Intermediates.noindex/swift-transformers.build/Debug/Hub.build/Objects-normal/arm64/Hub_dependency_info.dat -fobjc-link-runtime -L/Applications/Xcode.app/Contents/Developer/Toolchains/XcodeDefault.xctoolchain/usr/lib/swift/macosx -L/usr/lib/swift -Xlinker -add_ast_path -Xlinker /Users/nd/Library/Developer/Xcode/DerivedData/Stet-fbqwqmzpvnstjwernsgqykzlzypg/Build/Intermediates.noindex/swift-transformers.build/Debug/Hub.build/Objects-normal/arm64/Hub.swiftmodule @/Users/nd/Library/Developer/Xcode/DerivedData/Stet-fbqwqmzpvnstjwernsgqykzlzypg/Build/Intermediates.noindex/swift-transformers.build/Debug/Hub.build/Objects-normal/arm64/Hub-linker-args.resp -o /Users/nd/Library/Developer/Xcode/DerivedData/Stet-fbqwqmzpvnstjwernsgqykzlzypg/Build/Products/Debug/Hub.o

ExtractAppIntentsMetadata (in target 'Hub' from project 'swift-transformers')
    cd /Users/nd/Library/Developer/Xcode/DerivedData/Stet-fbqwqmzpvnstjwernsgqykzlzypg/SourcePackages/checkouts/swift-transformers
    /Applications/Xcode.app/Contents/Developer/Toolchains/XcodeDefault.xctoolchain/usr/bin/appintentsmetadataprocessor --toolchain-dir /var/run/com.apple.security.cryptexd/mnt/com.apple.MobileAsset.MetalToolchain-v17.5.188.0.XybBjs/Metal.xctoolchain --module-name Hub --sdk-root /Applications/Xcode.app/Contents/Developer/Platforms/MacOSX.platform/Developer/SDKs/MacOSX26.4.sdk --xcode-version 17E202 --platform-family macOS --deployment-target 13.0 --bundle-identifier swift-transformers.Hub --output /Users/nd/Library/Developer/Xcode/DerivedData/Stet-fbqwqmzpvnstjwernsgqykzlzypg/Build/Products/Debug/Hub.appintents --target-triple arm64-apple-macos13.0 --binary-file /Users/nd/Library/Developer/Xcode/DerivedData/Stet-fbqwqmzpvnstjwernsgqykzlzypg/Build/Products/Debug/Hub.o --dependency-file /Users/nd/Library/Developer/Xcode/DerivedData/Stet-fbqwqmzpvnstjwernsgqykzlzypg/Build/Intermediates.noindex/swift-transformers.build/Debug/Hub.build/Objects-normal/arm64/Hub_dependency_info.dat --stringsdata-file /Users/nd/Library/Developer/Xcode/DerivedData/Stet-fbqwqmzpvnstjwernsgqykzlzypg/Build/Intermediates.noindex/swift-transformers.build/Debug/Hub.build/Objects-normal/arm64/ExtractedAppShortcutsMetadata.stringsdata --source-file-list /Users/nd/Library/Developer/Xcode/DerivedData/Stet-fbqwqmzpvnstjwernsgqykzlzypg/Build/Intermediates.noindex/swift-transformers.build/Debug/Hub.build/Objects-normal/arm64/Hub.SwiftFileList --metadata-file-list /Users/nd/Library/Developer/Xcode/DerivedData/Stet-fbqwqmzpvnstjwernsgqykzlzypg/Build/Intermediates.noindex/swift-transformers.build/Debug/Hub.build/Hub.DependencyMetadataFileList --static-metadata-file-list /Users/nd/Library/Developer/Xcode/DerivedData/Stet-fbqwqmzpvnstjwernsgqykzlzypg/Build/Intermediates.noindex/swift-transformers.build/Debug/Hub.build/Hub.DependencyStaticMetadataFileList --swift-const-vals-list /Users/nd/Library/Developer/Xcode/DerivedData/Stet-fbqwqmzpvnstjwernsgqykzlzypg/Build/Intermediates.noindex/swift-transformers.build/Debug/Hub.build/Objects-normal/arm64/Hub.SwiftConstValuesFileList --force --compile-time-extraction --deployment-aware-processing --validate-assistant-intents --no-app-shortcuts-localization
2026-04-20 02:43:13.273 appintentsmetadataprocessor[71281:2079755] Starting appintentsmetadataprocessor export
2026-04-20 02:43:13.279 appintentsmetadataprocessor[71281:2079755] Extracted no relevant App Intents symbols, skipping writing output

RegisterExecutionPolicyException /Users/nd/Library/Developer/Xcode/DerivedData/Stet-fbqwqmzpvnstjwernsgqykzlzypg/Build/Products/Debug/Hub.o (in target 'Hub' from project 'swift-transformers')
    cd /Users/nd/Library/Developer/Xcode/DerivedData/Stet-fbqwqmzpvnstjwernsgqykzlzypg/SourcePackages/checkouts/swift-transformers
    builtin-RegisterExecutionPolicyException /Users/nd/Library/Developer/Xcode/DerivedData/Stet-fbqwqmzpvnstjwernsgqykzlzypg/Build/Products/Debug/Hub.o

Ld /Users/nd/Library/Developer/Xcode/DerivedData/Stet-fbqwqmzpvnstjwernsgqykzlzypg/Build/Products/Debug/Tokenizers.o normal (in target 'Tokenizers' from project 'swift-transformers')
    cd /Users/nd/Library/Developer/Xcode/DerivedData/Stet-fbqwqmzpvnstjwernsgqykzlzypg/SourcePackages/checkouts/swift-transformers
    /Applications/Xcode.app/Contents/Developer/Toolchains/XcodeDefault.xctoolchain/usr/bin/clang -Xlinker -reproducible -target arm64-apple-macos13.0 -r -isysroot /Applications/Xcode.app/Contents/Developer/Platforms/MacOSX.platform/Developer/SDKs/MacOSX26.4.sdk -O0 -w -F/Users/nd/Library/Developer/Xcode/DerivedData/Stet-fbqwqmzpvnstjwernsgqykzlzypg/Build/Intermediates.noindex/EagerLinkingTBDs/Debug -F/Users/nd/Library/Developer/Xcode/DerivedData/Stet-fbqwqmzpvnstjwernsgqykzlzypg/Build/Products/Debug/PackageFrameworks -F/Users/nd/Library/Developer/Xcode/DerivedData/Stet-fbqwqmzpvnstjwernsgqykzlzypg/Build/Products/Debug/PackageFrameworks -F/Users/nd/Library/Developer/Xcode/DerivedData/Stet-fbqwqmzpvnstjwernsgqykzlzypg/Build/Products/Debug/PackageFrameworks -F/Users/nd/Library/Developer/Xcode/DerivedData/Stet-fbqwqmzpvnstjwernsgqykzlzypg/Build/Products/Debug/PackageFrameworks -F/Users/nd/Library/Developer/Xcode/DerivedData/Stet-fbqwqmzpvnstjwernsgqykzlzypg/Build/Products/Debug/PackageFrameworks -F/Users/nd/Library/Developer/Xcode/DerivedData/Stet-fbqwqmzpvnstjwernsgqykzlzypg/Build/Products/Debug/PackageFrameworks -F/Users/nd/Library/Developer/Xcode/DerivedData/Stet-fbqwqmzpvnstjwernsgqykzlzypg/Build/Products/Debug/PackageFrameworks -F/Users/nd/Library/Developer/Xcode/DerivedData/Stet-fbqwqmzpvnstjwernsgqykzlzypg/Build/Products/Debug/PackageFrameworks -F/Users/nd/Library/Developer/Xcode/DerivedData/Stet-fbqwqmzpvnstjwernsgqykzlzypg/Build/Products/Debug/PackageFrameworks -F/Users/nd/Library/Developer/Xcode/DerivedData/Stet-fbqwqmzpvnstjwernsgqykzlzypg/Build/Products/Debug/PackageFrameworks -F/Users/nd/Library/Developer/Xcode/DerivedData/Stet-fbqwqmzpvnstjwernsgqykzlzypg/Build/Products/Debug/PackageFrameworks -F/Users/nd/Library/Developer/Xcode/DerivedData/Stet-fbqwqmzpvnstjwernsgqykzlzypg/Build/Products/Debug/PackageFrameworks -F/Users/nd/Library/Developer/Xcode/DerivedData/Stet-fbqwqmzpvnstjwernsgqykzlzypg/Build/Products/Debug/PackageFrameworks -F/Users/nd/Library/Developer/Xcode/DerivedData/Stet-fbqwqmzpvnstjwernsgqykzlzypg/Build/Products/Debug/PackageFrameworks -F/Users/nd/Library/Developer/Xcode/DerivedData/Stet-fbqwqmzpvnstjwernsgqykzlzypg/Build/Products/Debug/PackageFrameworks -F/Users/nd/Library/Developer/Xcode/DerivedData/Stet-fbqwqmzpvnstjwernsgqykzlzypg/Build/Products/Debug/PackageFrameworks -F/Users/nd/Library/Developer/Xcode/DerivedData/Stet-fbqwqmzpvnstjwernsgqykzlzypg/Build/Products/Debug/PackageFrameworks -F/Users/nd/Library/Developer/Xcode/DerivedData/Stet-fbqwqmzpvnstjwernsgqykzlzypg/Build/Products/Debug/PackageFrameworks -F/Users/nd/Library/Developer/Xcode/DerivedData/Stet-fbqwqmzpvnstjwernsgqykzlzypg/Build/Products/Debug/PackageFrameworks -F/Users/nd/Library/Developer/Xcode/DerivedData/Stet-fbqwqmzpvnstjwernsgqykzlzypg/Build/Products/Debug/PackageFrameworks -F/Users/nd/Library/Developer/Xcode/DerivedData/Stet-fbqwqmzpvnstjwernsgqykzlzypg/Build/Products/Debug/PackageFrameworks -F/Users/nd/Library/Developer/Xcode/DerivedData/Stet-fbqwqmzpvnstjwernsgqykzlzypg/Build/Products/Debug/PackageFrameworks -F/Users/nd/Library/Developer/Xcode/DerivedData/Stet-fbqwqmzpvnstjwernsgqykzlzypg/Build/Products/Debug -iframework /Applications/Xcode.app/Contents/Developer/Platforms/MacOSX.platform/Developer/Library/Frameworks -filelist /Users/nd/Library/Developer/Xcode/DerivedData/Stet-fbqwqmzpvnstjwernsgqykzlzypg/Build/Intermediates.noindex/swift-transformers.build/Debug/Tokenizers.build/Objects-normal/arm64/Tokenizers.LinkFileList -nostdlib -Xlinker -object_path_lto -Xlinker /Users/nd/Library/Developer/Xcode/DerivedData/Stet-fbqwqmzpvnstjwernsgqykzlzypg/Build/Intermediates.noindex/swift-transformers.build/Debug/Tokenizers.build/Objects-normal/arm64/Tokenizers_lto.o -Xlinker -no_deduplicate -Xlinker -debug_variant -Xlinker -dependency_info -Xlinker /Users/nd/Library/Developer/Xcode/DerivedData/Stet-fbqwqmzpvnstjwernsgqykzlzypg/Build/Intermediates.noindex/swift-transformers.build/Debug/Tokenizers.build/Objects-normal/arm64/Tokenizers_dependency_info.dat -fobjc-link-runtime -L/Applications/Xcode.app/Contents/Developer/Toolchains/XcodeDefault.xctoolchain/usr/lib/swift/macosx -L/usr/lib/swift -Xlinker -add_ast_path -Xlinker /Users/nd/Library/Developer/Xcode/DerivedData/Stet-fbqwqmzpvnstjwernsgqykzlzypg/Build/Intermediates.noindex/swift-transformers.build/Debug/Tokenizers.build/Objects-normal/arm64/Tokenizers.swiftmodule @/Users/nd/Library/Developer/Xcode/DerivedData/Stet-fbqwqmzpvnstjwernsgqykzlzypg/Build/Intermediates.noindex/swift-transformers.build/Debug/Tokenizers.build/Objects-normal/arm64/Tokenizers-linker-args.resp -o /Users/nd/Library/Developer/Xcode/DerivedData/Stet-fbqwqmzpvnstjwernsgqykzlzypg/Build/Products/Debug/Tokenizers.o

ExtractAppIntentsMetadata (in target 'Tokenizers' from project 'swift-transformers')
    cd /Users/nd/Library/Developer/Xcode/DerivedData/Stet-fbqwqmzpvnstjwernsgqykzlzypg/SourcePackages/checkouts/swift-transformers
    /Applications/Xcode.app/Contents/Developer/Toolchains/XcodeDefault.xctoolchain/usr/bin/appintentsmetadataprocessor --toolchain-dir /var/run/com.apple.security.cryptexd/mnt/com.apple.MobileAsset.MetalToolchain-v17.5.188.0.XybBjs/Metal.xctoolchain --module-name Tokenizers --sdk-root /Applications/Xcode.app/Contents/Developer/Platforms/MacOSX.platform/Developer/SDKs/MacOSX26.4.sdk --xcode-version 17E202 --platform-family macOS --deployment-target 13.0 --bundle-identifier swift-transformers.Tokenizers --output /Users/nd/Library/Developer/Xcode/DerivedData/Stet-fbqwqmzpvnstjwernsgqykzlzypg/Build/Products/Debug/Tokenizers.appintents --target-triple arm64-apple-macos13.0 --binary-file /Users/nd/Library/Developer/Xcode/DerivedData/Stet-fbqwqmzpvnstjwernsgqykzlzypg/Build/Products/Debug/Tokenizers.o --dependency-file /Users/nd/Library/Developer/Xcode/DerivedData/Stet-fbqwqmzpvnstjwernsgqykzlzypg/Build/Intermediates.noindex/swift-transformers.build/Debug/Tokenizers.build/Objects-normal/arm64/Tokenizers_dependency_info.dat --stringsdata-file /Users/nd/Library/Developer/Xcode/DerivedData/Stet-fbqwqmzpvnstjwernsgqykzlzypg/Build/Intermediates.noindex/swift-transformers.build/Debug/Tokenizers.build/Objects-normal/arm64/ExtractedAppShortcutsMetadata.stringsdata --source-file-list /Users/nd/Library/Developer/Xcode/DerivedData/Stet-fbqwqmzpvnstjwernsgqykzlzypg/Build/Intermediates.noindex/swift-transformers.build/Debug/Tokenizers.build/Objects-normal/arm64/Tokenizers.SwiftFileList --metadata-file-list /Users/nd/Library/Developer/Xcode/DerivedData/Stet-fbqwqmzpvnstjwernsgqykzlzypg/Build/Intermediates.noindex/swift-transformers.build/Debug/Tokenizers.build/Tokenizers.DependencyMetadataFileList --static-metadata-file-list /Users/nd/Library/Developer/Xcode/DerivedData/Stet-fbqwqmzpvnstjwernsgqykzlzypg/Build/Intermediates.noindex/swift-transformers.build/Debug/Tokenizers.build/Tokenizers.DependencyStaticMetadataFileList --swift-const-vals-list /Users/nd/Library/Developer/Xcode/DerivedData/Stet-fbqwqmzpvnstjwernsgqykzlzypg/Build/Intermediates.noindex/swift-transformers.build/Debug/Tokenizers.build/Objects-normal/arm64/Tokenizers.SwiftConstValuesFileList --force --compile-time-extraction --deployment-aware-processing --validate-assistant-intents --no-app-shortcuts-localization
2026-04-20 02:43:13.323 appintentsmetadataprocessor[71284:2079773] Starting appintentsmetadataprocessor export
2026-04-20 02:43:13.330 appintentsmetadataprocessor[71284:2079773] Extracted no relevant App Intents symbols, skipping writing output

RegisterExecutionPolicyException /Users/nd/Library/Developer/Xcode/DerivedData/Stet-fbqwqmzpvnstjwernsgqykzlzypg/Build/Products/Debug/Tokenizers.o (in target 'Tokenizers' from project 'swift-transformers')
    cd /Users/nd/Library/Developer/Xcode/DerivedData/Stet-fbqwqmzpvnstjwernsgqykzlzypg/SourcePackages/checkouts/swift-transformers
    builtin-RegisterExecutionPolicyException /Users/nd/Library/Developer/Xcode/DerivedData/Stet-fbqwqmzpvnstjwernsgqykzlzypg/Build/Products/Debug/Tokenizers.o

Ld /Users/nd/Library/Developer/Xcode/DerivedData/Stet-fbqwqmzpvnstjwernsgqykzlzypg/Build/Products/Debug/FluidAudio.o normal (in target 'FluidAudio' from project 'FluidAudio')
    cd /Users/nd/Library/Developer/Xcode/DerivedData/Stet-fbqwqmzpvnstjwernsgqykzlzypg/SourcePackages/checkouts/FluidAudio
    /Applications/Xcode.app/Contents/Developer/Toolchains/XcodeDefault.xctoolchain/usr/bin/clang -Xlinker -reproducible -target arm64-apple-macos14.0 -r -isysroot /Applications/Xcode.app/Contents/Developer/Platforms/MacOSX.platform/Developer/SDKs/MacOSX26.4.sdk -O0 -w -F/Users/nd/Library/Developer/Xcode/DerivedData/Stet-fbqwqmzpvnstjwernsgqykzlzypg/Build/Intermediates.noindex/EagerLinkingTBDs/Debug -F/Users/nd/Library/Developer/Xcode/DerivedData/Stet-fbqwqmzpvnstjwernsgqykzlzypg/Build/Products/Debug/PackageFrameworks -F/Users/nd/Library/Developer/Xcode/DerivedData/Stet-fbqwqmzpvnstjwernsgqykzlzypg/Build/Products/Debug/PackageFrameworks -F/Users/nd/Library/Developer/Xcode/DerivedData/Stet-fbqwqmzpvnstjwernsgqykzlzypg/Build/Products/Debug/PackageFrameworks -F/Users/nd/Library/Developer/Xcode/DerivedData/Stet-fbqwqmzpvnstjwernsgqykzlzypg/Build/Products/Debug/PackageFrameworks -F/Users/nd/Library/Developer/Xcode/DerivedData/Stet-fbqwqmzpvnstjwernsgqykzlzypg/Build/Products/Debug/PackageFrameworks -F/Users/nd/Library/Developer/Xcode/DerivedData/Stet-fbqwqmzpvnstjwernsgqykzlzypg/Build/Products/Debug/PackageFrameworks -F/Users/nd/Library/Developer/Xcode/DerivedData/Stet-fbqwqmzpvnstjwernsgqykzlzypg/Build/Products/Debug/PackageFrameworks -F/Users/nd/Library/Developer/Xcode/DerivedData/Stet-fbqwqmzpvnstjwernsgqykzlzypg/Build/Products/Debug/PackageFrameworks -F/Users/nd/Library/Developer/Xcode/DerivedData/Stet-fbqwqmzpvnstjwernsgqykzlzypg/Build/Products/Debug/PackageFrameworks -F/Users/nd/Library/Developer/Xcode/DerivedData/Stet-fbqwqmzpvnstjwernsgqykzlzypg/Build/Products/Debug/PackageFrameworks -F/Users/nd/Library/Developer/Xcode/DerivedData/Stet-fbqwqmzpvnstjwernsgqykzlzypg/Build/Products/Debug/PackageFrameworks -F/Users/nd/Library/Developer/Xcode/DerivedData/Stet-fbqwqmzpvnstjwernsgqykzlzypg/Build/Products/Debug/PackageFrameworks -F/Users/nd/Library/Developer/Xcode/DerivedData/Stet-fbqwqmzpvnstjwernsgqykzlzypg/Build/Products/Debug/PackageFrameworks -F/Users/nd/Library/Developer/Xcode/DerivedData/Stet-fbqwqmzpvnstjwernsgqykzlzypg/Build/Products/Debug/PackageFrameworks -F/Users/nd/Library/Developer/Xcode/DerivedData/Stet-fbqwqmzpvnstjwernsgqykzlzypg/Build/Products/Debug/PackageFrameworks -F/Users/nd/Library/Developer/Xcode/DerivedData/Stet-fbqwqmzpvnstjwernsgqykzlzypg/Build/Products/Debug/PackageFrameworks -F/Users/nd/Library/Developer/Xcode/DerivedData/Stet-fbqwqmzpvnstjwernsgqykzlzypg/Build/Products/Debug/PackageFrameworks -F/Users/nd/Library/Developer/Xcode/DerivedData/Stet-fbqwqmzpvnstjwernsgqykzlzypg/Build/Products/Debug/PackageFrameworks -F/Users/nd/Library/Developer/Xcode/DerivedData/Stet-fbqwqmzpvnstjwernsgqykzlzypg/Build/Products/Debug/PackageFrameworks -F/Users/nd/Library/Developer/Xcode/DerivedData/Stet-fbqwqmzpvnstjwernsgqykzlzypg/Build/Products/Debug/PackageFrameworks -F/Users/nd/Library/Developer/Xcode/DerivedData/Stet-fbqwqmzpvnstjwernsgqykzlzypg/Build/Products/Debug/PackageFrameworks -F/Users/nd/Library/Developer/Xcode/DerivedData/Stet-fbqwqmzpvnstjwernsgqykzlzypg/Build/Products/Debug/PackageFrameworks -F/Users/nd/Library/Developer/Xcode/DerivedData/Stet-fbqwqmzpvnstjwernsgqykzlzypg/Build/Products/Debug/PackageFrameworks -F/Users/nd/Library/Developer/Xcode/DerivedData/Stet-fbqwqmzpvnstjwernsgqykzlzypg/Build/Products/Debug/PackageFrameworks -F/Users/nd/Library/Developer/Xcode/DerivedData/Stet-fbqwqmzpvnstjwernsgqykzlzypg/Build/Products/Debug/PackageFrameworks -F/Users/nd/Library/Developer/Xcode/DerivedData/Stet-fbqwqmzpvnstjwernsgqykzlzypg/Build/Products/Debug -iframework /Applications/Xcode.app/Contents/Developer/Platforms/MacOSX.platform/Developer/Library/Frameworks -filelist /Users/nd/Library/Developer/Xcode/DerivedData/Stet-fbqwqmzpvnstjwernsgqykzlzypg/Build/Intermediates.noindex/FluidAudio.build/Debug/FluidAudio.build/Objects-normal/arm64/FluidAudio.LinkFileList -nostdlib -Xlinker -object_path_lto -Xlinker /Users/nd/Library/Developer/Xcode/DerivedData/Stet-fbqwqmzpvnstjwernsgqykzlzypg/Build/Intermediates.noindex/FluidAudio.build/Debug/FluidAudio.build/Objects-normal/arm64/FluidAudio_lto.o -Xlinker -no_deduplicate -Xlinker -debug_variant -Xlinker -dependency_info -Xlinker /Users/nd/Library/Developer/Xcode/DerivedData/Stet-fbqwqmzpvnstjwernsgqykzlzypg/Build/Intermediates.noindex/FluidAudio.build/Debug/FluidAudio.build/Objects-normal/arm64/FluidAudio_dependency_info.dat -fobjc-link-runtime -L/Applications/Xcode.app/Contents/Developer/Toolchains/XcodeDefault.xctoolchain/usr/lib/swift/macosx -L/usr/lib/swift -Xlinker -add_ast_path -Xlinker /Users/nd/Library/Developer/Xcode/DerivedData/Stet-fbqwqmzpvnstjwernsgqykzlzypg/Build/Intermediates.noindex/FluidAudio.build/Debug/FluidAudio.build/Objects-normal/arm64/FluidAudio.swiftmodule @/Users/nd/Library/Developer/Xcode/DerivedData/Stet-fbqwqmzpvnstjwernsgqykzlzypg/Build/Intermediates.noindex/FluidAudio.build/Debug/FluidAudio.build/Objects-normal/arm64/FluidAudio-linker-args.resp -o /Users/nd/Library/Developer/Xcode/DerivedData/Stet-fbqwqmzpvnstjwernsgqykzlzypg/Build/Products/Debug/FluidAudio.o

ExtractAppIntentsMetadata (in target 'FluidAudio' from project 'FluidAudio')
    cd /Users/nd/Library/Developer/Xcode/DerivedData/Stet-fbqwqmzpvnstjwernsgqykzlzypg/SourcePackages/checkouts/FluidAudio
    /Applications/Xcode.app/Contents/Developer/Toolchains/XcodeDefault.xctoolchain/usr/bin/appintentsmetadataprocessor --toolchain-dir /var/run/com.apple.security.cryptexd/mnt/com.apple.MobileAsset.MetalToolchain-v17.5.188.0.XybBjs/Metal.xctoolchain --module-name FluidAudio --sdk-root /Applications/Xcode.app/Contents/Developer/Platforms/MacOSX.platform/Developer/SDKs/MacOSX26.4.sdk --xcode-version 17E202 --platform-family macOS --deployment-target 14.0 --bundle-identifier fluidaudio.FluidAudio --output /Users/nd/Library/Developer/Xcode/DerivedData/Stet-fbqwqmzpvnstjwernsgqykzlzypg/Build/Products/Debug/FluidAudio.appintents --target-triple arm64-apple-macos14.0 --binary-file /Users/nd/Library/Developer/Xcode/DerivedData/Stet-fbqwqmzpvnstjwernsgqykzlzypg/Build/Products/Debug/FluidAudio.o --dependency-file /Users/nd/Library/Developer/Xcode/DerivedData/Stet-fbqwqmzpvnstjwernsgqykzlzypg/Build/Intermediates.noindex/FluidAudio.build/Debug/FluidAudio.build/Objects-normal/arm64/FluidAudio_dependency_info.dat --stringsdata-file /Users/nd/Library/Developer/Xcode/DerivedData/Stet-fbqwqmzpvnstjwernsgqykzlzypg/Build/Intermediates.noindex/FluidAudio.build/Debug/FluidAudio.build/Objects-normal/arm64/ExtractedAppShortcutsMetadata.stringsdata --source-file-list /Users/nd/Library/Developer/Xcode/DerivedData/Stet-fbqwqmzpvnstjwernsgqykzlzypg/Build/Intermediates.noindex/FluidAudio.build/Debug/FluidAudio.build/Objects-normal/arm64/FluidAudio.SwiftFileList --metadata-file-list /Users/nd/Library/Developer/Xcode/DerivedData/Stet-fbqwqmzpvnstjwernsgqykzlzypg/Build/Intermediates.noindex/FluidAudio.build/Debug/FluidAudio.build/FluidAudio.DependencyMetadataFileList --static-metadata-file-list /Users/nd/Library/Developer/Xcode/DerivedData/Stet-fbqwqmzpvnstjwernsgqykzlzypg/Build/Intermediates.noindex/FluidAudio.build/Debug/FluidAudio.build/FluidAudio.DependencyStaticMetadataFileList --swift-const-vals-list /Users/nd/Library/Developer/Xcode/DerivedData/Stet-fbqwqmzpvnstjwernsgqykzlzypg/Build/Intermediates.noindex/FluidAudio.build/Debug/FluidAudio.build/Objects-normal/arm64/FluidAudio.SwiftConstValuesFileList --force --compile-time-extraction --deployment-aware-processing --validate-assistant-intents --no-app-shortcuts-localization
2026-04-20 02:43:13.432 appintentsmetadataprocessor[71288:2079795] Starting appintentsmetadataprocessor export
2026-04-20 02:43:13.467 appintentsmetadataprocessor[71288:2079795] Extracted no relevant App Intents symbols, skipping writing output

SwiftCompile normal arm64 Compiling\ SupabaseService.swift /Users/nd/Developer/stet-project/Stet/Stet/Core/Supabase/SupabaseService.swift (in target 'Stet' from project 'Stet')
SwiftCompile normal arm64 /Users/nd/Developer/stet-project/Stet/Stet/Core/Supabase/SupabaseService.swift (in target 'Stet' from project 'Stet')
    cd /Users/nd/Developer/stet-project/Stet
    

SwiftCompile normal arm64 Compiling\ MacAppModel.swift /Users/nd/Developer/stet-project/Stet/Stet/App/Lifecycle/MacAppModel.swift (in target 'Stet' from project 'Stet')

SwiftCompile normal arm64 /Users/nd/Developer/stet-project/Stet/Stet/App/Lifecycle/MacAppModel.swift (in target 'Stet' from project 'Stet')
    cd /Users/nd/Developer/stet-project/Stet
    

SwiftCompile normal arm64 Compiling\ AuthViewModel.swift /Users/nd/Developer/stet-project/Stet/Stet/Features/MacShell/Auth/AuthViewModel.swift (in target 'Stet' from project 'Stet')

SwiftCompile normal arm64 /Users/nd/Developer/stet-project/Stet/Stet/Features/MacShell/Auth/AuthViewModel.swift (in target 'Stet' from project 'Stet')
    cd /Users/nd/Developer/stet-project/Stet
    

SwiftCompile normal arm64 Compiling\ MacAppContracts.swift /Users/nd/Developer/stet-project/Stet/Stet/App/Lifecycle/MacAppContracts.swift (in target 'Stet' from project 'Stet')

SwiftCompile normal arm64 /Users/nd/Developer/stet-project/Stet/Stet/App/Lifecycle/MacAppContracts.swift (in target 'Stet' from project 'Stet')
    cd /Users/nd/Developer/stet-project/Stet
    

SwiftEmitModule normal arm64 Emitting\ module\ for\ Stet (in target 'Stet' from project 'Stet')

EmitSwiftModule normal arm64 (in target 'Stet' from project 'Stet')
    cd /Users/nd/Developer/stet-project/Stet
    

SwiftCompile normal arm64 Compiling\ StetApp.swift /Users/nd/Developer/stet-project/Stet/Stet/StetApp.swift (in target 'Stet' from project 'Stet')
Failed frontend command:
/Applications/Xcode.app/Contents/Developer/Toolchains/XcodeDefault.xctoolchain/usr/bin/swift-frontend -frontend -c -filelist /Users/nd/Library/Developer/Xcode/DerivedData/Stet-fbqwqmzpvnstjwernsgqykzlzypg/Build/Intermediates.noindex/Stet.build/Debug/Stet.build/Objects-normal/arm64/sources-1 -primary-file /Users/nd/Developer/stet-project/Stet/Stet/StetApp.swift -emit-dependencies-path /Users/nd/Library/Developer/Xcode/DerivedData/Stet-fbqwqmzpvnstjwernsgqykzlzypg/Build/Intermediates.noindex/Stet.build/Debug/Stet.build/Objects-normal/arm64/StetApp.d -emit-const-values-path /Users/nd/Library/Developer/Xcode/DerivedData/Stet-fbqwqmzpvnstjwernsgqykzlzypg/Build/Intermediates.noindex/Stet.build/Debug/Stet.build/Objects-normal/arm64/StetApp.swiftconstvalues -emit-reference-dependencies-path /Users/nd/Library/Developer/Xcode/DerivedData/Stet-fbqwqmzpvnstjwernsgqykzlzypg/Build/Intermediates.noindex/Stet.build/Debug/Stet.build/Objects-normal/arm64/StetApp.swiftdeps -serialize-diagnostics-path /Users/nd/Library/Developer/Xcode/DerivedData/Stet-fbqwqmzpvnstjwernsgqykzlzypg/Build/Intermediates.noindex/Stet.build/Debug/Stet.build/Objects-normal/arm64/StetApp.dia -emit-localized-strings -emit-localized-strings-path /Users/nd/Library/Developer/Xcode/DerivedData/Stet-fbqwqmzpvnstjwernsgqykzlzypg/Build/Intermediates.noindex/Stet.build/Debug/Stet.build/Objects-normal/arm64 -target arm64-apple-macos26.0 -module-can-import-version AppKit 2685.50.120 2685.50.120 -module-can-import-version DeveloperToolsSupport 23.40.26 23.40.26 -module-can-import-version SwiftUI 7.4.27 7.4.27 -load-resolved-plugin /Applications/Xcode.app/Contents/Developer/Platforms/MacOSX.platform/Developer/usr/lib/swift/host/plugins/libFoundationMacros.dylib\#/Applications/Xcode.app/Contents/Developer/Platforms/MacOSX.platform/Developer/usr/bin/swift-plugin-server\#FoundationMacros -load-resolved-plugin /Applications/Xcode.app/Contents/Developer/Platforms/MacOSX.platform/Developer/usr/lib/swift/host/plugins/libObservationMacros.dylib\#/Applications/Xcode.app/Contents/Developer/Platforms/MacOSX.platform/Developer/usr/bin/swift-plugin-server\#ObservationMacros -load-resolved-plugin /Applications/Xcode.app/Contents/Developer/Platforms/MacOSX.platform/Developer/usr/lib/swift/host/plugins/libPreviewsMacros.dylib\#/Applications/Xcode.app/Contents/Developer/Platforms/MacOSX.platform/Developer/usr/bin/swift-plugin-server\#PreviewsMacros -load-resolved-plugin /Applications/Xcode.app/Contents/Developer/Platforms/MacOSX.platform/Developer/usr/lib/swift/host/plugins/libSwiftDataMacros.dylib\#/Applications/Xcode.app/Contents/Developer/Platforms/MacOSX.platform/Developer/usr/bin/swift-plugin-server\#SwiftDataMacros -load-resolved-plugin /Applications/Xcode.app/Contents/Developer/Platforms/MacOSX.platform/Developer/usr/lib/swift/host/plugins/libSwiftMacros.dylib\#/Applications/Xcode.app/Contents/Developer/Platforms/MacOSX.platform/Developer/usr/bin/swift-plugin-server\#SwiftMacros -load-resolved-plugin /Applications/Xcode.app/Contents/Developer/Platforms/MacOSX.platform/Developer/usr/lib/swift/host/plugins/libSwiftUIMacros.dylib\#/Applications/Xcode.app/Contents/Developer/Platforms/MacOSX.platform/Developer/usr/bin/swift-plugin-server\#SwiftUIMacros -disable-implicit-swift-modules -Xcc -fno-implicit-modules -Xcc -fno-implicit-module-maps -explicit-swift-module-map-file /Users/nd/Library/Developer/Xcode/DerivedData/Stet-fbqwqmzpvnstjwernsgqykzlzypg/Build/Intermediates.noindex/Stet.build/Debug/Stet.build/Objects-normal/arm64/Stet-dependencies-1.json -debug-module-path /Users/nd/Library/Developer/Xcode/DerivedData/Stet-fbqwqmzpvnstjwernsgqykzlzypg/Build/Intermediates.noindex/Stet.build/Debug/Stet.build/Objects-normal/arm64/Stet.swiftmodule -Xllvm -aarch64-use-tbi -enable-objc-interop -stack-check -sdk /Applications/Xcode.app/Contents/Developer/Platforms/MacOSX.platform/Developer/SDKs/MacOSX26.4.sdk -I /Users/nd/Library/Developer/Xcode/DerivedData/Stet-fbqwqmzpvnstjwernsgqykzlzypg/Build/Products/Debug -F /Users/nd/Library/Developer/Xcode/DerivedData/Stet-fbqwqmzpvnstjwernsgqykzlzypg/Build/Products/Debug/PackageFrameworks -F /Users/nd/Library/Developer/Xcode/DerivedData/Stet-fbqwqmzpvnstjwernsgqykzlzypg/Build/Products/Debug/PackageFrameworks -F /Users/nd/Library/Developer/Xcode/DerivedData/Stet-fbqwqmzpvnstjwernsgqykzlzypg/Build/Products/Debug/PackageFrameworks -F /Users/nd/Library/Developer/Xcode/DerivedData/Stet-fbqwqmzpvnstjwernsgqykzlzypg/Build/Products/Debug/PackageFrameworks -F /Users/nd/Library/Developer/Xcode/DerivedData/Stet-fbqwqmzpvnstjwernsgqykzlzypg/Build/Products/Debug/PackageFrameworks -F /Users/nd/Library/Developer/Xcode/DerivedData/Stet-fbqwqmzpvnstjwernsgqykzlzypg/Build/Products/Debug/PackageFrameworks -F /Users/nd/Library/Developer/Xcode/DerivedData/Stet-fbqwqmzpvnstjwernsgqykzlzypg/Build/Products/Debug/PackageFrameworks -F /Users/nd/Library/Developer/Xcode/DerivedData/Stet-fbqwqmzpvnstjwernsgqykzlzypg/Build/Products/Debug/PackageFrameworks -F /Users/nd/Library/Developer/Xcode/DerivedData/Stet-fbqwqmzpvnstjwernsgqykzlzypg/Build/Products/Debug/PackageFrameworks -F /Users/nd/Library/Developer/Xcode/DerivedData/Stet-fbqwqmzpvnstjwernsgqykzlzypg/Build/Products/Debug/PackageFrameworks -F /Users/nd/Library/Developer/Xcode/DerivedData/Stet-fbqwqmzpvnstjwernsgqykzlzypg/Build/Products/Debug/PackageFrameworks -F /Users/nd/Library/Developer/Xcode/DerivedData/Stet-fbqwqmzpvnstjwernsgqykzlzypg/Build/Products/Debug/PackageFrameworks -F /Users/nd/Library/Developer/Xcode/DerivedData/Stet-fbqwqmzpvnstjwernsgqykzlzypg/Build/Products/Debug/PackageFrameworks -F /Users/nd/Library/Developer/Xcode/DerivedData/Stet-fbqwqmzpvnstjwernsgqykzlzypg/Build/Products/Debug/PackageFrameworks -F /Users/nd/Library/Developer/Xcode/DerivedData/Stet-fbqwqmzpvnstjwernsgqykzlzypg/Build/Products/Debug/PackageFrameworks -F /Users/nd/Library/Developer/Xcode/DerivedData/Stet-fbqwqmzpvnstjwernsgqykzlzypg/Build/Products/Debug/PackageFrameworks -F /Users/nd/Library/Developer/Xcode/DerivedData/Stet-fbqwqmzpvnstjwernsgqykzlzypg/Build/Products/Debug/PackageFrameworks -F /Users/nd/Library/Developer/Xcode/DerivedData/Stet-fbqwqmzpvnstjwernsgqykzlzypg/Build/Products/Debug/PackageFrameworks -F /Users/nd/Library/Developer/Xcode/DerivedData/Stet-fbqwqmzpvnstjwernsgqykzlzypg/Build/Products/Debug/PackageFrameworks -F /Users/nd/Library/Developer/Xcode/DerivedData/Stet-fbqwqmzpvnstjwernsgqykzlzypg/Build/Products/Debug/PackageFrameworks -F /Users/nd/Library/Developer/Xcode/DerivedData/Stet-fbqwqmzpvnstjwernsgqykzlzypg/Build/Products/Debug/PackageFrameworks -F /Users/nd/Library/Developer/Xcode/DerivedData/Stet-fbqwqmzpvnstjwernsgqykzlzypg/Build/Products/Debug/PackageFrameworks -F /Users/nd/Library/Developer/Xcode/DerivedData/Stet-fbqwqmzpvnstjwernsgqykzlzypg/Build/Products/Debug/PackageFrameworks -F /Users/nd/Library/Developer/Xcode/DerivedData/Stet-fbqwqmzpvnstjwernsgqykzlzypg/Build/Products/Debug/PackageFrameworks -F /Users/nd/Library/Developer/Xcode/DerivedData/Stet-fbqwqmzpvnstjwernsgqykzlzypg/Build/Products/Debug/PackageFrameworks -F /Users/nd/Library/Developer/Xcode/DerivedData/Stet-fbqwqmzpvnstjwernsgqykzlzypg/Build/Products/Debug/PackageFrameworks -F /Users/nd/Library/Developer/Xcode/DerivedData/Stet-fbqwqmzpvnstjwernsgqykzlzypg/Build/Products/Debug/PackageFrameworks -F /Users/nd/Library/Developer/Xcode/DerivedData/Stet-fbqwqmzpvnstjwernsgqykzlzypg/Build/Products/Debug/PackageFrameworks -F /Users/nd/Library/Developer/Xcode/DerivedData/Stet-fbqwqmzpvnstjwernsgqykzlzypg/Build/Products/Debug/PackageFrameworks -F /Users/nd/Library/Developer/Xcode/DerivedData/Stet-fbqwqmzpvnstjwernsgqykzlzypg/Build/Products/Debug/PackageFrameworks -F /Users/nd/Library/Developer/Xcode/DerivedData/Stet-fbqwqmzpvnstjwernsgqykzlzypg/Build/Products/Debug/PackageFrameworks -F /Users/nd/Library/Developer/Xcode/DerivedData/Stet-fbqwqmzpvnstjwernsgqykzlzypg/Build/Products/Debug/PackageFrameworks -F /Users/nd/Library/Developer/Xcode/DerivedData/Stet-fbqwqmzpvnstjwernsgqykzlzypg/Build/Products/Debug/PackageFrameworks -F /Users/nd/Library/Developer/Xcode/DerivedData/Stet-fbqwqmzpvnstjwernsgqykzlzypg/Build/Products/Debug/PackageFrameworks -F /Users/nd/Library/Developer/Xcode/DerivedData/Stet-fbqwqmzpvnstjwernsgqykzlzypg/Build/Products/Debug/PackageFrameworks -F /Users/nd/Library/Developer/Xcode/DerivedData/Stet-fbqwqmzpvnstjwernsgqykzlzypg/Build/Products/Debug/PackageFrameworks -F /Users/nd/Library/Developer/Xcode/DerivedData/Stet-fbqwqmzpvnstjwernsgqykzlzypg/Build/Products/Debug/PackageFrameworks -F /Users/nd/Library/Developer/Xcode/DerivedData/Stet-fbqwqmzpvnstjwernsgqykzlzypg/Build/Products/Debug/PackageFrameworks -F /Users/nd/Library/Developer/Xcode/DerivedData/Stet-fbqwqmzpvnstjwernsgqykzlzypg/Build/Products/Debug/PackageFrameworks -F /Users/nd/Library/Developer/Xcode/DerivedData/Stet-fbqwqmzpvnstjwernsgqykzlzypg/Build/Products/Debug/PackageFrameworks -F /Users/nd/Library/Developer/Xcode/DerivedData/Stet-fbqwqmzpvnstjwernsgqykzlzypg/Build/Products/Debug/PackageFrameworks -F /Users/nd/Library/Developer/Xcode/DerivedData/Stet-fbqwqmzpvnstjwernsgqykzlzypg/Build/Products/Debug/PackageFrameworks -F /Users/nd/Library/Developer/Xcode/DerivedData/Stet-fbqwqmzpvnstjwernsgqykzlzypg/Build/Products/Debug -no-color-diagnostics -Xcc -fno-color-diagnostics -enable-testing -g -debug-info-format\=dwarf -dwarf-version\=5 -module-cache-path /Users/nd/Library/Developer/Xcode/DerivedData/Stet-fbqwqmzpvnstjwernsgqykzlzypg/Build/Intermediates.noindex/SwiftExplicitPrecompiledModules -profile-generate -profile-coverage-mapping -swift-version 5 -Onone -D DEBUG -serialize-debugging-options -const-gather-protocols-file /Users/nd/Library/Developer/Xcode/DerivedData/Stet-fbqwqmzpvnstjwernsgqykzlzypg/Build/Intermediates.noindex/Stet.build/Debug/Stet.build/Objects-normal/arm64/Stet_const_extract_protocols.json -enable-upcoming-feature DisableOutwardActorInference -enable-upcoming-feature InferSendableFromCaptures -enable-upcoming-feature GlobalActorIsolatedTypesUsability -enable-upcoming-feature MemberImportVisibility -enable-upcoming-feature InferIsolatedConformances -enable-upcoming-feature NonisolatedNonsendingByDefault -enable-experimental-feature DebugDescriptionMacro -enable-bare-slash-regex -default-isolation\=MainActor -empty-abi-descriptor -validate-clang-modules-once -clang-build-session-file /Users/nd/Library/Developer/Xcode/DerivedData/ModuleCache.noindex/Session.modulevalidation -Xcc -working-directory -Xcc /Users/nd/Developer/stet-project/Stet -enable-anonymous-context-mangled-names -file-compilation-dir /Users/nd/Developer/stet-project/Stet -Xcc -fmodule-map-file\=/Users/nd/Library/Developer/Xcode/DerivedData/Stet-fbqwqmzpvnstjwernsgqykzlzypg/Build/Intermediates.noindex/GeneratedModuleMaps/CNIOWASI.modulemap -Xcc -fmodule-map-file\=/Users/nd/Library/Developer/Xcode/DerivedData/Stet-fbqwqmzpvnstjwernsgqykzlzypg/Build/Intermediates.noindex/GeneratedModuleMaps/CNIOLinux.modulemap -Xcc -fmodule-map-file\=/Users/nd/Library/Developer/Xcode/DerivedData/Stet-fbqwqmzpvnstjwernsgqykzlzypg/Build/Intermediates.noindex/GeneratedModuleMaps/CNIODarwin.modulemap -Xcc -fmodule-map-file\=/Users/nd/Library/Developer/Xcode/DerivedData/Stet-fbqwqmzpvnstjwernsgqykzlzypg/Build/Intermediates.noindex/GeneratedModuleMaps/CNIOOpenBSD.modulemap -Xcc -fmodule-map-file\=/Users/nd/Library/Developer/Xcode/DerivedData/Stet-fbqwqmzpvnstjwernsgqykzlzypg/Build/Intermediates.noindex/GeneratedModuleMaps/CNIOAtomics.modulemap -Xcc -fmodule-map-file\=/Users/nd/Library/Developer/Xcode/DerivedData/Stet-fbqwqmzpvnstjwernsgqykzlzypg/Build/Intermediates.noindex/GeneratedModuleMaps/yyjson.modulemap -Xcc -D_LIBCPP_HARDENING_MODE\=_LIBCPP_HARDENING_MODE_DEBUG -Xcc -ivfsstatcache -Xcc /Users/nd/Library/Developer/Xcode/DerivedData/SDKStatCaches.noindex/macosx26.4-25E251-688ef53f1462e2c8f657fdc38a81448f30f9ca8789b706f8bd3fc906a70d770f.sdkstatcache -Xcc -I/Users/nd/Library/Developer/Xcode/DerivedData/Stet-fbqwqmzpvnstjwernsgqykzlzypg/Build/Intermediates.noindex/Stet.build/Debug/Stet.build/swift-overrides.hmap -Xcc -iquote -Xcc /Users/nd/Library/Developer/Xcode/DerivedData/Stet-fbqwqmzpvnstjwernsgqykzlzypg/Build/Intermediates.noindex/Stet.build/Debug/Stet.build/Stet\ Debug-generated-files.hmap -Xcc -I/Users/nd/Library/Developer/Xcode/DerivedData/Stet-fbqwqmzpvnstjwernsgqykzlzypg/Build/Intermediates.noindex/Stet.build/Debug/Stet.build/Stet\ Debug-own-target-headers.hmap -Xcc -I/Users/nd/Library/Developer/Xcode/DerivedData/Stet-fbqwqmzpvnstjwernsgqykzlzypg/Build/Intermediates.noindex/Stet.build/Debug/Stet.build/Stet\ Debug-all-non-framework-target-headers.hmap -Xcc -ivfsoverlay -Xcc /Users/nd/Library/Developer/Xcode/DerivedData/Stet-fbqwqmzpvnstjwernsgqykzlzypg/Build/Intermediates.noindex/Stet.build/Debug/Stet-38011ed4f85a10a556e72240f4df1965-VFS/all-product-headers.yaml -Xcc -iquote -Xcc /Users/nd/Library/Developer/Xcode/DerivedData/Stet-fbqwqmzpvnstjwernsgqykzlzypg/Build/Intermediates.noindex/Stet.build/Debug/Stet.build/Stet\ Debug-project-headers.hmap -Xcc -I/Users/nd/Library/Developer/Xcode/DerivedData/Stet-fbqwqmzpvnstjwernsgqykzlzypg/SourcePackages/checkouts/swift-atomics/Sources/_AtomicsShims/include -Xcc -I/Users/nd/Library/Developer/Xcode/DerivedData/Stet-fbqwqmzpvnstjwernsgqykzlzypg/SourcePackages/checkouts/swift-nio/Sources/CNIOWASI/include -Xcc -I/Users/nd/Library/Developer/Xcode/DerivedData/Stet-fbqwqmzpvnstjwernsgqykzlzypg/SourcePackages/checkouts/swift-nio/Sources/CNIOWindows/include -Xcc -I/Users/nd/Library/Developer/Xcode/DerivedData/Stet-fbqwqmzpvnstjwernsgqykzlzypg/SourcePackages/checkouts/swift-nio/Sources/CNIOLinux/include -Xcc -I/Users/nd/Library/Developer/Xcode/DerivedData/Stet-fbqwqmzpvnstjwernsgqykzlzypg/SourcePackages/checkouts/swift-nio/Sources/CNIODarwin/include -Xcc -I/Users/nd/Library/Developer/Xcode/DerivedData/Stet-fbqwqmzpvnstjwernsgqykzlzypg/SourcePackages/checkouts/swift-nio/Sources/CNIOOpenBSD/include -Xcc -I/Users/nd/Library/Developer/Xcode/DerivedData/Stet-fbqwqmzpvnstjwernsgqykzlzypg/SourcePackages/checkouts/swift-nio/Sources/CNIOAtomics/include -Xcc -I/Users/nd/Library/Developer/Xcode/DerivedData/Stet-fbqwqmzpvnstjwernsgqykzlzypg/SourcePackages/checkouts/yyjson/src -Xcc -I/Users/nd/Library/Developer/Xcode/DerivedData/Stet-fbqwqmzpvnstjwernsgqykzlzypg/SourcePackages/checkouts/FluidAudio/Sources/MachTaskSelfWrapper/include -Xcc -I/Users/nd/Library/Developer/Xcode/DerivedData/Stet-fbqwqmzpvnstjwernsgqykzlzypg/SourcePackages/checkouts/FluidAudio/Sources/FastClusterWrapper/include -Xcc -I/Users/nd/Library/Developer/Xcode/DerivedData/Stet-fbqwqmzpvnstjwernsgqykzlzypg/Build/Products/Debug/include -Xcc -I/Users/nd/Library/Developer/Xcode/DerivedData/Stet-fbqwqmzpvnstjwernsgqykzlzypg/Build/Intermediates.noindex/Stet.build/Debug/Stet.build/DerivedSources-normal/arm64 -Xcc -I/Users/nd/Library/Developer/Xcode/DerivedData/Stet-fbqwqmzpvnstjwernsgqykzlzypg/Build/Intermediates.noindex/Stet.build/Debug/Stet.build/DerivedSources/arm64 -Xcc -I/Users/nd/Library/Developer/Xcode/DerivedData/Stet-fbqwqmzpvnstjwernsgqykzlzypg/Build/Intermediates.noindex/Stet.build/Debug/Stet.build/DerivedSources -Xcc -DDEBUG\=1 -no-auto-bridging-header-chaining -module-name Stet -frontend-parseable-output -disable-clang-spi -clang-target arm64-apple-macos26.4 -target-sdk-version 26.4 -target-sdk-name macosx26.4 -in-process-plugin-server-path /Applications/Xcode.app/Contents/Developer/Toolchains/XcodeDefault.xctoolchain/usr/lib/swift/host/libSwiftInProcPluginServer.dylib -o /Users/nd/Library/Developer/Xcode/DerivedData/Stet-fbqwqmzpvnstjwernsgqykzlzypg/Build/Intermediates.noindex/Stet.build/Debug/Stet.build/Objects-normal/arm64/StetApp.o -index-unit-output-path /Stet.build/Debug/Stet.build/Objects-normal/arm64/StetApp.o -index-store-path /Users/nd/Library/Developer/Xcode/DerivedData/Stet-fbqwqmzpvnstjwernsgqykzlzypg/Index.noindex/DataStore -index-system-modules

SwiftCompile normal arm64 /Users/nd/Developer/stet-project/Stet/Stet/StetApp.swift (in target 'Stet' from project 'Stet')
    cd /Users/nd/Developer/stet-project/Stet
    
/Users/nd/Developer/stet-project/Stet/Stet/StetApp.swift:79:14: error: value of type 'some Scene' has no member 'onOpenURL'
            .onOpenURL { url in
             ^~~~~~~~~

RegisterExecutionPolicyException /Users/nd/Library/Developer/Xcode/DerivedData/Stet-fbqwqmzpvnstjwernsgqykzlzypg/Build/Products/Debug/FluidAudio.o (in target 'FluidAudio' from project 'FluidAudio')
    cd /Users/nd/Library/Developer/Xcode/DerivedData/Stet-fbqwqmzpvnstjwernsgqykzlzypg/SourcePackages/checkouts/FluidAudio
    builtin-RegisterExecutionPolicyException /Users/nd/Library/Developer/Xcode/DerivedData/Stet-fbqwqmzpvnstjwernsgqykzlzypg/Build/Products/Debug/FluidAudio.o

** BUILD FAILED **


The following build commands failed:
	SwiftCompile normal arm64 Compiling\ StetApp.swift /Users/nd/Developer/stet-project/Stet/Stet/StetApp.swift (in target 'Stet' from project 'Stet')
	SwiftCompile normal arm64 /Users/nd/Developer/stet-project/Stet/Stet/StetApp.swift (in target 'Stet' from project 'Stet')
	Building project Stet with scheme Stet
(3 failures)
